Component: ARM Compiler 5.06 update 6 (build 750) Tool: armlink [4d35ed]

==============================================================================

Section Cross References

    main.o(i.camera_new_pathname) refers to _printf_pad.o(.text) for _printf_pre_padding
    main.o(i.camera_new_pathname) refers to _printf_percent.o(.ARM.Collect$$_printf_percent$$00000000) for _printf_percent
    main.o(i.camera_new_pathname) refers to _printf_d.o(.ARM.Collect$$_printf_percent$$00000009) for _printf_d
    main.o(i.camera_new_pathname) refers to _printf_dec.o(.text) for _printf_int_dec
    main.o(i.camera_new_pathname) refers to noretval__2sprintf.o(.text) for __2sprintf
    main.o(i.camera_new_pathname) refers to ff.o(i.f_open) for f_open
    main.o(i.camera_new_pathname) refers to exfuns.o(.data) for ftemp
    main.o(i.jpeg_data_process) refers to dcmi.o(i.DCMI_Stop) for DCMI_Stop
    main.o(i.jpeg_data_process) refers to lcd.o(i.LCD_SetCursor) for LCD_SetCursor
    main.o(i.jpeg_data_process) refers to lcd.o(i.LCD_WriteRAM_Prepare) for LCD_WriteRAM_Prepare
    main.o(i.jpeg_data_process) refers to main.o(.data) for .data
    main.o(i.jpeg_data_process) refers to dcmi.o(.bss) for DMADMCI_Handler
    main.o(i.jpeg_data_process) refers to ltdc.o(.bss) for lcdltdc
    main.o(i.jpeg_dcmi_rx_callback) refers to main.o(.data) for .data
    main.o(i.jpeg_dcmi_rx_callback) refers to dcmi.o(.bss) for DMADMCI_Handler
    main.o(i.main) refers to stm32f4xx_hal.o(i.HAL_Init) for HAL_Init
    main.o(i.main) refers to sys.o(i.Stm32_Clock_Init) for Stm32_Clock_Init
    main.o(i.main) refers to delay.o(i.delay_init) for delay_init
    main.o(i.main) refers to usart.o(i.uart_init) for uart_init
    main.o(i.main) refers to led.o(i.LED_Init) for LED_Init
    main.o(i.main) refers to key.o(i.KEY_Init) for KEY_Init
    main.o(i.main) refers to beep.o(i.BEEP_Init) for BEEP_Init
    main.o(i.main) refers to tpad.o(i.TPAD_Init) for TPAD_Init
    main.o(i.main) refers to sdram.o(i.SDRAM_Init) for SDRAM_Init
    main.o(i.main) refers to lcd.o(i.LCD_Init) for LCD_Init
    main.o(i.main) refers to ov5640.o(i.OV5640_Init) for OV5640_Init
    main.o(i.main) refers to main.o(i.sw_sdcard_mode) for sw_sdcard_mode
    main.o(i.main) refers to w25qxx.o(i.W25QXX_Init) for W25QXX_Init
    main.o(i.main) refers to malloc.o(i.my_mem_init) for my_mem_init
    main.o(i.main) refers to exfuns.o(i.exfuns_init) for exfuns_init
    main.o(i.main) refers to lcd.o(i.LCD_ShowString) for LCD_ShowString
    main.o(i.main) refers to delay.o(i.delay_ms) for delay_ms
    main.o(i.main) refers to lcd.o(i.LCD_Fill) for LCD_Fill
    main.o(i.main) refers to fontupd.o(i.font_init) for font_init
    main.o(i.main) refers to text.o(i.Show_Str) for Show_Str
    main.o(i.main) refers to malloc.o(i.mymalloc) for mymalloc
    main.o(i.main) refers to ov5640.o(i.OV5640_RGB565_Mode) for OV5640_RGB565_Mode
    main.o(i.main) refers to ov5640.o(i.OV5640_Focus_Init) for OV5640_Focus_Init
    main.o(i.main) refers to ov5640.o(i.OV5640_Light_Mode) for OV5640_Light_Mode
    main.o(i.main) refers to ov5640.o(i.OV5640_Color_Saturation) for OV5640_Color_Saturation
    main.o(i.main) refers to ov5640.o(i.OV5640_Brightness) for OV5640_Brightness
    main.o(i.main) refers to ov5640.o(i.OV5640_Contrast) for OV5640_Contrast
    main.o(i.main) refers to ov5640.o(i.OV5640_Sharpness) for OV5640_Sharpness
    main.o(i.main) refers to ov5640.o(i.OV5640_Focus_Constant) for OV5640_Focus_Constant
    main.o(i.main) refers to dcmi.o(i.DCMI_Init) for DCMI_Init
    main.o(i.main) refers to dcmi.o(i.DCMI_DMA_Init) for DCMI_DMA_Init
    main.o(i.main) refers to ov5640.o(i.OV5640_OutSize_Set) for OV5640_OutSize_Set
    main.o(i.main) refers to dcmi.o(i.DCMI_Start) for DCMI_Start
    main.o(i.main) refers to key.o(i.KEY_Scan) for KEY_Scan
    main.o(i.main) refers to noretval__2sprintf.o(.text) for __2sprintf
    main.o(i.main) refers to tpad.o(i.TPAD_Scan) for TPAD_Scan
    main.o(i.main) refers to ov5640.o(i.OV5640_Focus_Single) for OV5640_Focus_Single
    main.o(i.main) refers to stm32f4xx_hal.o(i.HAL_Delay) for HAL_Delay
    main.o(i.main) refers to lcd.o(.data) for POINT_COLOR
    main.o(i.main) refers to main.o(.data) for .data
    main.o(i.main) refers to ltdc.o(.bss) for lcdltdc
    main.o(i.main) refers to lcd.o(.bss) for lcddev
    main.o(i.main) refers to main.o(i.rgblcd_dcmi_rx_callback) for rgblcd_dcmi_rx_callback
    main.o(i.main) refers to dcmi.o(.data) for dcmi_rx_callback
    main.o(i.ov5640_jpg_photo) refers to _printf_percent.o(.ARM.Collect$$_printf_percent$$00000000) for _printf_percent
    main.o(i.ov5640_jpg_photo) refers to _printf_d.o(.ARM.Collect$$_printf_percent$$00000009) for _printf_d
    main.o(i.ov5640_jpg_photo) refers to _printf_dec.o(.text) for _printf_int_dec
    main.o(i.ov5640_jpg_photo) refers to malloc.o(i.mymalloc) for mymalloc
    main.o(i.ov5640_jpg_photo) refers to main.o(i.sw_ov5640_mode) for sw_ov5640_mode
[...]
    STACK                                    0x2002af18   Section     1024  startup_stm32f429xx.o(STACK)
    Stack_Mem                                0x2002af18   Data        1024  startup_stm32f429xx.o(STACK)
    __initial_sp                             0x2002b318   Data           0  startup_stm32f429xx.o(STACK)
    .ARM.__AT_0xC0000000                     0xc0000000   Section    2048000  ltdc.o(.ARM.__AT_0xC0000000)
    .ARM.__AT_0xC01F4000                     0xc01f4000   Section    29605888  malloc.o(.ARM.__AT_0xC01F4000)
    .ARM.__AT_0xC1E30000                     0xc1e30000   Section    1850368  malloc.o(.ARM.__AT_0xC1E30000)

    Global Symbols

    Symbol Name                              Value     Ov Type        Size  Object(Section)

    BuildAttributes$$THM_ISAv4$E$P$D$K$B$S$7EM$VFPi3$EXTD16$VFPS$VFMA$PE$A:L22UL41UL21$X:L11$S22US41US21$IEEE1$IW$USESV6$~STKCKD$USESV7$~SHL$OSPACE$ROPI$EBA8$UX$STANDARDLIB$REQ8$PRES8$EABIv2 0x00000000   Number         0  anon$$obj.o ABSOLUTE
    __ARM_use_no_argv                        0x00000000   Number         0  main.o ABSOLUTE
    _printf_flags                            0x00000000   Number         0  printf_stubs.o ABSOLUTE
    _printf_return_value                     0x00000000   Number         0  printf_stubs.o ABSOLUTE
    _printf_sizespec                         0x00000000   Number         0  printf_stubs.o ABSOLUTE
    _printf_widthprec                        0x00000000   Number         0  printf_stubs.o ABSOLUTE
    __ARM_exceptions_init                     - Undefined Weak Reference
    __alloca_initialize                       - Undefined Weak Reference
    __arm_preinit_                            - Undefined Weak Reference
    __cpp_initialize__aeabi_                  - Undefined Weak Reference
    __cxa_finalize                            - Undefined Weak Reference
    __rt_locale                               - Undefined Weak Reference
    __sigvec_lookup                           - Undefined Weak Reference
    _atexit_init                              - Undefined Weak Reference
    _call_atexit_fns                          - Undefined Weak Reference
    _clock_init                               - Undefined Weak Reference
    _fp_trap_init                             - Undefined Weak Reference
    _fp_trap_shutdown                         - Undefined Weak Reference
    _get_lc_collate                           - Undefined Weak Reference
    _get_lc_ctype                             - Undefined Weak Reference
    _get_lc_monetary                          - Undefined Weak Reference
    _get_lc_numeric                           - Undefined Weak Reference
    _get_lc_time                              - Undefined Weak Reference
    _getenv_init                              - Undefined Weak Reference
    _handle_redirection                       - Undefined Weak Reference
    _init_alloc                               - Undefined Weak Reference
    _init_user_alloc                          - Undefined Weak Reference
    _initio                                   - Undefined Weak Reference
    _mutex_acquire                            - Undefined Weak Reference
    _mutex_release                            - Undefined Weak Reference
    _printf_mbtowc                            - Undefined Weak Reference
    _printf_truncate_signed                   - Undefined Weak Reference
    _printf_truncate_unsigned                 - Undefined Weak Reference
    _rand_init                                - Undefined Weak Reference
    _signal_finish                            - Undefined Weak Reference
    _signal_init                              - Undefined Weak Reference
    _terminate_alloc                          - Undefined Weak Reference
    _terminate_user_alloc                     - Undefined Weak Reference
    _terminateio                              - Undefined Weak Reference
    __Vectors_Size                           0x000001ac   Number         0  startup_stm32f429xx.o ABSOLUTE
    __Vectors                                0x08000000   Data           4  startup_stm32f429xx.o(RESET)
    __Vectors_End                            0x080001ac   Data           0  startup_stm32f429xx.o(RESET)
    __main                                   0x080001ad   Thumb Code     8  __main.o(!!!main)
    __scatterload                            0x080001b5   Thumb Code     0  __scatter.o(!!!scatter)
    __scatterload_rt2                        0x080001b5   Thumb Code    44  __scatter.o(!!!scatter)
    __scatterload_rt2_thumb_only             0x080001b5   Thumb Code     0  __scatter.o(!!!scatter)
    __scatterload_null                       0x080001c3   Thumb Code     0  __scatter.o(!!!scatter)
    __scatterload_copy                       0x080001e9   Thumb Code    26  __scatter_copy.o(!!handler_copy)
    __scatterload_zeroinit                   0x08000205   Thumb Code    28  __scatter_zi.o(!!handler_zi)
    _printf_d                                0x08000221   Thumb Code     0  _printf_d.o(.ARM.Collect$$_printf_percent$$00000009)
    _printf_percent                          0x08000221   Thumb Code     0  _printf_percent.o(.ARM.Collect$$_printf_percent$$00000000)
    _printf_x                                0x08000227   Thumb Code     0  _printf_x.o(.ARM.Collect$$_printf_percent$$0000000C)
    _printf_percent_end                      0x0800022d   Thumb Code     0  _printf_percent_end.o(.ARM.Collect$$_printf_percent$$00000017)
    __rt_lib_init                            0x08000231   Thumb Code     0  libinit.o(.ARM.Collect$$libinit$$00000000)
    __rt_lib_init_fp_1                       0x08000233   Thumb Code     0  libinit2.o(.ARM.Collect$$libinit$$00000001)
    __rt_lib_init_alloca_1                   0x08000237   Thumb Code     0  libinit2.o(.ARM.Collect$$libinit$$0000002E)
    __rt_lib_init_argv_1                     0x08000237   Thumb Code     0  libinit2.o(.ARM.Collect$$libinit$$0000002C)
    __rt_lib_init_atexit_1                   0x08000237   Thumb Code     0  libinit2.o(.ARM.Collect$$libinit$$0000001B)
    __rt_lib_init_clock_1                    0x08000237   Thumb Code     0  libinit2.o(.ARM.Collect$$libinit$$00000021)
    __rt_lib_init_cpp_1                      0x08000237   Thumb Code     0  libinit2.o(.ARM.Collect$$libinit$$00000032)
    __rt_lib_init_exceptions_1               0x08000237   Thumb Code     0  libinit2.o(.ARM.Collect$$libinit$$00000030)
    __rt_lib_init_fp_trap_1                  0x08000237   Thumb Code     0  libinit2.o(.ARM.Collect$$libinit$$0000001F)
    __rt_lib_init_getenv_1                   0x08000237   Thumb Code     0  libinit2.o(.ARM.Collect$$libinit$$00000023)
    __rt_lib_init_heap_1                     0x08000237   Thumb Code     0  libinit2.o(.ARM.Collect$$libinit$$0000000A)
    __rt_lib_init_lc_collate_1               0x08000237   Thumb Code     0  libinit2.o(.ARM.Collect$$libinit$$00000011)
    __rt_lib_init_lc_ctype_1                 0x08000237   Thumb Code     0  libinit2.o(.ARM.Collect$$libinit$$00000013)
    __rt_lib_init_lc_monetary_1              0x08000237   Thumb Code     0  libinit2.o(.ARM.Collect$$libinit$$00000015)
    __rt_lib_init_lc_numeric_1               0x08000237   Thumb Code     0  libinit2.o(.ARM.Collect$$libinit$$00000017)
    __rt_lib_init_lc_time_1                  0x08000237   Thumb Code     0  libinit2.o(.ARM.Collect$$libinit$$00000019)
    __rt_lib_init_preinit_1                  0x08000237   Thumb Code     0  libinit2.o(.ARM.Collect$$libinit$$00000004)
    __rt_lib_init_rand_1                     0x08000237   Thumb Code     0  libinit2.o(.ARM.Collect$$libinit$$0000000E)
    __rt_lib_init_return                     0x08000237   Thumb Code     0  libinit2.o(.ARM.Collect$$libinit$$00000033)
    __rt_lib_init_signal_1                   0x08000237   Thumb Code     0  libinit2.o(.ARM.Collect$$libinit$$0000001D)
    __rt_lib_init_stdio_1                    0x08000237   Thumb Code     0  libinit2.o(.ARM.Collect$$libinit$$00000025)
    __rt_lib_init_user_alloc_1               0x08000237   Thumb Code     0  libinit2.o(.ARM.Collect$$libinit$$0000000C)
    __rt_lib_shutdown                        0x08000239   Thumb Code     0  libshutdown.o(.ARM.Collect$$libshutdown$$00000000)
    __rt_lib_shutdown_cpp_1                  0x0800023b   Thumb Code     0  libshutdown2.o(.ARM.Collect$$libshutdown$$00000002)
    __rt_lib_shutdown_fp_trap_1              0x0800023b   Thumb Code     0  libshutdown2.o(.ARM.Collect$$libshutdown$$00000007)
    __rt_lib_shutdown_heap_1                 0x0800023b   Thumb Code     0  libshutdown2.o(.ARM.Collect$$libshutdown$$0000000F)
    __rt_lib_shutdown_return                 0x0800023b   Thumb Code     0  libshutdown2.o(.ARM.Collect$$libshutdown$$00000010)
    __rt_lib_shutdown_signal_1               0x0800023b   Thumb Code     0  libshutdown2.o(.ARM.Collect$$libshutdown$$0000000A)
    __rt_lib_shutdown_stdio_1                0x0800023b   Thumb Code     0  libshutdown2.o(.ARM.Collect$$libshutdown$$00000004)
    __rt_lib_shutdown_user_alloc_1           0x0800023b   Thumb Code     0  libshutdown2.o(.ARM.Collect$$libshutdown$$0000000C)
    __rt_entry                               0x0800023d   Thumb Code     0  __rtentry.o(.ARM.Collect$$rtentry$$00000000)
    __rt_entry_presh_1                       0x0800023d   Thumb Code     0  __rtentry2.o(.ARM.Collect$$rtentry$$00000002)
    __rt_entry_sh                            0x0800023d   Thumb Code     0  __rtentry4.o(.ARM.Collect$$rtentry$$00000004)
    __rt_entry_li                            0x08000243   Thumb Code     0  __rtentry2.o(.ARM.Collect$$rtentry$$0000000A)
    __rt_entry_postsh_1                      0x08000243   Thumb Code     0  __rtentry2.o(.ARM.Collect$$rtentry$$00000009)
    __rt_entry_main                          0x08000247   Thumb Code     0  __rtentry2.o(.ARM.Collect$$rtentry$$0000000D)
    __rt_entry_postli_1                      0x08000247   Thumb Code     0  __rtentry2.o(.ARM.Collect$$rtentry$$0000000C)
    __rt_exit                                0x0800024f   Thumb Code     0  rtexit.o(.ARM.Collect$$rtexit$$00000000)
    __rt_exit_ls                             0x08000251   Thumb Code     0  rtexit2.o(.ARM.Collect$$rtexit$$00000003)
    __rt_exit_prels_1                        0x08000251   Thumb Code     0  rtexit2.o(.ARM.Collect$$rtexit$$00000002)
    __rt_exit_exit                           0x08000255   Thumb Code     0  rtexit2.o(.ARM.Collect$$rtexit$$00000004)
    Reset_Handler                            0x0800025d   Thumb Code     8  startup_stm32f429xx.o(.text)
    ADC_IRQHandler                           0x08000277   Thumb Code     0  startup_stm32f429xx.o(.text)
    CAN1_RX0_IRQHandler                      0x08000277   Thumb Code     0  startup_stm32f429xx.o(.text)
    CAN1_RX1_IRQHandler                      0x08000277   Thumb Code     0  startup_stm32f429xx.o(.text)
    CAN1_SCE_IRQHandler                      0x08000277   Thumb Code     0  startup_stm32f429xx.o(.text)
    CAN1_TX_IRQHandler                       0x08000277   Thumb Code     0  startup_stm32f429xx.o(.text)
    CAN2_RX0_IRQHandler                      0x08000277   Thumb Code     0  startup_stm32f429xx.o(.text)
    CAN2_RX1_IRQHandler                      0x08000277   Thumb Code     0  startup_stm32f429xx.o(.text)
    CAN2_SCE_IRQHandler                      0x08000277   Thumb Code     0  startup_stm32f429xx.o(.text)
    CAN2_TX_IRQHandler                       0x08000277   Thumb Code     0  startup_stm32f429xx.o(.text)
    DMA1_Stream0_IRQHandler                  0x08000277   Thumb Code     0  startup_stm32f429xx.o(.text)
    DMA1_Stream1_IRQHandler                  0x08000277   Thumb Code     0  startup_stm32f429xx.o(.text)
    DMA1_Stream2_IRQHandler                  0x08000277   Thumb Code     0  startup_stm32f429xx.o(.text)
    DMA1_Stream3_IRQHandler                  0x08000277   Thumb Code     0  startup_stm32f429xx.o(.text)
    DMA1_Stream4_IRQHandler                  0x08000277   Thumb Code     0  startup_stm32f429xx.o(.text)
    DMA1_Stream5_IRQHandler                  0x08000277   Thumb Code     0  startup_stm32f429xx.o(.text)
    DMA1_Stream6_IRQHandler                  0x08000277   Thumb Code     0  startup_stm32f429xx.o(.text)
    DMA1_Stream7_IRQHandler                  0x08000277   Thumb Code     0  startup_stm32f429xx.o(.text)
    DMA2D_IRQHandler                         0x08000277   Thumb Code     0  startup_stm32f429xx.o(.text)
    DMA2_Stream0_IRQHandler                  0x08000277   Thumb Code     0  startup_stm32f429xx.o(.text)
    DMA2_Stream2_IRQHandler                  0x08000277   Thumb Code     0  startup_stm32f429xx.o(.text)
    DMA2_Stream3_IRQHandler                  0x08000277   Thumb Code     0  startup_stm32f429xx.o(.text)
    DMA2_Stream4_IRQHandler                  0x08000277   Thumb Code     0  startup_stm32f429xx.o(.text)
    DMA2_Stream5_IRQHandler                  0x08000277   Thumb Code     0  startup_stm32f429xx.o(.text)
    DMA2_Stream6_IRQHandler                  0x08000277   Thumb Code     0  startup_stm32f429xx.o(.text)
    DMA2_Stream7_IRQHandler                  0x08000277   Thumb Code     0  startup_stm32f429xx.o(.text)
    ETH_IRQHandler                           0x08000277   Thumb Code     0  startup_stm32f429xx.o(.text)
    ETH_WKUP_IRQHandler                      0x08000277   Thumb Code     0  startup_stm32f429xx.o(.text)
    EXTI0_IRQHandler                         0x08000277   Thumb Code     0  startup_stm32f429xx.o(.text)
    EXTI15_10_IRQHandler                     0x08000277   Thumb Code     0  startup_stm32f429xx.o(.text)
    EXTI1_IRQHandler                         0x08000277   Thumb Code     0  startup_stm32f429xx.o(.text)
    EXTI2_IRQHandler                         0x08000277   Thumb Code     0  startup_stm32f429xx.o(.text)
    EXTI3_IRQHandler                         0x08000277   Thumb Code     0  startup_stm32f429xx.o(.text)
    EXTI4_IRQHandler                         0x08000277   Thumb Code     0  startup_stm32f429xx.o(.text)
    EXTI9_5_IRQHandler                       0x08000277   Thumb Code     0  startup_stm32f429xx.o(.text)
    FLASH_IRQHandler                         0x08000277   Thumb Code     0  startup_stm32f429xx.o(.text)
    FMC_IRQHandler                           0x08000277   Thumb Code     0  startup_stm32f429xx.o(.text)
    FPU_IRQHandler                           0x08000277   Thumb Code     0  startup_stm32f429xx.o(.text)
    HASH_RNG_IRQHandler                      0x08000277   Thumb Code     0  startup_stm32f429xx.o(.text)
    I2C1_ER_IRQHandler                       0x08000277   Thumb Code     0  startup_stm32f429xx.o(.text)
    I2C1_EV_IRQHandler                       0x08000277   Thumb Code     0  startup_stm32f429xx.o(.text)
    I2C2_ER_IRQHandler                       0x08000277   Thumb Code     0  startup_stm32f429xx.o(.text)
    I2C2_EV_IRQHandler                       0x08000277   Thumb Code     0  startup_stm32f429xx.o(.text)
    I2C3_ER_IRQHandler                       0x08000277   Thumb Code     0  startup_stm32f429xx.o(.text)
    I2C3_EV_IRQHandler                       0x08000277   Thumb Code     0  startup_stm32f429xx.o(.text)
    LTDC_ER_IRQHandler                       0x08000277   Thumb Code     0  startup_stm32f429xx.o(.text)
    LTDC_IRQHandler                          0x08000277   Thumb Code     0  startup_stm32f429xx.o(.text)
    OTG_FS_IRQHandler                        0x08000277   Thumb Code     0  startup_stm32f429xx.o(.text)
    OTG_FS_WKUP_IRQHandler                   0x08000277   Thumb Code     0  startup_stm32f429xx.o(.text)
    OTG_HS_EP1_IN_IRQHandler                 0x08000277   Thumb Code     0  startup_stm32f429xx.o(.text)
    OTG_HS_EP1_OUT_IRQHandler                0x08000277   Thumb Code     0  startup_stm32f429xx.o(.text)
    OTG_HS_IRQHandler                        0x08000277   Thumb Code     0  startup_stm32f429xx.o(.text)
    OTG_HS_WKUP_IRQHandler                   0x08000277   Thumb Code     0  startup_stm32f429xx.o(.text)
    PVD_IRQHandler                           0x08000277   Thumb Code     0  startup_stm32f429xx.o(.text)
    RCC_IRQHandler                           0x08000277   Thumb Code     0  startup_stm32f429xx.o(.text)
    RTC_Alarm_IRQHandler                     0x08000277   Thumb Code     0  startup_stm32f429xx.o(.text)
    RTC_WKUP_IRQHandler                      0x08000277   Thumb Code     0  startup_stm32f429xx.o(.text)
    SAI1_IRQHandler                          0x08000277   Thumb Code     0  startup_stm32f429xx.o(.text)
    SDIO_IRQHandler                          0x08000277   Thumb Code     0  startup_stm32f429xx.o(.text)
    SPI1_IRQHandler                          0x08000277   Thumb Code     0  startup_stm32f429xx.o(.text)
    SPI2_IRQHandler                          0x08000277   Thumb Code     0  startup_stm32f429xx.o(.text)
    SPI3_IRQHandler                          0x08000277   Thumb Code     0  startup_stm32f429xx.o(.text)
    SPI4_IRQHandler                          0x08000277   Thumb Code     0  startup_stm32f429xx.o(.text)
    SPI5_IRQHandler                          0x08000277   Thumb Code     0  startup_stm32f429xx.o(.text)
    SPI6_IRQHandler                          0x08000277   Thumb Code     0  startup_stm32f429xx.o(.text)
    TAMP_STAMP_IRQHandler                    0x08000277   Thumb Code     0  startup_stm32f429xx.o(.text)
    TIM1_BRK_TIM9_IRQHandler                 0x08000277   Thumb Code     0  startup_stm32f429xx.o(.text)
    TIM1_CC_IRQHandler                       0x08000277   Thumb Code     0  startup_stm32f429xx.o(.text)
    TIM1_TRG_COM_TIM11_IRQHandler            0x08000277   Thumb Code     0  startup_stm32f429xx.o(.text)
    TIM1_UP_TIM10_IRQHandler                 0x08000277   Thumb Code     0  startup_stm32f429xx.o(.text)
    TIM2_IRQHandler                          0x08000277   Thumb Code     0  startup_stm32f429xx.o(.text)
    TIM3_IRQHandler                          0x08000277   Thumb Code     0  startup_stm32f429xx.o(.text)
    TIM4_IRQHandler                          0x08000277   Thumb Code     0  startup_stm32f429xx.o(.text)
    TIM5_IRQHandler                          0x08000277   Thumb Code     0  startup_stm32f429xx.o(.text)
    TIM6_DAC_IRQHandler                      0x08000277   Thumb Code     0  startup_stm32f429xx.o(.text)
    TIM7_IRQHandler                          0x08000277   Thumb Code     0  startup_stm32f429xx.o(.text)
    TIM8_BRK_TIM12_IRQHandler                0x08000277   Thumb Code     0  startup_stm32f429xx.o(.text)
    TIM8_CC_IRQHandler                       0x08000277   Thumb Code     0  startup_stm32f429xx.o(.text)
    TIM8_TRG_COM_TIM14_IRQHandler            0x08000277   Thumb Code     0  startup_stm32f429xx.o(.text)
    TIM8_UP_TIM13_IRQHandler                 0x08000277   Thumb Code     0  startup_stm32f429xx.o(.text)
    UART4_IRQHandler                         0x08000277   Thumb Code     0  startup_stm32f429xx.o(.text)
    UART5_IRQHandler                         0x08000277   Thumb Code     0  startup_stm32f429xx.o(.text)
    UART7_IRQHandler                         0x08000277   Thumb Code     0  startup_stm32f429xx.o(.text)
    UART8_IRQHandler                         0x08000277   Thumb Code     0  startup_stm32f429xx.o(.text)
    USART2_IRQHandler                        0x08000277   Thumb Code     0  startup_stm32f429xx.o(.text)
    USART3_IRQHandler                        0x08000277   Thumb Code     0  startup_stm32f429xx.o(.text)
    USART6_IRQHandler                        0x08000277   Thumb Code     0  startup_stm32f429xx.o(.text)
    WWDG_IRQHandler                          0x08000277   Thumb Code     0  startup_stm32f429xx.o(.text)
    __user_initial_stackheap                 0x08000279   Thumb Code     0  startup_stm32f429xx.o(.text)
    __use_no_semihosting                     0x0800029d   Thumb Code     2  use_no_semi_2.o(.text)
    __2printf                                0x080002a1   Thumb Code    20  noretval__2printf.o(.text)
    __2sprintf                               0x080002b9   Thumb Code    34  noretval__2sprintf.o(.text)
    _printf_int_dec                          0x080002e1   Thumb Code   104  _printf_dec.o(.text)
    _printf_int_hex                          0x08000359   Thumb Code    84  _printf_hex_int.o(.text)
    _printf_longlong_hex                     0x08000359   Thumb Code     0  _printf_hex_int.o(.text)
    __printf                                 0x080003b1   Thumb Code   388  __printf_flags_ss_wp.o(.text)
    __aeabi_memcpy4                          0x08000539   Thumb Code     0  rt_memcpy_w.o(.text)
    __aeabi_memcpy8                          0x08000539   Thumb Code     0  rt_memcpy_w.o(.text)
    __rt_memcpy_w                            0x08000539   Thumb Code   100  rt_memcpy_w.o(.text)
    _memcpy_lastbytes_aligned                0x08000581   Thumb Code     0  rt_memcpy_w.o(.text)
    __use_two_region_memory                  0x0800059d   Thumb Code     2  heapauxi.o(.text)
    __rt_heap_escrow$2region                 0x0800059f   Thumb Code     2  heapauxi.o(.text)
    __rt_heap_expand$2region                 0x080005a1   Thumb Code     2  heapauxi.o(.text)
    __I$use$semihosting                      0x080005a3   Thumb Code     0  use_no_semi.o(.text)
    __use_no_semihosting_swi                 0x080005a3   Thumb Code     2  use_no_semi.o(.text)
    _printf_int_common                       0x080005a5   Thumb Code   178  _printf_intcommon.o(.text)
    _printf_char_common                      0x08000663   Thumb Code    32  _printf_char_common.o(.text)
    _sputc                                   0x08000689   Thumb Code    10  _sputc.o(.text)
    _printf_char_file                        0x08000695   Thumb Code    32  _printf_char_file.o(.text)
    ferror                                   0x080006b9   Thumb Code     8  ferror.o(.text)
    __user_setup_stackheap                   0x080006c1   Thumb Code    74  sys_stackheap_outer.o(.text)
    exit                                     0x0800070b   Thumb Code    18  exit.o(.text)
    __user_libspace                          0x0800071d   Thumb Code     8  libspace.o(.text)
    __user_perproc_libspace                  0x0800071d   Thumb Code     0  libspace.o(.text)
    __user_perthread_libspace                0x0800071d   Thumb Code     0  libspace.o(.text)
    BEEP_Init                                0x08000725   Thumb Code    60  beep.o(i.BEEP_Init)
    BusFault_Handler                         0x08000769   Thumb Code     2  stm32f4xx_it.o(i.BusFault_Handler)
    DCMI_DMA_Init                            0x080008c9   Thumb Code   162  dcmi.o(i.DCMI_DMA_Init)
    DCMI_IRQHandler                          0x0800097d   Thumb Code     6  dcmi.o(i.DCMI_IRQHandler)
    DCMI_Init                                0x08000989   Thumb Code    26  dcmi.o(i.DCMI_Init)
    DCMI_Start                               0x080009ad   Thumb Code    38  dcmi.o(i.DCMI_Start)
    DCMI_Stop                                0x080009dd   Thumb Code    30  dcmi.o(i.DCMI_Stop)
    DMA2_Stream1_IRQHandler                  0x08000a05   Thumb Code   104  dcmi.o(i.DMA2_Stream1_IRQHandler)
    DebugMon_Handler                         0x08000aeb   Thumb Code     2  stm32f4xx_it.o(i.DebugMon_Handler)
    FMC_NORSRAM_Extended_Timing_Init         0x08000aed   Thumb Code    60  stm32f4xx_ll_fmc.o(i.FMC_NORSRAM_Extended_Timing_Init)
    FMC_NORSRAM_Init                         0x08000b2d   Thumb Code   110  stm32f4xx_ll_fmc.o(i.FMC_NORSRAM_Init)
    FMC_NORSRAM_Timing_Init                  0x08000ba5   Thumb Code    86  stm32f4xx_ll_fmc.o(i.FMC_NORSRAM_Timing_Init)
    FMC_SDRAM_Init                           0x08000c01   Thumb Code    76  stm32f4xx_ll_fmc.o(i.FMC_SDRAM_Init)
    FMC_SDRAM_ProgramRefreshRate             0x08000c4d   Thumb Code    12  stm32f4xx_ll_fmc.o(i.FMC_SDRAM_ProgramRefreshRate)
    FMC_SDRAM_SendCommand                    0x08000c59   Thumb Code    72  stm32f4xx_ll_fmc.o(i.FMC_SDRAM_SendCommand)
    FMC_SDRAM_Timing_Init                    0x08000ca1   Thumb Code   124  stm32f4xx_ll_fmc.o(i.FMC_SDRAM_Timing_Init)
    Get_HzMat                                0x08000d1d   Thumb Code   146  text.o(i.Get_HzMat)
    HAL_DCMI_ErrorCallback                   0x08000db5   Thumb Code     2  stm32f4xx_hal_dcmi.o(i.HAL_DCMI_ErrorCallback)
    HAL_DCMI_FrameEventCallback              0x08000db9   Thumb Code   124  dcmi.o(i.HAL_DCMI_FrameEventCallback)
    HAL_DCMI_IRQHandler                      0x08000e51   Thumb Code   228  stm32f4xx_hal_dcmi.o(i.HAL_DCMI_IRQHandler)
    HAL_DCMI_Init                            0x08000f35   Thumb Code   168  stm32f4xx_hal_dcmi_ex.o(i.HAL_DCMI_Init)
    HAL_DCMI_LineEventCallback               0x08000fe1   Thumb Code     2  stm32f4xx_hal_dcmi.o(i.HAL_DCMI_LineEventCallback)
    HAL_DCMI_MspInit                         0x08000fe5   Thumb Code   208  dcmi.o(i.HAL_DCMI_MspInit)
    HAL_DCMI_VsyncEventCallback              0x080010cd   Thumb Code     2  stm32f4xx_hal_dcmi.o(i.HAL_DCMI_VsyncEventCallback)
    HAL_DMAEx_MultiBufferStart               0x080010cf   Thumb Code    92  stm32f4xx_hal_dma_ex.o(i.HAL_DMAEx_MultiBufferStart)
    HAL_DMA_Abort                            0x0800112b   Thumb Code    82  stm32f4xx_hal_dma.o(i.HAL_DMA_Abort)
    HAL_DMA_DeInit                           0x0800117d   Thumb Code    86  stm32f4xx_hal_dma.o(i.HAL_DMA_DeInit)
    HAL_DMA_Init                             0x080011d5   Thumb Code   116  stm32f4xx_hal_dma.o(i.HAL_DMA_Init)
    HAL_DMA_Start                            0x0800124d   Thumb Code    58  stm32f4xx_hal_dma.o(i.HAL_DMA_Start)
    HAL_Delay                                0x08001287   Thumb Code    22  stm32f4xx_hal.o(i.HAL_Delay)
    HAL_GPIO_Init                            0x0800129d   Thumb Code   422  stm32f4xx_hal_gpio.o(i.HAL_GPIO_Init)
    HAL_GPIO_ReadPin                         0x08001479   Thumb Code    10  stm32f4xx_hal_gpio.o(i.HAL_GPIO_ReadPin)
    HAL_GPIO_WritePin                        0x08001483   Thumb Code    10  stm32f4xx_hal_gpio.o(i.HAL_GPIO_WritePin)
    HAL_GetTick                              0x0800148d   Thumb Code     6  stm32f4xx_hal.o(i.HAL_GetTick)
    HAL_IncTick                              0x08001499   Thumb Code    10  stm32f4xx_hal.o(i.HAL_IncTick)
    HAL_Init                                 0x080014a9   Thumb Code    48  stm32f4xx_hal.o(i.HAL_Init)
    HAL_InitTick                             0x080014dd   Thumb Code    34  stm32f4xx_hal.o(i.HAL_InitTick)
    HAL_LTDC_ConfigLayer                     0x080014ff   Thumb Code    82  stm32f4xx_hal_ltdc.o(i.HAL_LTDC_ConfigLayer)
    HAL_LTDC_Init                            0x08001551   Thumb Code   248  stm32f4xx_hal_ltdc.o(i.HAL_LTDC_Init)
    HAL_LTDC_MspInit                         0x0800164d   Thumb Code   218  ltdc.o(i.HAL_LTDC_MspInit)
    HAL_LTDC_SetWindowPosition               0x08001741   Thumb Code    84  stm32f4xx_hal_ltdc.o(i.HAL_LTDC_SetWindowPosition)
    HAL_LTDC_SetWindowSize                   0x08001795   Thumb Code    84  stm32f4xx_hal_ltdc.o(i.HAL_LTDC_SetWindowSize)
    HAL_MspInit                              0x080017e9   Thumb Code     8  stm32f4xx_hal.o(i.HAL_MspInit)
    HAL_NVIC_EnableIRQ                       0x080017f1   Thumb Code    22  stm32f4xx_hal_cortex.o(i.HAL_NVIC_EnableIRQ)
    HAL_NVIC_SetPriority                     0x08001809   Thumb Code    60  stm32f4xx_hal_cortex.o(i.HAL_NVIC_SetPriority)
    HAL_NVIC_SetPriorityGrouping             0x08001849   Thumb Code    26  stm32f4xx_hal_cortex.o(i.HAL_NVIC_SetPriorityGrouping)
    HAL_PWREx_EnableOverDrive                0x0800186d   Thumb Code   122  stm32f4xx_hal_pwr_ex.o(i.HAL_PWREx_EnableOverDrive)
    HAL_RCCEx_PeriphCLKConfig                0x080018f5   Thumb Code   644  stm32f4xx_hal_rcc_ex.o(i.HAL_RCCEx_PeriphCLKConfig)
    HAL_RCC_ClockConfig                      0x08001b9d   Thumb Code   512  stm32f4xx_hal_rcc.o(i.HAL_RCC_ClockConfig)
    HAL_RCC_GetHCLKFreq                      0x08001da5   Thumb Code    38  stm32f4xx_hal_rcc.o(i.HAL_RCC_GetHCLKFreq)
    HAL_RCC_GetPCLK1Freq                     0x08001dd9   Thumb Code    36  stm32f4xx_hal_rcc.o(i.HAL_RCC_GetPCLK1Freq)
    HAL_RCC_GetPCLK2Freq                     0x08001e05   Thumb Code    36  stm32f4xx_hal_rcc.o(i.HAL_RCC_GetPCLK2Freq)
    HAL_RCC_GetSysClockFreq                  0x08001e31   Thumb Code   104  stm32f4xx_hal_rcc.o(i.HAL_RCC_GetSysClockFreq)
    HAL_RCC_OscConfig                        0x08001ea5   Thumb Code   774  stm32f4xx_hal_rcc.o(i.HAL_RCC_OscConfig)
    HAL_SDRAM_Init                           0x080021c1   Thumb Code    66  stm32f4xx_hal_sdram.o(i.HAL_SDRAM_Init)
    HAL_SDRAM_MspInit                        0x08002205   Thumb Code   194  sdram.o(i.HAL_SDRAM_MspInit)
    HAL_SDRAM_ProgramRefreshRate             0x080022e1   Thumb Code    34  stm32f4xx_hal_sdram.o(i.HAL_SDRAM_ProgramRefreshRate)
    HAL_SDRAM_SendCommand                    0x08002303   Thumb Code    46  stm32f4xx_hal_sdram.o(i.HAL_SDRAM_SendCommand)
    HAL_SPI_Init                             0x08002331   Thumb Code   132  stm32f4xx_hal_spi.o(i.HAL_SPI_Init)
    HAL_SPI_MspInit                          0x080023b5   Thumb Code    74  spi.o(i.HAL_SPI_MspInit)
    HAL_SPI_TransmitReceive                  0x08002409   Thumb Code   682  stm32f4xx_hal_spi.o(i.HAL_SPI_TransmitReceive)
    HAL_SRAM_Init                            0x080026b3   Thumb Code    86  stm32f4xx_hal_sram.o(i.HAL_SRAM_Init)
    HAL_SRAM_MspInit                         0x08002709   Thumb Code   106  lcd.o(i.HAL_SRAM_MspInit)
    HAL_SYSTICK_CLKSourceConfig              0x08002781   Thumb Code    24  stm32f4xx_hal_cortex.o(i.HAL_SYSTICK_CLKSourceConfig)
    HAL_SYSTICK_Config                       0x08002799   Thumb Code    40  stm32f4xx_hal_cortex.o(i.HAL_SYSTICK_Config)
    HAL_TIM_IC_ConfigChannel                 0x080027c1   Thumb Code   284  stm32f4xx_hal_tim.o(i.HAL_TIM_IC_ConfigChannel)
    HAL_TIM_IC_Init                          0x080028dd   Thumb Code    54  stm32f4xx_hal_tim.o(i.HAL_TIM_IC_Init)
    HAL_TIM_IC_MspInit                       0x08002915   Thumb Code    74  tpad.o(i.HAL_TIM_IC_MspInit)
    HAL_TIM_IC_Start                         0x08002969   Thumb Code    26  stm32f4xx_hal_tim.o(i.HAL_TIM_IC_Start)
    HAL_TIM_ReadCapturedValue                0x08002983   Thumb Code    68  stm32f4xx_hal_tim.o(i.HAL_TIM_ReadCapturedValue)
    HAL_UART_ErrorCallback                   0x080029c7   Thumb Code     2  stm32f4xx_hal_uart.o(i.HAL_UART_ErrorCallback)
    HAL_UART_IRQHandler                      0x080029c9   Thumb Code   244  stm32f4xx_hal_uart.o(i.HAL_UART_IRQHandler)
    HAL_UART_Init                            0x08002abd   Thumb Code    94  stm32f4xx_hal_uart.o(i.HAL_UART_Init)
    HAL_UART_MspInit                         0x08002b1d   Thumb Code   134  usart.o(i.HAL_UART_MspInit)
    HAL_UART_Receive                         0x08002bb1   Thumb Code   202  stm32f4xx_hal_uart.o(i.HAL_UART_Receive)
    HAL_UART_RxCpltCallback                  0x08002c7b   Thumb Code     2  stm32f4xx_hal_uart.o(i.HAL_UART_RxCpltCallback)
    HAL_UART_TxCpltCallback                  0x08002c7d   Thumb Code     2  stm32f4xx_hal_uart.o(i.HAL_UART_TxCpltCallback)
    HardFault_Handler                        0x08002c7f   Thumb Code     2  stm32f4xx_it.o(i.HardFault_Handler)
    KEY_Init                                 0x08002c81   Thumb Code    82  key.o(i.KEY_Init)
    KEY_Scan                                 0x08002ce1   Thumb Code   156  key.o(i.KEY_Scan)
    LCD_Clear                                0x08002d89   Thumb Code    58  lcd.o(i.LCD_Clear)
    LCD_Display_Dir                          0x08002dd1   Thumb Code   234  lcd.o(i.LCD_Display_Dir)
    LCD_DrawLine                             0x08002ec5   Thumb Code   150  lcd.o(i.LCD_DrawLine)
    LCD_DrawPoint                            0x08002f5d   Thumb Code    36  lcd.o(i.LCD_DrawPoint)
    LCD_DrawRectangle                        0x08002f8d   Thumb Code    58  lcd.o(i.LCD_DrawRectangle)
    LCD_Fast_DrawPoint                       0x08002fc9   Thumb Code   238  lcd.o(i.LCD_Fast_DrawPoint)
    LCD_Fill                                 0x080030c5   Thumb Code    86  lcd.o(i.LCD_Fill)
    LCD_Init                                 0x08003125   Thumb Code  9094  lcd.o(i.LCD_Init)
    LCD_RD_DATA                              0x080054b1   Thumb Code    16  lcd.o(i.LCD_RD_DATA)
    LCD_ReadPoint                            0x080054c5   Thumb Code   146  lcd.o(i.LCD_ReadPoint)
    LCD_SSD_BackLightSet                     0x08005561   Thumb Code    72  lcd.o(i.LCD_SSD_BackLightSet)
    LCD_Scan_Dir                             0x080055b1   Thumb Code   434  lcd.o(i.LCD_Scan_Dir)
    LCD_SetCursor                            0x08005769   Thumb Code   254  lcd.o(i.LCD_SetCursor)
    LCD_ShowChar                             0x0800586d   Thumb Code   196  lcd.o(i.LCD_ShowChar)
    LCD_ShowString                           0x08005949   Thumb Code    84  lcd.o(i.LCD_ShowString)
    LCD_WR_DATA                              0x0800599d   Thumb Code    20  lcd.o(i.LCD_WR_DATA)
    LCD_WR_REG                               0x080059b5   Thumb Code    20  lcd.o(i.LCD_WR_REG)
    LCD_WriteRAM_Prepare                     0x080059cd   Thumb Code    10  lcd.o(i.LCD_WriteRAM_Prepare)
    LCD_WriteReg                             0x080059e1   Thumb Code    10  lcd.o(i.LCD_WriteReg)
    LED_Init                                 0x080059f1   Thumb Code    68  led.o(i.LED_Init)
    LTDC_Clear                               0x08005a3d   Thumb Code    28  ltdc.o(i.LTDC_Clear)
    LTDC_Clk_Set                             0x08005a5d   Thumb Code    30  ltdc.o(i.LTDC_Clk_Set)
    LTDC_Color_Fill                          0x08005a7d   Thumb Code   176  ltdc.o(i.LTDC_Color_Fill)
    LTDC_Display_Dir                         0x08005b3d   Thumb Code    34  ltdc.o(i.LTDC_Display_Dir)
    LTDC_Draw_Point                          0x08005b65   Thumb Code    52  ltdc.o(i.LTDC_Draw_Point)
    LTDC_Fill                                0x08005ba1   Thumb Code   162  ltdc.o(i.LTDC_Fill)
    LTDC_Init                                0x08005c55   Thumb Code   470  ltdc.o(i.LTDC_Init)
    LTDC_Layer_Parameter_Config              0x08005e45   Thumb Code    86  ltdc.o(i.LTDC_Layer_Parameter_Config)
    LTDC_Layer_Window_Config                 0x08005ea1   Thumb Code    32  ltdc.o(i.LTDC_Layer_Window_Config)
    LTDC_PanelID_Read                        0x08005ec5   Thumb Code   170  ltdc.o(i.LTDC_PanelID_Read)
    LTDC_Read_Point                          0x08005f7d   Thumb Code    48  ltdc.o(i.LTDC_Read_Point)
    MemManage_Handler                        0x08006117   Thumb Code     2  stm32f4xx_it.o(i.MemManage_Handler)
    NMI_Handler                              0x08006119   Thumb Code     2  stm32f4xx_it.o(i.NMI_Handler)
    OV5640_Brightness                        0x0800613b   Thumb Code    80  ov5640.o(i.OV5640_Brightness)
    OV5640_Color_Saturation                  0x0800618d   Thumb Code   120  ov5640.o(i.OV5640_Color_Saturation)
    OV5640_Contrast                          0x08006209   Thumb Code   104  ov5640.o(i.OV5640_Contrast)
    OV5640_Flash_Ctrl                        0x08006271   Thumb Code    44  ov5640.o(i.OV5640_Flash_Ctrl)
    OV5640_Focus_Constant                    0x0800629d   Thumb Code   114  ov5640.o(i.OV5640_Focus_Constant)
    OV5640_Focus_Init                        0x08006311   Thumb Code   180  ov5640.o(i.OV5640_Focus_Init)
    OV5640_Focus_Single                      0x080063c9   Thumb Code    54  ov5640.o(i.OV5640_Focus_Single)
    OV5640_Init                              0x08006401   Thumb Code   212  ov5640.o(i.OV5640_Init)
    OV5640_Light_Mode                        0x080064ed   Thumb Code    64  ov5640.o(i.OV5640_Light_Mode)
    OV5640_OutSize_Set                       0x08006531   Thumb Code   126  ov5640.o(i.OV5640_OutSize_Set)
    OV5640_RD_Reg                            0x080065af   Thumb Code    58  ov5640.o(i.OV5640_RD_Reg)
    OV5640_RGB565_Mode                       0x080065e9   Thumb Code    52  ov5640.o(i.OV5640_RGB565_Mode)
    OV5640_Sharpness                         0x08006625   Thumb Code   114  ov5640.o(i.OV5640_Sharpness)
    OV5640_WR_Reg                            0x08006697   Thumb Code    60  ov5640.o(i.OV5640_WR_Reg)
    PendSV_Handler                           0x080066d3   Thumb Code     2  stm32f4xx_it.o(i.PendSV_Handler)
    RGBtoHSL                                 0x080066d5   Thumb Code   246  easytrace.o(i.RGBtoHSL)
    SCCB_Init                                0x080067ed   Thumb Code    48  sccb.o(i.SCCB_Init)
    SCCB_No_Ack                              0x08006825   Thumb Code    52  sccb.o(i.SCCB_No_Ack)
    SCCB_RD_Byte                             0x0800685d   Thumb Code    94  sccb.o(i.SCCB_RD_Byte)
    SCCB_Start                               0x080068c5   Thumb Code    38  sccb.o(i.SCCB_Start)
    SCCB_Stop                                0x080068f1   Thumb Code    42  sccb.o(i.SCCB_Stop)
    SCCB_WR_Byte                             0x08006921   Thumb Code   122  sccb.o(i.SCCB_WR_Byte)
    SDRAM_Init                               0x080069a5   Thumb Code    86  sdram.o(i.SDRAM_Init)
    SDRAM_Initialization_Sequence            0x08006a05   Thumb Code    74  sdram.o(i.SDRAM_Initialization_Sequence)
    SDRAM_Send_Cmd                           0x08006a55   Thumb Code    48  sdram.o(i.SDRAM_Send_Cmd)
    SPI5_Init                                0x08006a89   Thumb Code    72  spi.o(i.SPI5_Init)
    SPI5_ReadWriteByte                       0x08006ad9   Thumb Code    28  spi.o(i.SPI5_ReadWriteByte)
    SPI5_SetSpeed                            0x08006af9   Thumb Code    46  spi.o(i.SPI5_SetSpeed)
    SVC_Handler                              0x08006bcb   Thumb Code     2  stm32f4xx_it.o(i.SVC_Handler)
    Show_Font                                0x08006c6d   Thumb Code   160  text.o(i.Show_Font)
    Show_Str                                 0x08006d15   Thumb Code   174  text.o(i.Show_Str)
    Stm32_Clock_Init                         0x08006dc5   Thumb Code   122  sys.o(i.Stm32_Clock_Init)
    SysTick_Handler                          0x08006e49   Thumb Code     4  stm32f4xx_it.o(i.SysTick_Handler)
    SystemInit                               0x08006e4d   Thumb Code    66  system_stm32f4xx.o(i.SystemInit)
    TIM2_CH1_Cap_Init                        0x08006ea1   Thumb Code    56  tpad.o(i.TIM2_CH1_Cap_Init)
    TIM_Base_SetConfig                       0x08006edd   Thumb Code   148  stm32f4xx_hal_tim.o(i.TIM_Base_SetConfig)
    TIM_CCxChannelCmd                        0x08006f9d   Thumb Code    22  stm32f4xx_hal_tim.o(i.TIM_CCxChannelCmd)
    TIM_TI1_SetConfig                        0x08006fb5   Thumb Code   104  stm32f4xx_hal_tim.o(i.TIM_TI1_SetConfig)
    TPAD_Get_MaxVal                          0x08007071   Thumb Code    74  tpad.o(i.TPAD_Get_MaxVal)
    TPAD_Get_Val                             0x080070c1   Thumb Code    44  tpad.o(i.TPAD_Get_Val)
    TPAD_Init                                0x080070f5   Thumb Code   140  tpad.o(i.TPAD_Init)
    TPAD_Reset                               0x0800719d   Thumb Code    76  tpad.o(i.TPAD_Reset)
    TPAD_Scan                                0x080071f1   Thumb Code    84  tpad.o(i.TPAD_Scan)
    Trace                                    0x08007251   Thumb Code   218  easytrace.o(i.Trace)
    USART1_IRQHandler                        0x08007645   Thumb Code   100  usart.o(i.USART1_IRQHandler)
    UsageFault_Handler                       0x080076b1   Thumb Code     2  stm32f4xx_it.o(i.UsageFault_Handler)
    W25QXX_Init                              0x080076b5   Thumb Code   106  w25qxx.o(i.W25QXX_Init)
    W25QXX_Read                              0x08007731   Thumb Code    94  w25qxx.o(i.W25QXX_Read)
    W25QXX_ReadID                            0x08007799   Thumb Code    62  w25qxx.o(i.W25QXX_ReadID)
    W25QXX_ReadSR                            0x080077dd   Thumb Code    52  w25qxx.o(i.W25QXX_ReadSR)
    _is_digit                                0x08007815   Thumb Code    14  __printf_wp.o(i._is_digit)
    _sys_exit                                0x08007823   Thumb Code     2  usart.o(i._sys_exit)
    delay_init                               0x08007825   Thumb Code    16  delay.o(i.delay_init)
    delay_ms                                 0x08007839   Thumb Code    26  delay.o(i.delay_ms)
    delay_us                                 0x08007855   Thumb Code    48  delay.o(i.delay_us)
    exfuns_init                              0x08007889   Thumb Code    92  exfuns.o(i.exfuns_init)
    font_init                                0x080078ed   Thumb Code    58  fontupd.o(i.font_init)
    fputc                                    0x0800792d   Thumb Code    14  usart.o(i.fputc)
    jpeg_data_process                        0x08007941   Thumb Code   188  main.o(i.jpeg_data_process)
    main                                     0x08007a0d   Thumb Code   786  main.o(i.main)
    my_mem_init                              0x08007e15   Thumb Code    36  malloc.o(i.my_mem_init)
    my_mem_malloc                            0x08007e41   Thumb Code   128  malloc.o(i.my_mem_malloc)
    my_mem_perused                           0x08007ec9   Thumb Code    50  malloc.o(i.my_mem_perused)
    mymalloc                                 0x08007f05   Thumb Code    28  malloc.o(i.mymalloc)
    mymemset                                 0x08007f25   Thumb Code    12  malloc.o(i.mymemset)
    rgblcd_dcmi_rx_callback                  0x08007f31   Thumb Code    82  main.o(i.rgblcd_dcmi_rx_callback)
    sw_sdcard_mode                           0x08007f91   Thumb Code    58  main.o(i.sw_sdcard_mode)
    uart_init                                0x08007fd1   Thumb Code    28  usart.o(i.uart_init)
    __aeabi_d2uiz                            0x08007ff5   Thumb Code     0  dfixu.o(x$fpl$dfixu)
    _dfixu                                   0x08007ff5   Thumb Code    90  dfixu.o(x$fpl$dfixu)
    __aeabi_ui2d                             0x0800804f   Thumb Code     0  dflt_clz.o(x$fpl$dfltu)
    _dfltu                                   0x0800804f   Thumb Code    38  dflt_clz.o(x$fpl$dfltu)
    __aeabi_dmul                             0x08008075   Thumb Code     0  dmul.o(x$fpl$dmul)
    _dmul                                    0x08008075   Thumb Code   332  dmul.o(x$fpl$dmul)
    __fpl_dnaninf                            0x080081c9   Thumb Code   156  dnaninf.o(x$fpl$dnaninf)
    __fpl_dretinf                            0x08008265   Thumb Code    12  dretinf.o(x$fpl$dretinf)
    _fp_init                                 0x08008271   Thumb Code    10  fpinit.o(x$fpl$fpinit)
    __fplib_config_fpu_vfp                   0x08008279   Thumb Code     0  fpinit.o(x$fpl$fpinit)
    __fplib_config_pureend_doubles           0x08008279   Thumb Code     0  fpinit.o(x$fpl$fpinit)
    APBAHBPrescTable                         0x0800827a   Data          16  stm32f4xx_hal_rcc.o(.constdata)
    __I$use$fp                               0x0800827a   Number         0  usenofp.o(x$fpl$usenofp)
    asc2_1206                                0x08008292   Data        1140  lcd.o(.constdata)
    asc2_1608                                0x08008706   Data        1520  lcd.o(.constdata)
    asc2_2412                                0x08008cf6   Data        3420  lcd.o(.constdata)
    asc2_3216                                0x08009a52   Data       12160  lcd.o(.constdata)
    OV5640_jpeg_reg_tbl                      0x0800c9d2   Data         164  ov5640.o(.constdata)
    ov5640_rgb565_reg_tbl                    0x0800ca76   Data         180  ov5640.o(.constdata)
    ov5640_uxga_init_reg_tbl                 0x0800cb2a   Data         828  ov5640.o(.constdata)
    OV5640_AF_Config                         0x0800ce66   Data        4077  ov5640.o(.constdata)
    memtblsize                               0x0800dee0   Data          12  malloc.o(.constdata)
    memblksize                               0x0800deec   Data          12  malloc.o(.constdata)
    memsize                                  0x0800def8   Data          12  malloc.o(.constdata)
    Region$$Table$$Base                      0x0800df40   Number         0  anon$$obj.o(Region$$Table)
    Region$$Table$$Limit                     0x0800df60   Number         0  anon$$obj.o(Region$$Table)
    mem3base                                 0x10000000   Data       61440  malloc.o(.ARM.__AT_0x10000000)
    mem3mapbase                              0x1000f000   Data        3840  malloc.o(.ARM.__AT_0x1000F000)
    bmp_request                              0x20000000   Data           1  main.o(.data)
    ovx_mode                                 0x20000001   Data           1  main.o(.data)
    jpeg_data_ok                             0x20000002   Data           1  main.o(.data)
    curline                                  0x20000004   Data           2  main.o(.data)
    jpeg_data_len                            0x20000008   Data           4  main.o(.data)
    jpeg_data_buf                            0x2000000c   Data           4  main.o(.data)
    dcmi_line_buf                            0x20000010   Data           8  main.o(.data)
    SystemCoreClock                          0x20000018   Data           4  system_stm32f4xx.o(.data)
    AHBPrescTable                            0x2000001c   Data          16  system_stm32f4xx.o(.data)
    USART_RX_STA                             0x20000034   Data           2  usart.o(.data)
    __stdout                                 0x20000038   Data           4  usart.o(.data)
    POINT_COLOR                              0x20000040   Data           4  lcd.o(.data)
    BACK_COLOR                               0x20000044   Data           4  lcd.o(.data)
    ltdc_framebuf                            0x20000048   Data           8  ltdc.o(.data)
    W25QXX_TYPE                              0x20000050   Data           2  w25qxx.o(.data)
    ov_frame                                 0x20000054   Data           1  dcmi.o(.data)
    dcmi_rx_callback                         0x20000058   Data           4  dcmi.o(.data)
    Condition                                0x2000005c   Data          24  dcmi.o(.data)
    tpad_default_val                         0x20000076   Data           2  tpad.o(.data)
    mallco_dev                               0x20000078   Data          36  malloc.o(.data)
    file                                     0x2000009c   Data           4  exfuns.o(.data)
    ftemp                                    0x200000a0   Data           4  exfuns.o(.data)
    fatbuf                                   0x200000a4   Data           4  exfuns.o(.data)
    USART_RX_BUF                             0x200000c4   Data         200  usart.o(.bss)
    UART1_Handler                            0x2000018c   Data          64  usart.o(.bss)
    SRAM_Handler                             0x200001cc   Data          80  lcd.o(.bss)
    lcddev                                   0x2000021c   Data          14  lcd.o(.bss)
    SDRAM_Handler                            0x2000022c   Data          52  sdram.o(.bss)
    LTDC_Handler                             0x20000260   Data         168  ltdc.o(.bss)
    lcdltdc                                  0x20000308   Data          32  ltdc.o(.bss)
    SPI5_Handler                             0x20000328   Data          88  spi.o(.bss)
    DCMI_Handler                             0x20000380   Data          64  dcmi.o(.bss)
    DMADMCI_Handler                          0x200003c0   Data          88  dcmi.o(.bss)
    Resu                                     0x20000418   Data          16  dcmi.o(.bss)
    TIM2_Handler                             0x20000428   Data          60  tpad.o(.bss)
    mem1base                                 0x20000480   Data       163840  malloc.o(.bss)
    mem1mapbase                              0x20028480   Data       10240  malloc.o(.bss)
    fs                                       0x2002ac80   Data          12  exfuns.o(.bss)
    ftinfo                                   0x2002ac8c   Data          41  fontupd.o(.bss)
    __libspace_start                         0x2002acb8   Data          96  libspace.o(.bss)
    __temporary_stack_top$libspace           0x2002ad18   Data           0  libspace.o(.bss)
    ltdc_lcd_framebuf                        0xc0000000   Data       2048000  ltdc.o(.ARM.__AT_0xC0000000)
    mem2base                                 0xc01f4000   Data       29605888  malloc.o(.ARM.__AT_0xC01F4000)
    mem2mapbase                              0xc1e30000   Data       1850368  malloc.o(.ARM.__AT_0xC1E30000)



==============================================================================

Memory Map of the image

  Image Entry point : 0x080001ad

  Load Region LR_IROM1 (Base: 0x08000000, Size: 0x0000e024, Max: 0x00100000, ABSOLUTE)

    Execution Region ER_IROM1 (Exec base: 0x08000000, Load base: 0x08000000, Size: 0x0000df60, Max: 0x00100000, ABSOLUTE)

    Exec Addr    Load Addr    Size         Type   Attr      Idx    E Section Name        Object

    0x08000000   0x08000000   0x000001ac   Data   RO          609    RESET               startup_stm32f429xx.o
    0x080001ac   0x080001ac   0x00000008   Code   RO         7301  * !!!main             c_w.l(__main.o)
    0x080001b4   0x080001b4   0x00000034   Code   RO         7503    !!!scatter          c_w.l(__scatter.o)
    0x080001e8   0x080001e8   0x0000001a   Code   RO         7505    !!handler_copy      c_w.l(__scatter_copy.o)
    0x08000202   0x08000202   0x00000002   PAD
    0x08000204   0x08000204   0x0000001c   Code   RO         7507    !!handler_zi        c_w.l(__scatter_zi.o)
    0x08000220   0x08000220   0x00000000   Code   RO         7281    .ARM.Collect$$_printf_percent$$00000000  c_w.l(_printf_percent.o)
    0x08000220   0x08000220   0x00000006   Code   RO         7280    .ARM.Collect$$_printf_percent$$00000009  c_w.l(_printf_d.o)
    0x08000226   0x08000226   0x00000006   Code   RO         7279    .ARM.Collect$$_printf_percent$$0000000C  c_w.l(_printf_x.o)
    0x0800022c   0x0800022c   0x00000004   Code   RO         7334    .ARM.Collect$$_printf_percent$$00000017  c_w.l(_printf_percent_end.o)
    0x08000230   0x08000230   0x00000002   Code   RO         7377    .ARM.Collect$$libinit$$00000000  c_w.l(libinit.o)
    0x08000232   0x08000232   0x00000004   Code   RO         7389    .ARM.Collect$$libinit$$00000001  c_w.l(libinit2.o)
    0x08000236   0x08000236   0x00000000   Code   RO         7392    .ARM.Collect$$libinit$$00000004  c_w.l(libinit2.o)
    0x08000236   0x08000236   0x00000000   Code   RO         7395    .ARM.Collect$$libinit$$0000000A  c_w.l(libinit2.o)
    0x08000236   0x08000236   0x00000000   Code   RO         7397    .ARM.Collect$$libinit$$0000000C  c_w.l(libinit2.o)
    0x08000236   0x08000236   0x00000000   Code   RO         7399    .ARM.Collect$$libinit$$0000000E  c_w.l(libinit2.o)
    0x08000236   0x08000236   0x00000000   Code   RO         7402    .ARM.Collect$$libinit$$00000011  c_w.l(libinit2.o)
    0x08000236   0x08000236   0x00000000   Code   RO         7404    .ARM.Collect$$libinit$$00000013  c_w.l(libinit2.o)
    0x08000236   0x08000236   0x00000000   Code   RO         7406    .ARM.Collect$$libinit$$00000015  c_w.l(libinit2.o)
    0x08000236   0x08000236   0x00000000   Code   RO         7408    .ARM.Collect$$libinit$$00000017  c_w.l(libinit2.o)
    0x08000236   0x08000236   0x00000000   Code   RO         7410    .ARM.Collect$$libinit$$00000019  c_w.l(libinit2.o)
    0x08000236   0x08000236   0x00000000   Code   RO         7412    .ARM.Collect$$libinit$$0000001B  c_w.l(libinit2.o)
    0x08000236   0x08000236   0x00000000   Code   RO         7414    .ARM.Collect$$libinit$$0000001D  c_w.l(libinit2.o)
    0x08000236   0x08000236   0x00000000   Code   RO         7416    .ARM.Collect$$libinit$$0000001F  c_w.l(libinit2.o)
    0x08000236   0x08000236   0x00000000   Code   RO         7418    .ARM.Collect$$libinit$$00000021  c_w.l(libinit2.o)
    0x08000236   0x08000236   0x00000000   Code   RO         7420    .ARM.Collect$$libinit$$00000023  c_w.l(libinit2.o)
    0x08000236   0x08000236   0x00000000   Code   RO         7422    .ARM.Collect$$libinit$$00000025  c_w.l(libinit2.o)
    0x08000236   0x08000236   0x00000000   Code   RO         7426    .ARM.Collect$$libinit$$0000002C  c_w.l(libinit2.o)
    0x08000236   0x08000236   0x00000000   Code   RO         7428    .ARM.Collect$$libinit$$0000002E  c_w.l(libinit2.o)
    0x08000236   0x08000236   0x00000000   Code   RO         7430    .ARM.Collect$$libinit$$00000030  c_w.l(libinit2.o)
    0x08000236   0x08000236   0x00000000   Code   RO         7432    .ARM.Collect$$libinit$$00000032  c_w.l(libinit2.o)
    0x08000236   0x08000236   0x00000002   Code   RO         7433    .ARM.Collect$$libinit$$00000033  c_w.l(libinit2.o)
    0x08000238   0x08000238   0x00000002   Code   RO         7459    .ARM.Collect$$libshutdown$$00000000  c_w.l(libshutdown.o)
    0x0800023a   0x0800023a   0x00000000   Code   RO         7486    .ARM.Collect$$libshutdown$$00000002  c_w.l(libshutdown2.o)
    0x0800023a   0x0800023a   0x00000000   Code   RO         7488    .ARM.Collect$$libshutdown$$00000004  c_w.l(libshutdown2.o)
    0x0800023a   0x0800023a   0x00000000   Code   RO         7491    .ARM.Collect$$libshutdown$$00000007  c_w.l(libshutdown2.o)
    0x0800023a   0x0800023a   0x00000000   Code   RO         7494    .ARM.Collect$$libshutdown$$0000000A  c_w.l(libshutdown2.o)
    0x0800023a   0x0800023a   0x00000000   Code   RO         7496    .ARM.Collect$$libshutdown$$0000000C  c_w.l(libshutdown2.o)
    0x0800023a   0x0800023a   0x00000000   Code   RO         7499    .ARM.Collect$$libshutdown$$0000000F  c_w.l(libshutdown2.o)
    0x0800023a   0x0800023a   0x00000002   Code   RO         7500    .ARM.Collect$$libshutdown$$00000010  c_w.l(libshutdown2.o)
    0x0800023c   0x0800023c   0x00000000   Code   RO         7317    .ARM.Collect$$rtentry$$00000000  c_w.l(__rtentry.o)
    0x0800023c   0x0800023c   0x00000000   Code   RO         7342    .ARM.Collect$$rtentry$$00000002  c_w.l(__rtentry2.o)
    0x0800023c   0x0800023c   0x00000006   Code   RO         7354    .ARM.Collect$$rtentry$$00000004  c_w.l(__rtentry4.o)
    0x08000242   0x08000242   0x00000000   Code   RO         7344    .ARM.Collect$$rtentry$$00000009  c_w.l(__rtentry2.o)
    0x08000242   0x08000242   0x00000004   Code   RO         7345    .ARM.Collect$$rtentry$$0000000A  c_w.l(__rtentry2.o)
    0x08000246   0x08000246   0x00000000   Code   RO         7347    .ARM.Collect$$rtentry$$0000000C  c_w.l(__rtentry2.o)
    0x08000246   0x08000246   0x00000008   Code   RO         7348    .ARM.Collect$$rtentry$$0000000D  c_w.l(__rtentry2.o)
    0x0800024e   0x0800024e   0x00000002   Code   RO         7381    .ARM.Collect$$rtexit$$00000000  c_w.l(rtexit.o)
    0x08000250   0x08000250   0x00000000   Code   RO         7435    .ARM.Collect$$rtexit$$00000002  c_w.l(rtexit2.o)
    0x08000250   0x08000250   0x00000004   Code   RO         7436    .ARM.Collect$$rtexit$$00000003  c_w.l(rtexit2.o)
    0x08000254   0x08000254   0x00000006   Code   RO         7437    .ARM.Collect$$rtexit$$00000004  c_w.l(rtexit2.o)
    0x0800025a   0x0800025a   0x00000002   PAD
    0x0800025c   0x0800025c   0x00000040   Code   RO          610    .text               startup_stm32f429xx.o
    0x0800029c   0x0800029c   0x00000002   Code   RO         7214    .text               c_w.l(use_no_semi_2.o)
    0x0800029e   0x0800029e   0x00000002   PAD
    0x080002a0   0x080002a0   0x00000018   Code   RO         7222    .text               c_w.l(noretval__2printf.o)
    0x080002b8   0x080002b8   0x00000028   Code   RO         7224    .text               c_w.l(noretval__2sprintf.o)
    0x080002e0   0x080002e0   0x00000078   Code   RO         7232    .text               c_w.l(_printf_dec.o)
    0x08000358   0x08000358   0x00000058   Code   RO         7239    .text               c_w.l(_printf_hex_int.o)
    0x080003b0   0x080003b0   0x00000188   Code   RO         7274    .text               c_w.l(__printf_flags_ss_wp.o)
    0x08000538   0x08000538   0x00000064   Code   RO         7291    .text               c_w.l(rt_memcpy_w.o)
    0x0800059c   0x0800059c   0x00000006   Code   RO         7299    .text               c_w.l(heapauxi.o)
    0x080005a2   0x080005a2   0x00000002   Code   RO         7315    .text               c_w.l(use_no_semi.o)
    0x080005a4   0x080005a4   0x000000b2   Code   RO         7324    .text               c_w.l(_printf_intcommon.o)
    0x08000656   0x08000656   0x00000002   PAD
    0x08000658   0x08000658   0x00000030   Code   RO         7326    .text               c_w.l(_printf_char_common.o)
    0x08000688   0x08000688   0x0000000a   Code   RO         7328    .text               c_w.l(_sputc.o)
    0x08000692   0x08000692   0x00000002   PAD
    0x08000694   0x08000694   0x00000024   Code   RO         7332    .text               c_w.l(_printf_char_file.o)
    0x080006b8   0x080006b8   0x00000008   Code   RO         7360    .text               c_w.l(ferror.o)
    0x080006c0   0x080006c0   0x0000004a   Code   RO         7364    .text               c_w.l(sys_stackheap_outer.o)
    0x0800070a   0x0800070a   0x00000012   Code   RO         7366    .text               c_w.l(exit.o)
    0x0800071c   0x0800071c   0x00000008   Code   RO         7378    .text               c_w.l(libspace.o)
    0x08000724   0x08000724   0x00000044   Code   RO         5866    i.BEEP_Init         beep.o
    0x08000768   0x08000768   0x00000002   Code   RO          396    i.BusFault_Handler  stm32f4xx_it.o
    0x0800076a   0x0800076a   0x00000032   Code   RO         7164    i.ColorMatch        easytrace.o
    0x0800079c   0x0800079c   0x0000012c   Code   RO         7165    i.Corrode           easytrace.o
    0x080008c8   0x080008c8   0x000000b4   Code   RO         5187    i.DCMI_DMA_Init     dcmi.o
    0x0800097c   0x0800097c   0x0000000c   Code   RO         5188    i.DCMI_IRQHandler   dcmi.o
    0x08000988   0x08000988   0x00000024   Code   RO         5189    i.DCMI_Init         dcmi.o
    0x080009ac   0x080009ac   0x00000030   Code   RO         5191    i.DCMI_Start        dcmi.o
    0x080009dc   0x080009dc   0x00000028   Code   RO         5192    i.DCMI_Stop         dcmi.o
    0x08000a04   0x08000a04   0x00000078   Code   RO         5193    i.DMA2_Stream1_IRQHandler  dcmi.o
    0x08000a7c   0x08000a7c   0x00000028   Code   RO         1752    i.DMA_CalcBaseAndBitshift  stm32f4xx_hal_dma.o
    0x08000aa4   0x08000aa4   0x0000001e   Code   RO         1835    i.DMA_MultiBufferSetConfig  stm32f4xx_hal_dma_ex.o
    0x08000ac2   0x08000ac2   0x00000028   Code   RO         1753    i.DMA_SetConfig     stm32f4xx_hal_dma.o
    0x08000aea   0x08000aea   0x00000002   Code   RO          397    i.DebugMon_Handler  stm32f4xx_it.o
    0x08000aec   0x08000aec   0x00000040   Code   RO         2754    i.FMC_NORSRAM_Extended_Timing_Init  stm32f4xx_ll_fmc.o
    0x08000b2c   0x08000b2c   0x00000078   Code   RO         2755    i.FMC_NORSRAM_Init  stm32f4xx_ll_fmc.o
    0x08000ba4   0x08000ba4   0x0000005c   Code   RO         2756    i.FMC_NORSRAM_Timing_Init  stm32f4xx_ll_fmc.o
    0x08000c00   0x08000c00   0x0000004c   Code   RO         2766    i.FMC_SDRAM_Init    stm32f4xx_ll_fmc.o
    0x08000c4c   0x08000c4c   0x0000000c   Code   RO         2767    i.FMC_SDRAM_ProgramRefreshRate  stm32f4xx_ll_fmc.o
    0x08000c58   0x08000c58   0x00000048   Code   RO         2768    i.FMC_SDRAM_SendCommand  stm32f4xx_ll_fmc.o
    0x08000ca0   0x08000ca0   0x0000007c   Code   RO         2770    i.FMC_SDRAM_Timing_Init  stm32f4xx_ll_fmc.o
    0x08000d1c   0x08000d1c   0x00000098   Code   RO         6716    i.Get_HzMat         text.o
    0x08000db4   0x08000db4   0x00000002   Code   RO         4120    i.HAL_DCMI_ErrorCallback  stm32f4xx_hal_dcmi.o
    0x08000db6   0x08000db6   0x00000002   PAD
    0x08000db8   0x08000db8   0x00000098   Code   RO         5194    i.HAL_DCMI_FrameEventCallback  dcmi.o
    0x08000e50   0x08000e50   0x000000e4   Code   RO         4124    i.HAL_DCMI_IRQHandler  stm32f4xx_hal_dcmi.o
    0x08000f34   0x08000f34   0x000000ac   Code   RO         4238    i.HAL_DCMI_Init     stm32f4xx_hal_dcmi_ex.o
    0x08000fe0   0x08000fe0   0x00000002   Code   RO         4126    i.HAL_DCMI_LineEventCallback  stm32f4xx_hal_dcmi.o
    0x08000fe2   0x08000fe2   0x00000002   PAD
    0x08000fe4   0x08000fe4   0x000000e8   Code   RO         5195    i.HAL_DCMI_MspInit  dcmi.o
    0x080010cc   0x080010cc   0x00000002   Code   RO         4131    i.HAL_DCMI_VsyncEventCallback  stm32f4xx_hal_dcmi.o
    0x080010ce   0x080010ce   0x0000005c   Code   RO         1837    i.HAL_DMAEx_MultiBufferStart  stm32f4xx_hal_dma_ex.o
    0x0800112a   0x0800112a   0x00000052   Code   RO         1754    i.HAL_DMA_Abort     stm32f4xx_hal_dma.o
    0x0800117c   0x0800117c   0x00000056   Code   RO         1755    i.HAL_DMA_DeInit    stm32f4xx_hal_dma.o
    0x080011d2   0x080011d2   0x00000002   PAD
    0x080011d4   0x080011d4   0x00000078   Code   RO         1759    i.HAL_DMA_Init      stm32f4xx_hal_dma.o
    0x0800124c   0x0800124c   0x0000003a   Code   RO         1761    i.HAL_DMA_Start     stm32f4xx_hal_dma.o
    0x08001286   0x08001286   0x00000016   Code   RO          624    i.HAL_Delay         stm32f4xx_hal.o
    0x0800129c   0x0800129c   0x000001dc   Code   RO          901    i.HAL_GPIO_Init     stm32f4xx_hal_gpio.o
    0x08001478   0x08001478   0x0000000a   Code   RO          903    i.HAL_GPIO_ReadPin  stm32f4xx_hal_gpio.o
    0x08001482   0x08001482   0x0000000a   Code   RO          905    i.HAL_GPIO_WritePin  stm32f4xx_hal_gpio.o
    0x0800148c   0x0800148c   0x0000000c   Code   RO          632    i.HAL_GetTick       stm32f4xx_hal.o
    0x08001498   0x08001498   0x00000010   Code   RO          633    i.HAL_IncTick       stm32f4xx_hal.o
    0x080014a8   0x080014a8   0x00000034   Code   RO          634    i.HAL_Init          stm32f4xx_hal.o
    0x080014dc   0x080014dc   0x00000022   Code   RO          635    i.HAL_InitTick      stm32f4xx_hal.o
    0x080014fe   0x080014fe   0x00000052   Code   RO         3204    i.HAL_LTDC_ConfigLayer  stm32f4xx_hal_ltdc.o
    0x08001550   0x08001550   0x000000fc   Code   RO         3216    i.HAL_LTDC_Init     stm32f4xx_hal_ltdc.o
    0x0800164c   0x0800164c   0x000000f4   Code   RO         4851    i.HAL_LTDC_MspInit  ltdc.o
    0x08001740   0x08001740   0x00000054   Code   RO         3225    i.HAL_LTDC_SetWindowPosition  stm32f4xx_hal_ltdc.o
    0x08001794   0x08001794   0x00000054   Code   RO         3226    i.HAL_LTDC_SetWindowSize  stm32f4xx_hal_ltdc.o
    0x080017e8   0x080017e8   0x00000008   Code   RO          637    i.HAL_MspInit       stm32f4xx_hal.o
    0x080017f0   0x080017f0   0x00000016   Code   RO          778    i.HAL_NVIC_EnableIRQ  stm32f4xx_hal_cortex.o
    0x08001806   0x08001806   0x00000002   PAD
    0x08001808   0x08001808   0x00000040   Code   RO          784    i.HAL_NVIC_SetPriority  stm32f4xx_hal_cortex.o
    0x08001848   0x08001848   0x00000024   Code   RO          785    i.HAL_NVIC_SetPriorityGrouping  stm32f4xx_hal_cortex.o
    0x0800186c   0x0800186c   0x00000088   Code   RO         1090    i.HAL_PWREx_EnableOverDrive  stm32f4xx_hal_pwr_ex.o
    0x080018f4   0x080018f4   0x000002a8   Code   RO         1262    i.HAL_RCCEx_PeriphCLKConfig  stm32f4xx_hal_rcc_ex.o
    0x08001b9c   0x08001b9c   0x00000208   Code   RO         1157    i.HAL_RCC_ClockConfig  stm32f4xx_hal_rcc.o
    0x08001da4   0x08001da4   0x00000034   Code   RO         1162    i.HAL_RCC_GetHCLKFreq  stm32f4xx_hal_rcc.o
    0x08001dd8   0x08001dd8   0x0000002c   Code   RO         1164    i.HAL_RCC_GetPCLK1Freq  stm32f4xx_hal_rcc.o
    0x08001e04   0x08001e04   0x0000002c   Code   RO         1165    i.HAL_RCC_GetPCLK2Freq  stm32f4xx_hal_rcc.o
    0x08001e30   0x08001e30   0x00000074   Code   RO         1166    i.HAL_RCC_GetSysClockFreq  stm32f4xx_hal_rcc.o
    0x08001ea4   0x08001ea4   0x0000031c   Code   RO         1169    i.HAL_RCC_OscConfig  stm32f4xx_hal_rcc.o
    0x080021c0   0x080021c0   0x00000042   Code   RO         3052    i.HAL_SDRAM_Init    stm32f4xx_hal_sdram.o
    0x08002202   0x08002202   0x00000002   PAD
    0x08002204   0x08002204   0x000000dc   Code   RO         4793    i.HAL_SDRAM_MspInit  sdram.o
    0x080022e0   0x080022e0   0x00000022   Code   RO         3055    i.HAL_SDRAM_ProgramRefreshRate  stm32f4xx_hal_sdram.o
    0x08002302   0x08002302   0x0000002e   Code   RO         3061    i.HAL_SDRAM_SendCommand  stm32f4xx_hal_sdram.o
    0x08002330   0x08002330   0x00000084   Code   RO         3878    i.HAL_SPI_Init      stm32f4xx_hal_spi.o
    0x080023b4   0x080023b4   0x00000054   Code   RO         5021    i.HAL_SPI_MspInit   spi.o
    0x08002408   0x08002408   0x000002aa   Code   RO         3887    i.HAL_SPI_TransmitReceive  stm32f4xx_hal_spi.o
    0x080026b2   0x080026b2   0x00000056   Code   RO         2930    i.HAL_SRAM_Init     stm32f4xx_hal_sram.o
    0x08002708   0x08002708   0x00000078   Code   RO         4576    i.HAL_SRAM_MspInit  lcd.o
    0x08002780   0x08002780   0x00000018   Code   RO          787    i.HAL_SYSTICK_CLKSourceConfig  stm32f4xx_hal_cortex.o
    0x08002798   0x08002798   0x00000028   Code   RO          789    i.HAL_SYSTICK_Config  stm32f4xx_hal_cortex.o
    0x080027c0   0x080027c0   0x0000011c   Code   RO         1908    i.HAL_TIM_IC_ConfigChannel  stm32f4xx_hal_tim.o
    0x080028dc   0x080028dc   0x00000036   Code   RO         1911    i.HAL_TIM_IC_Init   stm32f4xx_hal_tim.o
    0x08002912   0x08002912   0x00000002   PAD
    0x08002914   0x08002914   0x00000054   Code   RO         5799    i.HAL_TIM_IC_MspInit  tpad.o
    0x08002968   0x08002968   0x0000001a   Code   RO         1914    i.HAL_TIM_IC_Start  stm32f4xx_hal_tim.o
    0x08002982   0x08002982   0x00000044   Code   RO         1958    i.HAL_TIM_ReadCapturedValue  stm32f4xx_hal_tim.o
    0x080029c6   0x080029c6   0x00000002   Code   RO         1309    i.HAL_UART_ErrorCallback  stm32f4xx_hal_uart.o
    0x080029c8   0x080029c8   0x000000f4   Code   RO         1312    i.HAL_UART_IRQHandler  stm32f4xx_hal_uart.o
    0x08002abc   0x08002abc   0x0000005e   Code   RO         1313    i.HAL_UART_Init     stm32f4xx_hal_uart.o
    0x08002b1a   0x08002b1a   0x00000002   PAD
    0x08002b1c   0x08002b1c   0x00000094   Code   RO         4460    i.HAL_UART_MspInit  usart.o
    0x08002bb0   0x08002bb0   0x000000ca   Code   RO         1316    i.HAL_UART_Receive  stm32f4xx_hal_uart.o
    0x08002c7a   0x08002c7a   0x00000002   Code   RO         1319    i.HAL_UART_RxCpltCallback  stm32f4xx_hal_uart.o
    0x08002c7c   0x08002c7c   0x00000002   Code   RO         1324    i.HAL_UART_TxCpltCallback  stm32f4xx_hal_uart.o
    0x08002c7e   0x08002c7e   0x00000002   Code   RO          398    i.HardFault_Handler  stm32f4xx_it.o
    0x08002c80   0x08002c80   0x00000060   Code   RO         4545    i.KEY_Init          key.o
    0x08002ce0   0x08002ce0   0x000000a8   Code   RO         4546    i.KEY_Scan          key.o
    0x08002d88   0x08002d88   0x00000048   Code   RO         4578    i.LCD_Clear         lcd.o
    0x08002dd0   0x08002dd0   0x000000f4   Code   RO         4582    i.LCD_Display_Dir   lcd.o
    0x08002ec4   0x08002ec4   0x00000096   Code   RO         4583    i.LCD_DrawLine      lcd.o
    0x08002f5a   0x08002f5a   0x00000002   PAD
    0x08002f5c   0x08002f5c   0x00000030   Code   RO         4584    i.LCD_DrawPoint     lcd.o
    0x08002f8c   0x08002f8c   0x0000003a   Code   RO         4585    i.LCD_DrawRectangle  lcd.o
    0x08002fc6   0x08002fc6   0x00000002   PAD
    0x08002fc8   0x08002fc8   0x000000fc   Code   RO         4587    i.LCD_Fast_DrawPoint  lcd.o
    0x080030c4   0x080030c4   0x00000060   Code   RO         4588    i.LCD_Fill          lcd.o
    0x08003124   0x08003124   0x0000238c   Code   RO         4589    i.LCD_Init          lcd.o
    0x080054b0   0x080054b0   0x00000014   Code   RO         4591    i.LCD_RD_DATA       lcd.o
    0x080054c4   0x080054c4   0x0000009c   Code   RO         4592    i.LCD_ReadPoint     lcd.o
    0x08005560   0x08005560   0x00000050   Code   RO         4594    i.LCD_SSD_BackLightSet  lcd.o
    0x080055b0   0x080055b0   0x000001b8   Code   RO         4595    i.LCD_Scan_Dir      lcd.o
    0x08005768   0x08005768   0x00000104   Code   RO         4596    i.LCD_SetCursor     lcd.o
    0x0800586c   0x0800586c   0x000000dc   Code   RO         4598    i.LCD_ShowChar      lcd.o
    0x08005948   0x08005948   0x00000054   Code   RO         4600    i.LCD_ShowString    lcd.o
    0x0800599c   0x0800599c   0x00000018   Code   RO         4602    i.LCD_WR_DATA       lcd.o
    0x080059b4   0x080059b4   0x00000018   Code   RO         4603    i.LCD_WR_REG        lcd.o
    0x080059cc   0x080059cc   0x00000014   Code   RO         4605    i.LCD_WriteRAM_Prepare  lcd.o
    0x080059e0   0x080059e0   0x00000010   Code   RO         4606    i.LCD_WriteReg      lcd.o
    0x080059f0   0x080059f0   0x0000004c   Code   RO         4521    i.LED_Init          led.o
    0x08005a3c   0x08005a3c   0x00000020   Code   RO         4852    i.LTDC_Clear        ltdc.o
    0x08005a5c   0x08005a5c   0x0000001e   Code   RO         4853    i.LTDC_Clk_Set      ltdc.o
    0x08005a7a   0x08005a7a   0x00000002   PAD
    0x08005a7c   0x08005a7c   0x000000c0   Code   RO         4854    i.LTDC_Color_Fill   ltdc.o
    0x08005b3c   0x08005b3c   0x00000028   Code   RO         4855    i.LTDC_Display_Dir  ltdc.o
    0x08005b64   0x08005b64   0x0000003c   Code   RO         4856    i.LTDC_Draw_Point   ltdc.o
    0x08005ba0   0x08005ba0   0x000000b4   Code   RO         4857    i.LTDC_Fill         ltdc.o
    0x08005c54   0x08005c54   0x000001f0   Code   RO         4858    i.LTDC_Init         ltdc.o
    0x08005e44   0x08005e44   0x0000005c   Code   RO         4859    i.LTDC_Layer_Parameter_Config  ltdc.o
    0x08005ea0   0x08005ea0   0x00000024   Code   RO         4861    i.LTDC_Layer_Window_Config  ltdc.o
    0x08005ec4   0x08005ec4   0x000000b8   Code   RO         4862    i.LTDC_PanelID_Read  ltdc.o
    0x08005f7c   0x08005f7c   0x00000038   Code   RO         4863    i.LTDC_Read_Point   ltdc.o
    0x08005fb4   0x08005fb4   0x00000162   Code   RO         3227    i.LTDC_SetConfig    stm32f4xx_hal_ltdc.o
    0x08006116   0x08006116   0x00000002   Code   RO          399    i.MemManage_Handler  stm32f4xx_it.o
    0x08006118   0x08006118   0x00000002   Code   RO          400    i.NMI_Handler       stm32f4xx_it.o
    0x0800611a   0x0800611a   0x00000020   Code   RO          791    i.NVIC_SetPriority  stm32f4xx_hal_cortex.o
    0x0800613a   0x0800613a   0x00000050   Code   RO         5331    i.OV5640_Brightness  ov5640.o
    0x0800618a   0x0800618a   0x00000002   PAD
    0x0800618c   0x0800618c   0x0000007c   Code   RO         5332    i.OV5640_Color_Saturation  ov5640.o
    0x08006208   0x08006208   0x00000068   Code   RO         5333    i.OV5640_Contrast   ov5640.o
    0x08006270   0x08006270   0x0000002c   Code   RO         5335    i.OV5640_Flash_Ctrl  ov5640.o
    0x0800629c   0x0800629c   0x00000072   Code   RO         5336    i.OV5640_Focus_Constant  ov5640.o
    0x0800630e   0x0800630e   0x00000002   PAD
    0x08006310   0x08006310   0x000000b8   Code   RO         5337    i.OV5640_Focus_Init  ov5640.o
    0x080063c8   0x080063c8   0x00000036   Code   RO         5338    i.OV5640_Focus_Single  ov5640.o
    0x080063fe   0x080063fe   0x00000002   PAD
    0x08006400   0x08006400   0x000000ec   Code   RO         5340    i.OV5640_Init       ov5640.o
    0x080064ec   0x080064ec   0x00000044   Code   RO         5342    i.OV5640_Light_Mode  ov5640.o
    0x08006530   0x08006530   0x0000007e   Code   RO         5343    i.OV5640_OutSize_Set  ov5640.o
    0x080065ae   0x080065ae   0x0000003a   Code   RO         5344    i.OV5640_RD_Reg     ov5640.o
    0x080065e8   0x080065e8   0x0000003c   Code   RO         5345    i.OV5640_RGB565_Mode  ov5640.o
    0x08006624   0x08006624   0x00000072   Code   RO         5346    i.OV5640_Sharpness  ov5640.o
    0x08006696   0x08006696   0x0000003c   Code   RO         5349    i.OV5640_WR_Reg     ov5640.o
    0x080066d2   0x080066d2   0x00000002   Code   RO          401    i.PendSV_Handler    stm32f4xx_it.o
    0x080066d4   0x080066d4   0x000000f6   Code   RO         7166    i.RGBtoHSL          easytrace.o
    0x080067ca   0x080067ca   0x00000022   Code   RO         7167    i.ReadColor         easytrace.o
    0x080067ec   0x080067ec   0x00000038   Code   RO         5272    i.SCCB_Init         sccb.o
    0x08006824   0x08006824   0x00000038   Code   RO         5273    i.SCCB_No_Ack       sccb.o
    0x0800685c   0x0800685c   0x00000068   Code   RO         5274    i.SCCB_RD_Byte      sccb.o
    0x080068c4   0x080068c4   0x0000002c   Code   RO         5275    i.SCCB_Start        sccb.o
    0x080068f0   0x080068f0   0x00000030   Code   RO         5276    i.SCCB_Stop         sccb.o
    0x08006920   0x08006920   0x00000084   Code   RO         5277    i.SCCB_WR_Byte      sccb.o
    0x080069a4   0x080069a4   0x00000060   Code   RO         4794    i.SDRAM_Init        sdram.o
    0x08006a04   0x08006a04   0x00000050   Code   RO         4795    i.SDRAM_Initialization_Sequence  sdram.o
    0x08006a54   0x08006a54   0x00000034   Code   RO         4796    i.SDRAM_Send_Cmd    sdram.o
    0x08006a88   0x08006a88   0x00000050   Code   RO         5022    i.SPI5_Init         spi.o
    0x08006ad8   0x08006ad8   0x00000020   Code   RO         5023    i.SPI5_ReadWriteByte  spi.o
    0x08006af8   0x08006af8   0x00000034   Code   RO         5024    i.SPI5_SetSpeed     spi.o
    0x08006b2c   0x08006b2c   0x0000009e   Code   RO         3909    i.SPI_WaitOnFlagUntilTimeout  stm32f4xx_hal_spi.o
    0x08006bca   0x08006bca   0x00000002   Code   RO          402    i.SVC_Handler       stm32f4xx_it.o
    0x08006bcc   0x08006bcc   0x000000a0   Code   RO         7168    i.SearchCentre      easytrace.o
    0x08006c6c   0x08006c6c   0x000000a8   Code   RO         6717    i.Show_Font         text.o
    0x08006d14   0x08006d14   0x000000ae   Code   RO         6718    i.Show_Str          text.o
    0x08006dc2   0x08006dc2   0x00000002   PAD
    0x08006dc4   0x08006dc4   0x00000084   Code   RO         4433    i.Stm32_Clock_Init  sys.o
    0x08006e48   0x08006e48   0x00000004   Code   RO          403    i.SysTick_Handler   stm32f4xx_it.o
    0x08006e4c   0x08006e4c   0x00000054   Code   RO          475    i.SystemInit        system_stm32f4xx.o
    0x08006ea0   0x08006ea0   0x0000003c   Code   RO         5800    i.TIM2_CH1_Cap_Init  tpad.o
    0x08006edc   0x08006edc   0x000000c0   Code   RO         1962    i.TIM_Base_SetConfig  stm32f4xx_hal_tim.o
    0x08006f9c   0x08006f9c   0x00000016   Code   RO         1963    i.TIM_CCxChannelCmd  stm32f4xx_hal_tim.o
    0x08006fb2   0x08006fb2   0x00000002   PAD
    0x08006fb4   0x08006fb4   0x00000084   Code   RO         1977    i.TIM_TI1_SetConfig  stm32f4xx_hal_tim.o
    0x08007038   0x08007038   0x00000036   Code   RO         1979    i.TIM_TI2_SetConfig  stm32f4xx_hal_tim.o
    0x0800706e   0x0800706e   0x00000002   PAD
    0x08007070   0x08007070   0x00000050   Code   RO         5801    i.TPAD_Get_MaxVal   tpad.o
    0x080070c0   0x080070c0   0x00000034   Code   RO         5802    i.TPAD_Get_Val      tpad.o
    0x080070f4   0x080070f4   0x000000a8   Code   RO         5803    i.TPAD_Init         tpad.o
    0x0800719c   0x0800719c   0x00000054   Code   RO         5804    i.TPAD_Reset        tpad.o
    0x080071f0   0x080071f0   0x00000060   Code   RO         5805    i.TPAD_Scan         tpad.o
    0x08007250   0x08007250   0x000000e0   Code   RO         7169    i.Trace             easytrace.o
    0x08007330   0x08007330   0x000000a6   Code   RO         1331    i.UART_Receive_IT   stm32f4xx_hal_uart.o
    0x080073d6   0x080073d6   0x00000002   PAD
    0x080073d8   0x080073d8   0x00000174   Code   RO         1332    i.UART_SetConfig    stm32f4xx_hal_uart.o
    0x0800754c   0x0800754c   0x00000066   Code   RO         1333    i.UART_Transmit_IT  stm32f4xx_hal_uart.o
    0x080075b2   0x080075b2   0x00000092   Code   RO         1334    i.UART_WaitOnFlagUntilTimeout  stm32f4xx_hal_uart.o
    0x08007644   0x08007644   0x0000006c   Code   RO         4461    i.USART1_IRQHandler  usart.o
    0x080076b0   0x080076b0   0x00000002   Code   RO          404    i.UsageFault_Handler  stm32f4xx_it.o
    0x080076b2   0x080076b2   0x00000002   PAD
    0x080076b4   0x080076b4   0x0000007c   Code   RO         5071    i.W25QXX_Init       w25qxx.o
    0x08007730   0x08007730   0x00000068   Code   RO         5073    i.W25QXX_Read       w25qxx.o
    0x08007798   0x08007798   0x00000044   Code   RO         5074    i.W25QXX_ReadID     w25qxx.o
    0x080077dc   0x080077dc   0x00000038   Code   RO         5075    i.W25QXX_ReadSR     w25qxx.o
    0x08007814   0x08007814   0x0000000e   Code   RO         7267    i._is_digit         c_w.l(__printf_wp.o)
    0x08007822   0x08007822   0x00000002   Code   RO         4462    i._sys_exit         usart.o
    0x08007824   0x08007824   0x00000014   Code   RO         4394    i.delay_init        delay.o
    0x08007838   0x08007838   0x0000001a   Code   RO         4395    i.delay_ms          delay.o
    0x08007852   0x08007852   0x00000002   PAD
    0x08007854   0x08007854   0x00000034   Code   RO         4396    i.delay_us          delay.o
    0x08007888   0x08007888   0x00000064   Code   RO         6452    i.exfuns_init       exfuns.o
    0x080078ec   0x080078ec   0x00000040   Code   RO         6758    i.font_init         fontupd.o
    0x0800792c   0x0800792c   0x00000014   Code   RO         4463    i.fputc             usart.o
    0x08007940   0x08007940   0x000000cc   Code   RO            5    i.jpeg_data_process  main.o
    0x08007a0c   0x08007a0c   0x00000408   Code   RO            7    i.main              main.o
    0x08007e14   0x08007e14   0x0000002c   Code   RO         5891    i.my_mem_init       malloc.o
    0x08007e40   0x08007e40   0x00000088   Code   RO         5892    i.my_mem_malloc     malloc.o
    0x08007ec8   0x08007ec8   0x0000003c   Code   RO         5893    i.my_mem_perused    malloc.o
    0x08007f04   0x08007f04   0x00000020   Code   RO         5895    i.mymalloc          malloc.o
    0x08007f24   0x08007f24   0x0000000c   Code   RO         5897    i.mymemset          malloc.o
    0x08007f30   0x08007f30   0x00000060   Code   RO            9    i.rgblcd_dcmi_rx_callback  main.o
    0x08007f90   0x08007f90   0x00000040   Code   RO           11    i.sw_sdcard_mode    main.o
    0x08007fd0   0x08007fd0   0x00000024   Code   RO         4464    i.uart_init         usart.o
    0x08007ff4   0x08007ff4   0x0000005a   Code   RO         7303    x$fpl$dfixu         fz_wm.l(dfixu.o)
    0x0800804e   0x0800804e   0x00000026   Code   RO         7307    x$fpl$dfltu         fz_wm.l(dflt_clz.o)
    0x08008074   0x08008074   0x00000154   Code   RO         7313    x$fpl$dmul          fz_wm.l(dmul.o)
    0x080081c8   0x080081c8   0x0000009c   Code   RO         7336    x$fpl$dnaninf       fz_wm.l(dnaninf.o)
    0x08008264   0x08008264   0x0000000c   Code   RO         7338    x$fpl$dretinf       fz_wm.l(dretinf.o)
    0x08008270   0x08008270   0x0000000a   Code   RO         7447    x$fpl$fpinit        fz_wm.l(fpinit.o)
    0x0800827a   0x0800827a   0x00000000   Code   RO         7340    x$fpl$usenofp       fz_wm.l(usenofp.o)
    0x0800827a   0x0800827a   0x00000010   Data   RO         1170    .constdata          stm32f4xx_hal_rcc.o
    0x0800828a   0x0800828a   0x00000008   Data   RO         1763    .constdata          stm32f4xx_hal_dma.o
    0x08008292   0x08008292   0x00004740   Data   RO         4609    .constdata          lcd.o
    0x0800c9d2   0x0800c9d2   0x0000150d   Data   RO         5350    .constdata          ov5640.o
    0x0800dedf   0x0800dedf   0x00000001   PAD
    0x0800dee0   0x0800dee0   0x00000024   Data   RO         5905    .constdata          malloc.o
    0x0800df04   0x0800df04   0x00000028   Data   RO         7240    .constdata          c_w.l(_printf_hex_int.o)
    0x0800df2c   0x0800df2c   0x00000011   Data   RO         7275    .constdata          c_w.l(__printf_flags_ss_wp.o)
    0x0800df3d   0x0800df3d   0x00000003   PAD
    0x0800df40   0x0800df40   0x00000020   Data   RO         7501    Region$$Table       anon$$obj.o


    Execution Region RW_IRAM1 (Exec base: 0x20000000, Load base: 0x0800df60, Size: 0x0002b318, Max: 0x00030000, ABSOLUTE)

    Exec Addr    Load Addr    Size         Type   Attr      Idx    E Section Name        Object

    0x20000000   0x0800df60   0x00000018   Data   RW           12    .data               main.o
    0x20000018   0x0800df78   0x00000014   Data   RW          476    .data               system_stm32f4xx.o
    0x2000002c   0x0800df8c   0x00000004   Data   RW          640    .data               stm32f4xx_hal.o
    0x20000030   0x0800df90   0x00000004   Data   RW         4397    .data               delay.o
    0x20000034   0x0800df94   0x00000002   Data   RW         4466    .data               usart.o
    0x20000036   0x0800df96   0x00000002   PAD
    0x20000038   0x0800df98   0x00000004   Data   RW         4467    .data               usart.o
    0x2000003c   0x0800df9c   0x00000001   Data   RW         4547    .data               key.o
    0x2000003d   0x0800df9d   0x00000003   PAD
    0x20000040   0x0800dfa0   0x00000008   Data   RW         4610    .data               lcd.o
    0x20000048   0x0800dfa8   0x00000008   Data   RW         4869    .data               ltdc.o
    0x20000050   0x0800dfb0   0x00000002   Data   RW         5085    .data               w25qxx.o
    0x20000052   0x0800dfb2   0x00000002   PAD
    0x20000054   0x0800dfb4   0x00000020   Data   RW         5197    .data               dcmi.o
    0x20000074   0x0800dfd4   0x00000004   Data   RW         5807    .data               tpad.o
    0x20000078   0x0800dfd8   0x00000024   Data   RW         5906    .data               malloc.o
    0x2000009c   0x0800dffc   0x0000000c   Data   RW         6459    .data               exfuns.o
    0x200000a8   0x0800e008   0x0000001c   Data   RW         7170    .data               easytrace.o
    0x200000c4        -       0x00000108   Zero   RW         4465    .bss                usart.o
    0x200001cc        -       0x0000005e   Zero   RW         4608    .bss                lcd.o
    0x2000022a   0x0800e024   0x00000002   PAD
    0x2000022c        -       0x00000034   Zero   RW         4797    .bss                sdram.o
    0x20000260        -       0x000000c8   Zero   RW         4867    .bss                ltdc.o
    0x20000328        -       0x00000058   Zero   RW         5025    .bss                spi.o
    0x20000380        -       0x000000a8   Zero   RW         5196    .bss                dcmi.o
    0x20000428        -       0x0000003c   Zero   RW         5806    .bss                tpad.o
    0x20000464   0x0800e024   0x0000001c   PAD
    0x20000480        -       0x00028000   Zero   RW         5903    .bss                malloc.o
    0x20028480        -       0x00002800   Zero   RW         5904    .bss                malloc.o
    0x2002ac80        -       0x0000000c   Zero   RW         6454    .bss                exfuns.o
    0x2002ac8c        -       0x00000029   Zero   RW         6762    .bss                fontupd.o
    0x2002acb5   0x0800e024   0x00000003   PAD
    0x2002acb8        -       0x00000060   Zero   RW         7379    .bss                c_w.l(libspace.o)
    0x2002ad18        -       0x00000200   Zero   RW          608    HEAP                startup_stm32f429xx.o
    0x2002af18        -       0x00000400   Zero   RW          607    STACK               startup_stm32f429xx.o



  Load Region LR$$.ARM.__AT_0x10000000 (Base: 0x10000000, Size: 0x00000000, Max: 0x0000f000, ABSOLUTE)

    Execution Region ER$$.ARM.__AT_0x10000000 (Exec base: 0x10000000, Load base: 0x10000000, Size: 0x0000f000, Max: 0x0000f000, ABSOLUTE, UNINIT)

    Exec Addr    Load Addr    Size         Type   Attr      Idx    E Section Name        Object

    0x10000000        -       0x0000f000   Zero   RW         5899    .ARM.__AT_0x10000000  malloc.o



  Load Region LR$$.ARM.__AT_0x1000F000 (Base: 0x1000f000, Size: 0x00000000, Max: 0x00000f00, ABSOLUTE)

    Execution Region ER$$.ARM.__AT_0x1000F000 (Exec base: 0x1000f000, Load base: 0x1000f000, Size: 0x00000f00, Max: 0x00000f00, ABSOLUTE, UNINIT)

    Exec Addr    Load Addr    Size         Type   Attr      Idx    E Section Name        Object

    0x1000f000        -       0x00000f00   Zero   RW         5900    .ARM.__AT_0x1000F000  malloc.o



  Load Region LR$$.ARM.__AT_0xC0000000 (Base: 0xc0000000, Size: 0x00000000, Max: 0x001f4000, ABSOLUTE)

    Execution Region ER$$.ARM.__AT_0xC0000000 (Exec base: 0xc0000000, Load base: 0xc0000000, Size: 0x001f4000, Max: 0x001f4000, ABSOLUTE, UNINIT)

    Exec Addr    Load Addr    Size         Type   Attr      Idx    E Section Name        Object

    0xc0000000        -       0x001f4000   Zero   RW         4866    .ARM.__AT_0xC0000000  ltdc.o



  Load Region LR$$.ARM.__AT_0xC01F4000 (Base: 0xc01f4000, Size: 0x00000000, Max: 0x01c3c000, ABSOLUTE)

    Execution Region ER$$.ARM.__AT_0xC01F4000 (Exec base: 0xc01f4000, Load base: 0xc01f4000, Size: 0x01c3c000, Max: 0x01c3c000, ABSOLUTE, UNINIT)

    Exec Addr    Load Addr    Size         Type   Attr      Idx    E Section Name        Object

    0xc01f4000        -       0x01c3c000   Zero   RW         5901    .ARM.__AT_0xC01F4000  malloc.o



  Load Region LR$$.ARM.__AT_0xC1E30000 (Base: 0xc1e30000, Size: 0x00000000, Max: 0x001c3c00, ABSOLUTE)

    Execution Region ER$$.ARM.__AT_0xC1E30000 (Exec base: 0xc1e30000, Load base: 0xc1e30000, Size: 0x001c3c00, Max: 0x001c3c00, ABSOLUTE, UNINIT)

    Exec Addr    Load Addr    Size         Type   Attr      Idx    E Section Name        Object

    0xc1e30000        -       0x001c3c00   Zero   RW         5902    .ARM.__AT_0xC1E30000  malloc.o


==============================================================================

Image component sizes


      Code (inc. data)   RO Data    RW Data    ZI Data      Debug   Object Name

        68          8          0          0          0        896   beep.o
       820        122          0         32        168       5898   dcmi.o
        98          8          0          4          0       1975   delay.o
      1014          6          0         28          0       6639   easytrace.o
       100          8          0         12         12       1803   exfuns.o
        64          6          0          0         41       2063   fontupd.o
       264         26          0          1          0       1702   key.o
     11484        210      18240          8         94      22903   lcd.o
        76          8          0          0          0        879   led.o
      1642        142          0          8    2048200      11204   ltdc.o
      1396        282          0         24          0     450484   main.o
       284         30         36         36   31695616       5271   malloc.o
      1426         52       5389          0          0      11511   ov5640.o
       440         44          0          0          0       4354   sccb.o
       448         46          0          0         52       3454   sdram.o
       248         28          0          0         88       2894   spi.o
        64         26        428          0       1536        860   startup_stm32f429xx.o
       144         16          0          4          0       4776   stm32f4xx_hal.o
       218         14          0          0          0      30949   stm32f4xx_hal_cortex.o
       234          0          0          0          0       3002   stm32f4xx_hal_dcmi.o
       172          4          0          0          0       1148   stm32f4xx_hal_dcmi_ex.o
       426         10          8          0          0       5068   stm32f4xx_hal_dma.o
       122          0          0          0          0       2065   stm32f4xx_hal_dma_ex.o
       496         54          0          0          0       3343   stm32f4xx_hal_gpio.o
       856          4          0          0          0       4797   stm32f4xx_hal_ltdc.o
       136         14          0          0          0       1316   stm32f4xx_hal_pwr_ex.o
      1572         72         16          0          0       6423   stm32f4xx_hal_rcc.o
       680         36          0          0          0       1688   stm32f4xx_hal_rcc_ex.o
       146          0          0          0          0       2756   stm32f4xx_hal_sdram.o
       972          0          0          0          0       3805   stm32f4xx_hal_spi.o
        86          0          0          0          0       1232   stm32f4xx_hal_sram.o
       832         72          0          0          0       7849   stm32f4xx_hal_tim.o
      1332          8          0          0          0       8754   stm32f4xx_hal_uart.o
        20          0          0          0          0       4058   stm32f4xx_it.o
       560         20          0          0          0       6040   stm32f4xx_ll_fmc.o
       132         10          0          0          0       1155   sys.o
        84         18          0         20          0       1061   system_stm32f4xx.o
       494         14          0          0          0       3591   text.o
       624         76          0          4         60       5635   tpad.o
       314         36          0          6        264       4863   usart.o
       352         38          0          2          0       3688   w25qxx.o

    ----------------------------------------------------------------------
     30978       1568      24150        196   33746164     653852   Object Totals
         0          0         32          0          0          0   (incl. Generated)
        38          0          1          7         33          0   (incl. Padding)

    ----------------------------------------------------------------------

      Code (inc. data)   RO Data    RW Data    ZI Data      Debug   Library Member Name

         8          0          0          0          0         68   __main.o
       392          4         17          0          0         92   __printf_flags_ss_wp.o
        14          0          0          0          0         68   __printf_wp.o
         0          0          0          0          0          0   __rtentry.o
        12          0          0          0          0          0   __rtentry2.o
         6          0          0          0          0          0   __rtentry4.o
        52          8          0          0          0          0   __scatter.o
        26          0          0          0          0          0   __scatter_copy.o
        28          0          0          0          0          0   __scatter_zi.o
        48          6          0          0          0         96   _printf_char_common.o
        36          4          0          0          0         80   _printf_char_file.o
         6          0          0          0          0          0   _printf_d.o
       120         16          0          0          0         92   _printf_dec.o
        88          4         40          0          0         88   _printf_hex_int.o
       178          0          0          0          0         88   _printf_intcommon.o
         0          0          0          0          0          0   _printf_percent.o
         4          0          0          0          0          0   _printf_percent_end.o
         6          0          0          0          0          0   _printf_x.o
        10          0          0          0          0         68   _sputc.o
        18          0          0          0          0         80   exit.o
         8          0          0          0          0         68   ferror.o
         6          0          0          0          0        152   heapauxi.o
         2          0          0          0          0          0   libinit.o
         6          0          0          0          0          0   libinit2.o
         2          0          0          0          0          0   libshutdown.o
         2          0          0          0          0          0   libshutdown2.o
         8          4          0          0         96         68   libspace.o
        24          4          0          0          0         84   noretval__2printf.o
        40          6          0          0          0         84   noretval__2sprintf.o
       100          0          0          0          0         80   rt_memcpy_w.o
         2          0          0          0          0          0   rtexit.o
        10          0          0          0          0          0   rtexit2.o
        74          0          0          0          0         80   sys_stackheap_outer.o
         2          0          0          0          0         68   use_no_semi.o
         2          0          0          0          0         68   use_no_semi_2.o
        90          4          0          0          0        140   dfixu.o
        38          0          0          0          0        116   dflt_clz.o
       340         12          0          0          0        152   dmul.o
       156          4          0          0          0        140   dnaninf.o
        12          0          0          0          0        116   dretinf.o
        10          0          0          0          0        116   fpinit.o
         0          0          0          0          0          0   usenofp.o

    ----------------------------------------------------------------------
      1996         76         60          0         96       2352   Library Totals
        10          0          3          0          0          0   (incl. Padding)

    ----------------------------------------------------------------------

      Code (inc. data)   RO Data    RW Data    ZI Data      Debug   Library Name

      1340         56         57          0         96       1572   c_w.l
       646         20          0          0          0        780   fz_wm.l

    ----------------------------------------------------------------------
      1996         76         60          0         96       2352   Library Totals

    ----------------------------------------------------------------------

==============================================================================


      Code (inc. data)   RO Data    RW Data    ZI Data      Debug   

     32974       1644      24210        196   33746260     636324   Grand Totals
     32974       1644      24210        196   33746260     636324   ELF Image Totals
     32974       1644      24210        196          0          0   ROM Totals

==============================================================================

    Total RO  Size (Code + RO Data)                57184 (  55.84kB)
    Total RW  Size (RW Data + ZI Data)          33746456 (32955.52kB)
    Total ROM Size (Code + RO Data + RW Data)      57380 (  56.04kB)

==============================================================================

