Component: ARM Compiler 5.06 update 6 (build 750) Tool: armlink [4d35ed]

==============================================================================

Section Cross References

    startup_stm32f439xx.o(RESET) refers to startup_stm32f439xx.o(STACK) for __initial_sp
    startup_stm32f439xx.o(RESET) refers to startup_stm32f439xx.o(.text) for Reset_Handler
    startup_stm32f439xx.o(RESET) refers to stm32f4xx_it.o(i.NMI_Handler) for NMI_Handler
    startup_stm32f439xx.o(RESET) refers to stm32f4xx_it.o(i.HardFault_Handler) for HardFault_Handler
    startup_stm32f439xx.o(RESET) refers to stm32f4xx_it.o(i.MemManage_Handler) for MemManage_Handler
    startup_stm32f439xx.o(RESET) refers to stm32f4xx_it.o(i.BusFault_Handler) for BusFault_Handler
    startup_stm32f439xx.o(RESET) refers to stm32f4xx_it.o(i.UsageFault_Handler) for UsageFault_Handler
    startup_stm32f439xx.o(RESET) refers to stm32f4xx_it.o(i.SVC_Handler) for SVC_Handler
    startup_stm32f439xx.o(RESET) refers to stm32f4xx_it.o(i.DebugMon_Handler) for DebugMon_Handler
    startup_stm32f439xx.o(RESET) refers to stm32f4xx_it.o(i.PendSV_Handler) for PendSV_Handler
    startup_stm32f439xx.o(RESET) refers to stm32f4xx_it.o(i.SysTick_Handler) for SysTick_Handler
    startup_stm32f439xx.o(.text) refers to system_stm32f4xx.o(i.SystemInit) for SystemInit
    startup_stm32f439xx.o(.text) refers to entry.o(.ARM.Collect$$$$00000000) for __main
    mpu6050.o(i.MPU_Get_Accelerometer) refers to mpu6050.o(i.MPU_Read_Len) for MPU_Read_Len
    mpu6050.o(i.MPU_Get_Gyroscope) refers to mpu6050.o(i.MPU_Read_Len) for MPU_Read_Len
    mpu6050.o(i.MPU_Get_Temperature) refers to mpu6050.o(i.MPU_Read_Len) for MPU_Read_Len
    mpu6050.o(i.MPU_Get_Temperature) refers to dflti.o(.text) for __aeabi_i2d
    mpu6050.o(i.MPU_Get_Temperature) refers to ddiv.o(.text) for __aeabi_ddiv
    mpu6050.o(i.MPU_Get_Temperature) refers to dadd.o(.text) for __aeabi_dadd
    mpu6050.o(i.MPU_Get_Temperature) refers to d2f.o(.text) for __aeabi_d2f
    mpu6050.o(i.MPU_Init) refers to myiic.o(i.IIC_Init) for IIC_Init
    mpu6050.o(i.MPU_Init) refers to mpu6050.o(i.MPU_Write_Byte) for MPU_Write_Byte
    mpu6050.o(i.MPU_Init) refers to delay.o(i.delay_ms) for delay_ms
    mpu6050.o(i.MPU_Init) refers to mpu6050.o(i.MPU_Set_Gyro_Fsr) for MPU_Set_Gyro_Fsr
    mpu6050.o(i.MPU_Init) refers to mpu6050.o(i.MPU_Set_Accel_Fsr) for MPU_Set_Accel_Fsr
    mpu6050.o(i.MPU_Init) refers to mpu6050.o(i.MPU_Set_Rate) for MPU_Set_Rate
    mpu6050.o(i.MPU_Init) refers to mpu6050.o(i.MPU_Read_Byte) for MPU_Read_Byte
    mpu6050.o(i.MPU_Init) refers to printfa.o(i.__0printf) for __2printf
    mpu6050.o(i.MPU_Read_Byte) refers to myiic.o(i.IIC_Start) for IIC_Start
    mpu6050.o(i.MPU_Read_Byte) refers to myiic.o(i.IIC_Send_Byte) for IIC_Send_Byte
    mpu6050.o(i.MPU_Read_Byte) refers to myiic.o(i.IIC_Wait_Ack) for IIC_Wait_Ack
    mpu6050.o(i.MPU_Read_Byte) refers to myiic.o(i.IIC_Read_Byte) for IIC_Read_Byte
    mpu6050.o(i.MPU_Read_Byte) refers to myiic.o(i.IIC_Stop) for IIC_Stop
    mpu6050.o(i.MPU_Read_Len) refers to myiic.o(i.IIC_Start) for IIC_Start
    mpu6050.o(i.MPU_Read_Len) refers to myiic.o(i.IIC_Send_Byte) for IIC_Send_Byte
    mpu6050.o(i.MPU_Read_Len) refers to myiic.o(i.IIC_Wait_Ack) for IIC_Wait_Ack
    mpu6050.o(i.MPU_Read_Len) refers to myiic.o(i.IIC_Stop) for IIC_Stop
    mpu6050.o(i.MPU_Read_Len) refers to myiic.o(i.IIC_Read_Byte) for IIC_Read_Byte
    mpu6050.o(i.MPU_Set_Accel_Fsr) refers to mpu6050.o(i.MPU_Write_Byte) for MPU_Write_Byte
    mpu6050.o(i.MPU_Set_Gyro_Fsr) refers to mpu6050.o(i.MPU_Write_Byte) for MPU_Write_Byte
    mpu6050.o(i.MPU_Set_LPF) refers to mpu6050.o(i.MPU_Write_Byte) for MPU_Write_Byte
    mpu6050.o(i.MPU_Set_Rate) refers to mpu6050.o(i.MPU_Write_Byte) for MPU_Write_Byte
    mpu6050.o(i.MPU_Set_Rate) refers to mpu6050.o(i.MPU_Set_LPF) for MPU_Set_LPF
    mpu6050.o(i.MPU_Write_Byte) refers to myiic.o(i.IIC_Start) for IIC_Start
    mpu6050.o(i.MPU_Write_Byte) refers to myiic.o(i.IIC_Send_Byte) for IIC_Send_Byte
    mpu6050.o(i.MPU_Write_Byte) refers to myiic.o(i.IIC_Wait_Ack) for IIC_Wait_Ack
    mpu6050.o(i.MPU_Write_Byte) refers to myiic.o(i.IIC_Stop) for IIC_Stop
    mpu6050.o(i.MPU_Write_Len) refers to myiic.o(i.IIC_Start) for IIC_Start
    mpu6050.o(i.MPU_Write_Len) refers to myiic.o(i.IIC_Send_Byte) for IIC_Send_Byte
    mpu6050.o(i.MPU_Write_Len) refers to myiic.o(i.IIC_Wait_Ack) for IIC_Wait_Ack
    mpu6050.o(i.MPU_Write_Len) refers to myiic.o(i.IIC_Stop) for IIC_Stop
    inv_mpu.o(i.accel_self_test) refers to inv_mpu.o(i.get_accel_prod_shift) for get_accel_prod_shift
    inv_mpu.o(i.get_accel_prod_shift) refers to mpu6050.o(i.MPU_Read_Len) for MPU_Read_Len
    inv_mpu.o(i.get_accel_prod_shift) refers to inv_mpu.o(.data) for .data
    inv_mpu.o(i.get_st_biases) refers to mpu6050.o(i.MPU_Write_Len) for MPU_Write_Len
    inv_mpu.o(i.get_st_biases) refers to delay.o(i.delay_ms) for delay_ms
[...]
    ../clib/microlib/init/entry.s            0x00000000   Number         0  entry5.o ABSOLUTE
    ../clib/microlib/longlong.c              0x00000000   Number         0  llshl.o ABSOLUTE
    ../clib/microlib/longlong.c              0x00000000   Number         0  llushr.o ABSOLUTE
    ../clib/microlib/longlong.c              0x00000000   Number         0  llsshr.o ABSOLUTE
    ../clib/microlib/printf/printf.c         0x00000000   Number         0  printf7.o ABSOLUTE
    ../clib/microlib/printf/printf.c         0x00000000   Number         0  printf2.o ABSOLUTE
    ../clib/microlib/printf/printf.c         0x00000000   Number         0  printf3.o ABSOLUTE
    ../clib/microlib/printf/printf.c         0x00000000   Number         0  printf4.o ABSOLUTE
    ../clib/microlib/printf/printf.c         0x00000000   Number         0  printf8.o ABSOLUTE
    ../clib/microlib/printf/printf.c         0x00000000   Number         0  printf5.o ABSOLUTE
    ../clib/microlib/printf/printf.c         0x00000000   Number         0  printfb.o ABSOLUTE
    ../clib/microlib/printf/printf.c         0x00000000   Number         0  printfa.o ABSOLUTE
    ../clib/microlib/printf/printf.c         0x00000000   Number         0  printf6.o ABSOLUTE
    ../clib/microlib/printf/printf.c         0x00000000   Number         0  printf0.o ABSOLUTE
    ../clib/microlib/printf/printf.c         0x00000000   Number         0  printf1.o ABSOLUTE
    ../clib/microlib/printf/stubs.s          0x00000000   Number         0  stubs.o ABSOLUTE
    ../clib/microlib/stdio/streams.c         0x00000000   Number         0  stdout.o ABSOLUTE
    ../clib/microlib/string/memcmp.c         0x00000000   Number         0  memcmp.o ABSOLUTE
    ../clib/microlib/string/memset.c         0x00000000   Number         0  memseta.o ABSOLUTE
    ../clib/microlib/stubs.s                 0x00000000   Number         0  iusefp.o ABSOLUTE
    ../fplib/microlib/d2f.c                  0x00000000   Number         0  d2f.o ABSOLUTE
    ../fplib/microlib/f2d.c                  0x00000000   Number         0  f2d.o ABSOLUTE
    ../fplib/microlib/fpadd.c                0x00000000   Number         0  dadd.o ABSOLUTE
    ../fplib/microlib/fpdiv.c                0x00000000   Number         0  ddiv.o ABSOLUTE
    ../fplib/microlib/fpepilogue.c           0x00000000   Number         0  depilogue.o ABSOLUTE
    ../fplib/microlib/fpepilogue.c           0x00000000   Number         0  fepilogue.o ABSOLUTE
    ../fplib/microlib/fpfix.c                0x00000000   Number         0  dfixul.o ABSOLUTE
    ../fplib/microlib/fpflt.c                0x00000000   Number         0  dflti.o ABSOLUTE
    ../fplib/microlib/fpmul.c                0x00000000   Number         0  dmul.o ABSOLUTE
    ../fplib/microlib/fpneg.c                0x00000000   Number         0  dneg.o ABSOLUTE
    ../fplib/microlib/fpsqrt.c               0x00000000   Number         0  dsqrt.o ABSOLUTE
    ../mathlib/asin.c                        0x00000000   Number         0  asin_x.o ABSOLUTE
    ../mathlib/asin.c                        0x00000000   Number         0  asin.o ABSOLUTE
    ../mathlib/atan.c                        0x00000000   Number         0  atan_x.o ABSOLUTE
    ../mathlib/atan.c                        0x00000000   Number         0  atan.o ABSOLUTE
    ../mathlib/atan2.c                       0x00000000   Number         0  atan2.o ABSOLUTE
    ../mathlib/atan2.c                       0x00000000   Number         0  atan2_x.o ABSOLUTE
    ../mathlib/dunder.c                      0x00000000   Number         0  dunder.o ABSOLUTE
    ../mathlib/fabs.c                        0x00000000   Number         0  fabs.o ABSOLUTE
    ../mathlib/fpclassify.c                  0x00000000   Number         0  fpclassify.o ABSOLUTE
    ../mathlib/poly.c                        0x00000000   Number         0  poly.o ABSOLUTE
    ../mathlib/qnan.c                        0x00000000   Number         0  qnan.o ABSOLUTE
    ../mathlib/sqrt.c                        0x00000000   Number         0  sqrt_x.o ABSOLUTE
    ../mathlib/sqrt.c                        0x00000000   Number         0  sqrt.o ABSOLUTE
    ..\Core\Src\gpio.c                       0x00000000   Number         0  gpio.o ABSOLUTE
    ..\Core\Src\main.c                       0x00000000   Number         0  main.o ABSOLUTE
    ..\Core\Src\stm32f4xx_hal_msp.c          0x00000000   Number         0  stm32f4xx_hal_msp.o ABSOLUTE
    ..\Core\Src\stm32f4xx_it.c               0x00000000   Number         0  stm32f4xx_it.o ABSOLUTE
    ..\Core\Src\system_stm32f4xx.c           0x00000000   Number         0  system_stm32f4xx.o ABSOLUTE
    ..\Core\Src\usart.c                      0x00000000   Number         0  usart.o ABSOLUTE
    ..\Drivers\STM32F4xx_HAL_Driver\Src\stm32f4xx_hal.c 0x00000000   Number         0  stm32f4xx_hal.o ABSOLUTE
    ..\Drivers\STM32F4xx_HAL_Driver\Src\stm32f4xx_hal_cortex.c 0x00000000   Number         0  stm32f4xx_hal_cortex.o ABSOLUTE
    ..\Drivers\STM32F4xx_HAL_Driver\Src\stm32f4xx_hal_dma.c 0x00000000   Number         0  stm32f4xx_hal_dma.o ABSOLUTE
    ..\Drivers\STM32F4xx_HAL_Driver\Src\stm32f4xx_hal_dma_ex.c 0x00000000   Number         0  stm32f4xx_hal_dma_ex.o ABSOLUTE
    ..\Drivers\STM32F4xx_HAL_Driver\Src\stm32f4xx_hal_exti.c 0x00000000   Number         0  stm32f4xx_hal_exti.o ABSOLUTE
    ..\Drivers\STM32F4xx_HAL_Driver\Src\stm32f4xx_hal_flash.c 0x00000000   Number         0  stm32f4xx_hal_flash.o ABSOLUTE
    ..\Drivers\STM32F4xx_HAL_Driver\Src\stm32f4xx_hal_flash_ex.c 0x00000000   Number         0  stm32f4xx_hal_flash_ex.o ABSOLUTE
    ..\Drivers\STM32F4xx_HAL_Driver\Src\stm32f4xx_hal_flash_ramfunc.c 0x00000000   Number         0  stm32f4xx_hal_flash_ramfunc.o ABSOLUTE
    ..\Drivers\STM32F4xx_HAL_Driver\Src\stm32f4xx_hal_gpio.c 0x00000000   Number         0  stm32f4xx_hal_gpio.o ABSOLUTE
    ..\Drivers\STM32F4xx_HAL_Driver\Src\stm32f4xx_hal_pwr.c 0x00000000   Number         0  stm32f4xx_hal_pwr.o ABSOLUTE
    ..\Drivers\STM32F4xx_HAL_Driver\Src\stm32f4xx_hal_pwr_ex.c 0x00000000   Number         0  stm32f4xx_hal_pwr_ex.o ABSOLUTE
    ..\Drivers\STM32F4xx_HAL_Driver\Src\stm32f4xx_hal_rcc.c 0x00000000   Number         0  stm32f4xx_hal_rcc.o ABSOLUTE
    ..\Drivers\STM32F4xx_HAL_Driver\Src\stm32f4xx_hal_rcc_ex.c 0x00000000   Number         0  stm32f4xx_hal_rcc_ex.o ABSOLUTE
    ..\Drivers\STM32F4xx_HAL_Driver\Src\stm32f4xx_hal_tim.c 0x00000000   Number         0  stm32f4xx_hal_tim.o ABSOLUTE
    ..\Drivers\STM32F4xx_HAL_Driver\Src\stm32f4xx_hal_tim_ex.c 0x00000000   Number         0  stm32f4xx_hal_tim_ex.o ABSOLUTE
    ..\Drivers\STM32F4xx_HAL_Driver\Src\stm32f4xx_hal_uart.c 0x00000000   Number         0  stm32f4xx_hal_uart.o ABSOLUTE
    IIC\\myiic.c                             0x00000000   Number         0  myiic.o ABSOLUTE
    IIC\myiic.c                              0x00000000   Number         0  myiic.o ABSOLUTE
    MPU6050\\eMPL\\inv_mpu.c                 0x00000000   Number         0  inv_mpu.o ABSOLUTE
    MPU6050\\eMPL\\inv_mpu_dmp_motion_driver.c 0x00000000   Number         0  inv_mpu_dmp_motion_driver.o ABSOLUTE
    MPU6050\\mpu6050.c                       0x00000000   Number         0  mpu6050.o ABSOLUTE
    MPU6050\eMPL\inv_mpu.c                   0x00000000   Number         0  inv_mpu.o ABSOLUTE
    MPU6050\eMPL\inv_mpu_dmp_motion_driver.c 0x00000000   Number         0  inv_mpu_dmp_motion_driver.o ABSOLUTE
    MPU6050\mpu6050.c                        0x00000000   Number         0  mpu6050.o ABSOLUTE
    cdcmple.s                                0x00000000   Number         0  cdcmple.o ABSOLUTE
    cdrcmple.s                               0x00000000   Number         0  cdrcmple.o ABSOLUTE
    dc.s                                     0x00000000   Number         0  dc.o ABSOLUTE
    delay\\delay.c                           0x00000000   Number         0  delay.o ABSOLUTE
    delay\delay.c                            0x00000000   Number         0  delay.o ABSOLUTE
    handlers.s                               0x00000000   Number         0  handlers.o ABSOLUTE
    init.s                                   0x00000000   Number         0  init.o ABSOLUTE
    startup_stm32f439xx.s                    0x00000000   Number         0  startup_stm32f439xx.o ABSOLUTE
    sys\\sys.c                               0x00000000   Number         0  sys.o ABSOLUTE
    sys\sys.c                                0x00000000   Number         0  sys.o ABSOLUTE
    RESET                                    0x08000000   Section      428  startup_stm32f439xx.o(RESET)
    .ARM.Collect$$$$00000000                 0x080001ac   Section        0  entry.o(.ARM.Collect$$$$00000000)
    .ARM.Collect$$$$00000001                 0x080001ac   Section        4  entry2.o(.ARM.Collect$$$$00000001)
    .ARM.Collect$$$$00000004                 0x080001b0   Section        4  entry5.o(.ARM.Collect$$$$00000004)
    .ARM.Collect$$$$00000008                 0x080001b4   Section        0  entry7b.o(.ARM.Collect$$$$00000008)
    .ARM.Collect$$$$0000000A                 0x080001b4   Section        0  entry8b.o(.ARM.Collect$$$$0000000A)
    .ARM.Collect$$$$0000000B                 0x080001b4   Section        8  entry9a.o(.ARM.Collect$$$$0000000B)
    .ARM.Collect$$$$0000000D                 0x080001bc   Section        0  entry10a.o(.ARM.Collect$$$$0000000D)
    .ARM.Collect$$$$0000000F                 0x080001bc   Section        0  entry11a.o(.ARM.Collect$$$$0000000F)
    .ARM.Collect$$$$00002712                 0x080001bc   Section        4  entry2.o(.ARM.Collect$$$$00002712)
    __lit__00000000                          0x080001bc   Data           4  entry2.o(.ARM.Collect$$$$00002712)
    .text                                    0x080001c0   Section       36  startup_stm32f439xx.o(.text)
    $v0                                      0x080001c0   Number         0  startup_stm32f439xx.o(.text)
    .text                                    0x080001e4   Section        0  uldiv.o(.text)
    .text                                    0x08000246   Section        0  ldiv.o(.text)
    .text                                    0x080002a8   Section        0  memseta.o(.text)
    .text                                    0x080002cc   Section        0  memcmp.o(.text)
    .text                                    0x080002e6   Section        0  dadd.o(.text)
    .text                                    0x08000434   Section        0  dmul.o(.text)
    .text                                    0x08000518   Section        0  ddiv.o(.text)
    .text                                    0x080005f6   Section        0  dflti.o(.text)
    .text                                    0x08000618   Section        0  f2d.o(.text)
    .text                                    0x0800063e   Section        0  d2f.o(.text)
    .text                                    0x08000676   Section        0  uidiv.o(.text)
    .text                                    0x080006a2   Section        0  llshl.o(.text)
    .text                                    0x080006c0   Section        0  llushr.o(.text)
    .text                                    0x080006e0   Section        0  llsshr.o(.text)
    .text                                    0x08000704   Section        0  iusefp.o(.text)
    .text                                    0x08000704   Section        0  fepilogue.o(.text)
    .text                                    0x08000772   Section        0  depilogue.o(.text)
    .text                                    0x0800082c   Section        0  dfixul.o(.text)
    .text                                    0x0800085c   Section       48  cdrcmple.o(.text)
    .text                                    0x0800088c   Section       36  init.o(.text)
    .text                                    0x080008b0   Section        0  dsqrt.o(.text)
    i.BusFault_Handler                       0x08000952   Section        0  stm32f4xx_it.o(i.BusFault_Handler)
    i.DebugMon_Handler                       0x08000954   Section        0  stm32f4xx_it.o(i.DebugMon_Handler)
    i.Error_Handler                          0x08000956   Section        0  main.o(i.Error_Handler)
    i.HAL_GPIO_Init                          0x0800095c   Section        0  stm32f4xx_hal_gpio.o(i.HAL_GPIO_Init)
    i.HAL_GPIO_WritePin                      0x08000b30   Section        0  stm32f4xx_hal_gpio.o(i.HAL_GPIO_WritePin)
    i.HAL_GetTick                            0x08000b3c   Section        0  stm32f4xx_hal.o(i.HAL_GetTick)
    i.HAL_IncTick                            0x08000b48   Section        0  stm32f4xx_hal.o(i.HAL_IncTick)
    i.HAL_Init                               0x08000b58   Section        0  stm32f4xx_hal.o(i.HAL_Init)
    i.HAL_InitTick                           0x08000b8c   Section        0  stm32f4xx_hal.o(i.HAL_InitTick)
    i.HAL_MspInit                            0x08000bcc   Section        0  stm32f4xx_hal_msp.o(i.HAL_MspInit)
    i.HAL_NVIC_SetPriority                   0x08000bfc   Section        0  stm32f4xx_hal_cortex.o(i.HAL_NVIC_SetPriority)
    i.HAL_NVIC_SetPriorityGrouping           0x08000c3c   Section        0  stm32f4xx_hal_cortex.o(i.HAL_NVIC_SetPriorityGrouping)
    i.HAL_PWREx_EnableOverDrive              0x08000c60   Section        0  stm32f4xx_hal_pwr_ex.o(i.HAL_PWREx_EnableOverDrive)
    i.HAL_RCC_ClockConfig                    0x08000cd0   Section        0  stm32f4xx_hal_rcc.o(i.HAL_RCC_ClockConfig)
    i.HAL_RCC_GetPCLK1Freq                   0x08000e04   Section        0  stm32f4xx_hal_rcc.o(i.HAL_RCC_GetPCLK1Freq)
    i.HAL_RCC_GetPCLK2Freq                   0x08000e24   Section        0  stm32f4xx_hal_rcc.o(i.HAL_RCC_GetPCLK2Freq)
    i.HAL_RCC_GetSysClockFreq                0x08000e44   Section        0  stm32f4xx_hal_rcc.o(i.HAL_RCC_GetSysClockFreq)
    i.HAL_RCC_OscConfig                      0x08000ea8   Section        0  stm32f4xx_hal_rcc.o(i.HAL_RCC_OscConfig)
    i.HAL_SYSTICK_CLKSourceConfig            0x08001204   Section        0  stm32f4xx_hal_cortex.o(i.HAL_SYSTICK_CLKSourceConfig)
    i.HAL_SYSTICK_Config                     0x0800121c   Section        0  stm32f4xx_hal_cortex.o(i.HAL_SYSTICK_Config)
    i.HAL_UART_Init                          0x08001244   Section        0  stm32f4xx_hal_uart.o(i.HAL_UART_Init)
    i.HAL_UART_MspInit                       0x080012a8   Section        0  usart.o(i.HAL_UART_MspInit)
    i.HAL_UART_Transmit                      0x08001314   Section        0  stm32f4xx_hal_uart.o(i.HAL_UART_Transmit)
    i.HardFault_Handler                      0x080013ce   Section        0  stm32f4xx_it.o(i.HardFault_Handler)
    i.IIC_Ack                                0x080013d0   Section        0  myiic.o(i.IIC_Ack)
    i.IIC_Init                               0x08001418   Section        0  myiic.o(i.IIC_Init)
    i.IIC_NAck                               0x08001430   Section        0  myiic.o(i.IIC_NAck)
    i.IIC_Read_Byte                          0x08001478   Section        0  myiic.o(i.IIC_Read_Byte)
    i.IIC_Send_Byte                          0x080014e8   Section        0  myiic.o(i.IIC_Send_Byte)
    i.IIC_Start                              0x08001550   Section        0  myiic.o(i.IIC_Start)
    i.IIC_Stop                               0x0800159c   Section        0  myiic.o(i.IIC_Stop)
    i.IIC_Wait_Ack                           0x080015e8   Section        0  myiic.o(i.IIC_Wait_Ack)
    i.MPU_Get_Accelerometer                  0x08001644   Section        0  mpu6050.o(i.MPU_Get_Accelerometer)
    i.MPU_Get_Gyroscope                      0x08001676   Section        0  mpu6050.o(i.MPU_Get_Gyroscope)
    i.MPU_Get_Temperature                    0x080016a8   Section        0  mpu6050.o(i.MPU_Get_Temperature)
    i.MPU_Init                               0x0800170c   Section        0  mpu6050.o(i.MPU_Init)
    i.MPU_Read_Byte                          0x08001790   Section        0  mpu6050.o(i.MPU_Read_Byte)
    i.MPU_Read_Len                           0x080017cc   Section        0  mpu6050.o(i.MPU_Read_Len)
    i.MPU_Set_Accel_Fsr                      0x08001838   Section        0  mpu6050.o(i.MPU_Set_Accel_Fsr)
    i.MPU_Set_Gyro_Fsr                       0x08001842   Section        0  mpu6050.o(i.MPU_Set_Gyro_Fsr)
    i.MPU_Set_LPF                            0x0800184c   Section        0  mpu6050.o(i.MPU_Set_LPF)
    i.MPU_Set_Rate                           0x0800187c   Section        0  mpu6050.o(i.MPU_Set_Rate)
    i.MPU_Write_Byte                         0x080018aa   Section        0  mpu6050.o(i.MPU_Write_Byte)
    i.MPU_Write_Len                          0x080018e6   Section        0  mpu6050.o(i.MPU_Write_Len)
    i.MX_GPIO_Init                           0x08001938   Section        0  gpio.o(i.MX_GPIO_Init)
    i.MX_USART1_UART_Init                    0x080019dc   Section        0  usart.o(i.MX_USART1_UART_Init)
    i.MemManage_Handler                      0x08001a14   Section        0  stm32f4xx_it.o(i.MemManage_Handler)
    i.NMI_Handler                            0x08001a16   Section        0  stm32f4xx_it.o(i.NMI_Handler)
    i.PendSV_Handler                         0x08001a18   Section        0  stm32f4xx_it.o(i.PendSV_Handler)
    i.SVC_Handler                            0x08001a1a   Section        0  stm32f4xx_it.o(i.SVC_Handler)
    i.SysTick_Handler                        0x08001a1c   Section        0  stm32f4xx_it.o(i.SysTick_Handler)
    i.SystemClock_Config                     0x08001a20   Section        0  main.o(i.SystemClock_Config)
    i.SystemInit                             0x08001ac0   Section        0  system_stm32f4xx.o(i.SystemInit)
    i.UART_SetConfig                         0x08001adc   Section        0  stm32f4xx_hal_uart.o(i.UART_SetConfig)
    UART_SetConfig                           0x08001add   Thumb Code   286  stm32f4xx_hal_uart.o(i.UART_SetConfig)
    i.UART_WaitOnFlagUntilTimeout            0x08001c04   Section        0  stm32f4xx_hal_uart.o(i.UART_WaitOnFlagUntilTimeout)
    UART_WaitOnFlagUntilTimeout              0x08001c05   Thumb Code   100  stm32f4xx_hal_uart.o(i.UART_WaitOnFlagUntilTimeout)
    i.UsageFault_Handler                     0x08001c68   Section        0  stm32f4xx_it.o(i.UsageFault_Handler)
    i.__0printf                              0x08001c6c   Section        0  printfa.o(i.__0printf)
    i.__ARM_fpclassify                       0x08001c8c   Section        0  fpclassify.o(i.__ARM_fpclassify)
    i.__NVIC_SetPriority                     0x08001cbc   Section        0  stm32f4xx_hal_cortex.o(i.__NVIC_SetPriority)
    __NVIC_SetPriority                       0x08001cbd   Thumb Code    32  stm32f4xx_hal_cortex.o(i.__NVIC_SetPriority)
    i.__hardfp_asin                          0x08001ce0   Section        0  asin.o(i.__hardfp_asin)
    i.__hardfp_atan                          0x08002040   Section        0  atan.o(i.__hardfp_atan)
    i.__hardfp_atan2                         0x08002318   Section        0  atan2.o(i.__hardfp_atan2)
    i.__kernel_poly                          0x08002508   Section        0  poly.o(i.__kernel_poly)
    i.__mathlib_dbl_infnan                   0x08002600   Section        0  dunder.o(i.__mathlib_dbl_infnan)
    i.__mathlib_dbl_infnan2                  0x08002614   Section        0  dunder.o(i.__mathlib_dbl_infnan2)
    i.__mathlib_dbl_invalid                  0x08002628   Section        0  dunder.o(i.__mathlib_dbl_invalid)
    i.__mathlib_dbl_underflow                0x08002648   Section        0  dunder.o(i.__mathlib_dbl_underflow)
    i.__scatterload_copy                     0x08002668   Section       14  handlers.o(i.__scatterload_copy)
    i.__scatterload_null                     0x08002676   Section        2  handlers.o(i.__scatterload_null)
    i.__scatterload_zeroinit                 0x08002678   Section       14  handlers.o(i.__scatterload_zeroinit)
    i.__set_errno                            0x08002688   Section        0  errno.o(i.__set_errno)
    i._fp_digits                             0x08002694   Section        0  printfa.o(i._fp_digits)
    _fp_digits                               0x08002695   Thumb Code   366  printfa.o(i._fp_digits)
    i._printf_core                           0x08002818   Section        0  printfa.o(i._printf_core)
    _printf_core                             0x08002819   Thumb Code  1744  printfa.o(i._printf_core)
    i._printf_post_padding                   0x08002ef4   Section        0  printfa.o(i._printf_post_padding)
    _printf_post_padding                     0x08002ef5   Thumb Code    36  printfa.o(i._printf_post_padding)
    i._printf_pre_padding                    0x08002f18   Section        0  printfa.o(i._printf_pre_padding)
    _printf_pre_padding                      0x08002f19   Thumb Code    46  printfa.o(i._printf_pre_padding)
    i.accel_self_test                        0x08002f48   Section        0  inv_mpu.o(i.accel_self_test)
    accel_self_test                          0x08002f49   Thumb Code   126  inv_mpu.o(i.accel_self_test)
    i.atan                                   0x08002fd8   Section        0  atan.o(i.atan)
    i.delay_init                             0x08002fe8   Section        0  delay.o(i.delay_init)
    i.delay_ms                               0x08002ffc   Section        0  delay.o(i.delay_ms)
    i.delay_us                               0x08003018   Section        0  delay.o(i.delay_us)
    i.dmp_enable_6x_lp_quat                  0x0800304c   Section        0  inv_mpu_dmp_motion_driver.o(i.dmp_enable_6x_lp_quat)
    i.dmp_enable_feature                     0x08003088   Section        0  inv_mpu_dmp_motion_driver.o(i.dmp_enable_feature)
    i.dmp_enable_gyro_cal                    0x08003260   Section        0  inv_mpu_dmp_motion_driver.o(i.dmp_enable_gyro_cal)
    i.dmp_enable_lp_quat                     0x0800329c   Section        0  inv_mpu_dmp_motion_driver.o(i.dmp_enable_lp_quat)
    i.dmp_load_motion_driver_firmware        0x080032d8   Section        0  inv_mpu_dmp_motion_driver.o(i.dmp_load_motion_driver_firmware)
    i.dmp_read_fifo                          0x080032ec   Section        0  inv_mpu_dmp_motion_driver.o(i.dmp_read_fifo)
    i.dmp_set_accel_bias                     0x08003434   Section        0  inv_mpu_dmp_motion_driver.o(i.dmp_set_accel_bias)
    i.dmp_set_fifo_rate                      0x0800350c   Section        0  inv_mpu_dmp_motion_driver.o(i.dmp_set_fifo_rate)
    i.dmp_set_gyro_bias                      0x08003570   Section        0  inv_mpu_dmp_motion_driver.o(i.dmp_set_gyro_bias)
    i.dmp_set_orientation                    0x0800363c   Section        0  inv_mpu_dmp_motion_driver.o(i.dmp_set_orientation)
    i.dmp_set_shake_reject_thresh            0x08003748   Section        0  inv_mpu_dmp_motion_driver.o(i.dmp_set_shake_reject_thresh)
    i.dmp_set_shake_reject_time              0x08003778   Section        0  inv_mpu_dmp_motion_driver.o(i.dmp_set_shake_reject_time)
    i.dmp_set_shake_reject_timeout           0x08003798   Section        0  inv_mpu_dmp_motion_driver.o(i.dmp_set_shake_reject_timeout)
    i.dmp_set_tap_axes                       0x080037b8   Section        0  inv_mpu_dmp_motion_driver.o(i.dmp_set_tap_axes)
    i.dmp_set_tap_count                      0x080037f8   Section        0  inv_mpu_dmp_motion_driver.o(i.dmp_set_tap_count)
    i.dmp_set_tap_thresh                     0x0800381c   Section        0  inv_mpu_dmp_motion_driver.o(i.dmp_set_tap_thresh)
    i.dmp_set_tap_time                       0x0800397c   Section        0  inv_mpu_dmp_motion_driver.o(i.dmp_set_tap_time)
    i.dmp_set_tap_time_multi                 0x0800399c   Section        0  inv_mpu_dmp_motion_driver.o(i.dmp_set_tap_time_multi)
    i.fabs                                   0x080039bc   Section        0  fabs.o(i.fabs)
    i.fputc                                  0x080039d4   Section        0  main.o(i.fputc)
    i.get_accel_prod_shift                   0x080039f0   Section        0  inv_mpu.o(i.get_accel_prod_shift)
    get_accel_prod_shift                     0x080039f1   Thumb Code   164  inv_mpu.o(i.get_accel_prod_shift)
    i.get_st_biases                          0x08003aa4   Section        0  inv_mpu.o(i.get_st_biases)
    get_st_biases                            0x08003aa5   Thumb Code   784  inv_mpu.o(i.get_st_biases)
    i.gyro_self_test                         0x08003db8   Section        0  inv_mpu.o(i.gyro_self_test)
    gyro_self_test                           0x08003db9   Thumb Code   190  inv_mpu.o(i.gyro_self_test)
    i.inv_orientation_matrix_to_scalar       0x08003e8c   Section        0  inv_mpu.o(i.inv_orientation_matrix_to_scalar)
    i.inv_row_2_scale                        0x08003eae   Section        0  inv_mpu.o(i.inv_row_2_scale)
    i.main                                   0x08003ef8   Section        0  main.o(i.main)
    i.mget_ms                                0x08003fec   Section        0  inv_mpu.o(i.mget_ms)
    i.mpu_configure_fifo                     0x08003ff0   Section        0  inv_mpu.o(i.mpu_configure_fifo)
    i.mpu_dmp_get_data                       0x08004044   Section        0  inv_mpu.o(i.mpu_dmp_get_data)
    i.mpu_dmp_init                           0x080041a8   Section        0  inv_mpu.o(i.mpu_dmp_init)
    i.mpu_get_accel_fsr                      0x0800424c   Section        0  inv_mpu.o(i.mpu_get_accel_fsr)
    i.mpu_get_accel_sens                     0x08004288   Section        0  inv_mpu.o(i.mpu_get_accel_sens)
    i.mpu_get_gyro_fsr                       0x080042cc   Section        0  inv_mpu.o(i.mpu_get_gyro_fsr)
    i.mpu_get_gyro_sens                      0x08004300   Section        0  inv_mpu.o(i.mpu_get_gyro_sens)
    i.mpu_get_lpf                            0x0800434c   Section        0  inv_mpu.o(i.mpu_get_lpf)
    i.mpu_get_sample_rate                    0x08004384   Section        0  inv_mpu.o(i.mpu_get_sample_rate)
    i.mpu_init                               0x080043a0   Section        0  inv_mpu.o(i.mpu_init)
    i.mpu_load_firmware                      0x08004528   Section        0  inv_mpu.o(i.mpu_load_firmware)
    i.mpu_lp_accel_mode                      0x080045c8   Section        0  inv_mpu.o(i.mpu_lp_accel_mode)
    i.mpu_read_fifo_stream                   0x08004680   Section        0  inv_mpu.o(i.mpu_read_fifo_stream)
    i.mpu_read_mem                           0x08004710   Section        0  inv_mpu.o(i.mpu_read_mem)
    i.mpu_reset_fifo                         0x08004764   Section        0  inv_mpu.o(i.mpu_reset_fifo)
    i.mpu_run_self_test                      0x080048c4   Section        0  inv_mpu.o(i.mpu_run_self_test)
    i.mpu_set_accel_fsr                      0x080049b4   Section        0  inv_mpu.o(i.mpu_set_accel_fsr)
    i.mpu_set_bypass                         0x08004a1c   Section        0  inv_mpu.o(i.mpu_set_bypass)
    i.mpu_set_dmp_state                      0x08004af8   Section        0  inv_mpu.o(i.mpu_set_dmp_state)
    i.mpu_set_gyro_fsr                       0x08004b70   Section        0  inv_mpu.o(i.mpu_set_gyro_fsr)
    i.mpu_set_int_latched                    0x08004bdc   Section        0  inv_mpu.o(i.mpu_set_int_latched)
    i.mpu_set_lpf                            0x08004c40   Section        0  inv_mpu.o(i.mpu_set_lpf)
    i.mpu_set_sample_rate                    0x08004cac   Section        0  inv_mpu.o(i.mpu_set_sample_rate)
    i.mpu_set_sensors                        0x08004d2c   Section        0  inv_mpu.o(i.mpu_set_sensors)
    i.mpu_write_mem                          0x08004de4   Section        0  inv_mpu.o(i.mpu_write_mem)
    i.run_self_test                          0x08004e38   Section        0  inv_mpu.o(i.run_self_test)
    i.set_int_enable                         0x08004ec0   Section        0  inv_mpu.o(i.set_int_enable)
    set_int_enable                           0x08004ec1   Thumb Code    84  inv_mpu.o(i.set_int_enable)
    i.sqrt                                   0x08004f18   Section        0  sqrt.o(i.sqrt)
    .constdata                               0x08004f86   Section       27  inv_mpu.o(.constdata)
    .constdata                               0x08004fa2   Section       12  inv_mpu.o(.constdata)
    .constdata                               0x08004fb0   Section       40  inv_mpu.o(.constdata)
    .constdata                               0x08004fd8   Section     3062  inv_mpu_dmp_motion_driver.o(.constdata)
    dmp_memory                               0x08004fd8   Data        3062  inv_mpu_dmp_motion_driver.o(.constdata)
    .constdata                               0x08005bce   Section       16  system_stm32f4xx.o(.constdata)
    .constdata                               0x08005bde   Section        8  system_stm32f4xx.o(.constdata)
    .constdata                               0x08005be8   Section       80  asin.o(.constdata)
    pS                                       0x08005be8   Data          48  asin.o(.constdata)
    qS                                       0x08005c18   Data          32  asin.o(.constdata)
    .constdata                               0x08005c38   Section      152  atan.o(.constdata)
    atanhi                                   0x08005c38   Data          32  atan.o(.constdata)
    atanlo                                   0x08005c58   Data          32  atan.o(.constdata)
    aTodd                                    0x08005c78   Data          40  atan.o(.constdata)
    aTeven                                   0x08005ca0   Data          48  atan.o(.constdata)
    .constdata                               0x08005cd0   Section        8  qnan.o(.constdata)
    .conststring                             0x08005cd8   Section       77  inv_mpu.o(.conststring)
    .data                                    0x20000000   Section       53  inv_mpu.o(.data)
    st                                       0x20000000   Data          44  inv_mpu.o(.data)
    gyro_orientation                         0x2000002c   Data           9  inv_mpu.o(.data)
    .data                                    0x20000038   Section        4  delay.o(.data)
    fac_us                                   0x20000038   Data           4  delay.o(.data)
    .data                                    0x2000003c   Section       28  main.o(.data)
    .data                                    0x20000058   Section       12  stm32f4xx_hal.o(.data)
    .data                                    0x20000064   Section        4  system_stm32f4xx.o(.data)
    .data                                    0x20000068   Section        4  stdout.o(.data)
    .data                                    0x2000006c   Section        4  errno.o(.data)
    _errno                                   0x2000006c   Data           4  errno.o(.data)
    .bss                                     0x20000070   Section       16  inv_mpu_dmp_motion_driver.o(.bss)
    dmp                                      0x20000070   Data          16  inv_mpu_dmp_motion_driver.o(.bss)
    .bss                                     0x20000080   Section       64  usart.o(.bss)
    STACK                                    0x200000c0   Section     1024  startup_stm32f439xx.o(STACK)

    Global Symbols

    Symbol Name                              Value     Ov Type        Size  Object(Section)

    BuildAttributes$$THM_ISAv4$E$P$D$K$B$S$7EM$VFPi3$EXTD16$VFPS$VFMA$PE$A:L22UL41UL21$X:L11$S22US41US21$IEEE1$IW$USESV6$~STKCKD$USESV7$~SHL$OTIME$ROPI$IEEEX$EBA8$MICROLIB$REQ8$PRES8$EABIv2 0x00000000   Number         0  anon$$obj.o ABSOLUTE
    __ARM_use_no_argv                        0x00000000   Number         0  main.o ABSOLUTE
    _printf_a                                0x00000000   Number         0  stubs.o ABSOLUTE
    _printf_c                                0x00000000   Number         0  stubs.o ABSOLUTE
    _printf_charcount                        0x00000000   Number         0  stubs.o ABSOLUTE
    _printf_d                                0x00000000   Number         0  stubs.o ABSOLUTE
    _printf_e                                0x00000000   Number         0  stubs.o ABSOLUTE
    _printf_f                                0x00000000   Number         0  stubs.o ABSOLUTE
    _printf_flags                            0x00000000   Number         0  stubs.o ABSOLUTE
    _printf_fp_dec                           0x00000000   Number         0  stubs.o ABSOLUTE
    _printf_fp_hex                           0x00000000   Number         0  stubs.o ABSOLUTE
    _printf_g                                0x00000000   Number         0  stubs.o ABSOLUTE
    _printf_i                                0x00000000   Number         0  stubs.o ABSOLUTE
    _printf_int_dec                          0x00000000   Number         0  stubs.o ABSOLUTE
    _printf_l                                0x00000000   Number         0  stubs.o ABSOLUTE
    _printf_lc                               0x00000000   Number         0  stubs.o ABSOLUTE
    _printf_ll                               0x00000000   Number         0  stubs.o ABSOLUTE
    _printf_lld                              0x00000000   Number         0  stubs.o ABSOLUTE
    _printf_lli                              0x00000000   Number         0  stubs.o ABSOLUTE
    _printf_llo                              0x00000000   Number         0  stubs.o ABSOLUTE
    _printf_llu                              0x00000000   Number         0  stubs.o ABSOLUTE
    _printf_llx                              0x00000000   Number         0  stubs.o ABSOLUTE
    _printf_longlong_dec                     0x00000000   Number         0  stubs.o ABSOLUTE
    _printf_longlong_hex                     0x00000000   Number         0  stubs.o ABSOLUTE
    _printf_longlong_oct                     0x00000000   Number         0  stubs.o ABSOLUTE
    _printf_ls                               0x00000000   Number         0  stubs.o ABSOLUTE
    _printf_mbtowc                           0x00000000   Number         0  stubs.o ABSOLUTE
    _printf_n                                0x00000000   Number         0  stubs.o ABSOLUTE
    _printf_o                                0x00000000   Number         0  stubs.o ABSOLUTE
    _printf_p                                0x00000000   Number         0  stubs.o ABSOLUTE
    _printf_percent                          0x00000000   Number         0  stubs.o ABSOLUTE
    _printf_pre_padding                      0x00000000   Number         0  stubs.o ABSOLUTE
    _printf_return_value                     0x00000000   Number         0  stubs.o ABSOLUTE
    _printf_s                                0x00000000   Number         0  stubs.o ABSOLUTE
    _printf_sizespec                         0x00000000   Number         0  stubs.o ABSOLUTE
    _printf_str                              0x00000000   Number         0  stubs.o ABSOLUTE
    _printf_truncate_signed                  0x00000000   Number         0  stubs.o ABSOLUTE
    _printf_truncate_unsigned                0x00000000   Number         0  stubs.o ABSOLUTE
    _printf_u                                0x00000000   Number         0  stubs.o ABSOLUTE
    _printf_wc                               0x00000000   Number         0  stubs.o ABSOLUTE
    _printf_wctomb                           0x00000000   Number         0  stubs.o ABSOLUTE
    _printf_widthprec                        0x00000000   Number         0  stubs.o ABSOLUTE
    _printf_x                                0x00000000   Number         0  stubs.o ABSOLUTE
    __cpp_initialize__aeabi_                  - Undefined Weak Reference
    __cxa_finalize                            - Undefined Weak Reference
    __decompress                              - Undefined Weak Reference
    _clock_init                               - Undefined Weak Reference
    _microlib_exit                            - Undefined Weak Reference
    __Vectors_Size                           0x000001ac   Number         0  startup_stm32f439xx.o ABSOLUTE
    __Vectors                                0x08000000   Data           4  startup_stm32f439xx.o(RESET)
    __Vectors_End                            0x080001ac   Data           0  startup_stm32f439xx.o(RESET)
    __main                                   0x080001ad   Thumb Code     0  entry.o(.ARM.Collect$$$$00000000)
    _main_stk                                0x080001ad   Thumb Code     0  entry2.o(.ARM.Collect$$$$00000001)
    _main_scatterload                        0x080001b1   Thumb Code     0  entry5.o(.ARM.Collect$$$$00000004)
    __main_after_scatterload                 0x080001b5   Thumb Code     0  entry5.o(.ARM.Collect$$$$00000004)
    _main_clock                              0x080001b5   Thumb Code     0  entry7b.o(.ARM.Collect$$$$00000008)
    _main_cpp_init                           0x080001b5   Thumb Code     0  entry8b.o(.ARM.Collect$$$$0000000A)
    _main_init                               0x080001b5   Thumb Code     0  entry9a.o(.ARM.Collect$$$$0000000B)
    __rt_final_cpp                           0x080001bd   Thumb Code     0  entry10a.o(.ARM.Collect$$$$0000000D)
    __rt_final_exit                          0x080001bd   Thumb Code     0  entry11a.o(.ARM.Collect$$$$0000000F)
    Reset_Handler                            0x080001c1   Thumb Code     8  startup_stm32f439xx.o(.text)
    ADC_IRQHandler                           0x080001db   Thumb Code     0  startup_stm32f439xx.o(.text)
    CAN1_RX0_IRQHandler                      0x080001db   Thumb Code     0  startup_stm32f439xx.o(.text)
    CAN1_RX1_IRQHandler                      0x080001db   Thumb Code     0  startup_stm32f439xx.o(.text)
    CAN1_SCE_IRQHandler                      0x080001db   Thumb Code     0  startup_stm32f439xx.o(.text)
    CAN1_TX_IRQHandler                       0x080001db   Thumb Code     0  startup_stm32f439xx.o(.text)
    CAN2_RX0_IRQHandler                      0x080001db   Thumb Code     0  startup_stm32f439xx.o(.text)
    CAN2_RX1_IRQHandler                      0x080001db   Thumb Code     0  startup_stm32f439xx.o(.text)
    CAN2_SCE_IRQHandler                      0x080001db   Thumb Code     0  startup_stm32f439xx.o(.text)
    CAN2_TX_IRQHandler                       0x080001db   Thumb Code     0  startup_stm32f439xx.o(.text)
    CRYP_IRQHandler                          0x080001db   Thumb Code     0  startup_stm32f439xx.o(.text)
    DCMI_IRQHandler                          0x080001db   Thumb Code     0  startup_stm32f439xx.o(.text)
    DMA1_Stream0_IRQHandler                  0x080001db   Thumb Code     0  startup_stm32f439xx.o(.text)
    DMA1_Stream1_IRQHandler                  0x080001db   Thumb Code     0  startup_stm32f439xx.o(.text)
    DMA1_Stream2_IRQHandler                  0x080001db   Thumb Code     0  startup_stm32f439xx.o(.text)
    DMA1_Stream3_IRQHandler                  0x080001db   Thumb Code     0  startup_stm32f439xx.o(.text)
    DMA1_Stream4_IRQHandler                  0x080001db   Thumb Code     0  startup_stm32f439xx.o(.text)
    DMA1_Stream5_IRQHandler                  0x080001db   Thumb Code     0  startup_stm32f439xx.o(.text)
    DMA1_Stream6_IRQHandler                  0x080001db   Thumb Code     0  startup_stm32f439xx.o(.text)
    DMA1_Stream7_IRQHandler                  0x080001db   Thumb Code     0  startup_stm32f439xx.o(.text)
    DMA2D_IRQHandler                         0x080001db   Thumb Code     0  startup_stm32f439xx.o(.text)
    DMA2_Stream0_IRQHandler                  0x080001db   Thumb Code     0  startup_stm32f439xx.o(.text)
    DMA2_Stream1_IRQHandler                  0x080001db   Thumb Code     0  startup_stm32f439xx.o(.text)
    DMA2_Stream2_IRQHandler                  0x080001db   Thumb Code     0  startup_stm32f439xx.o(.text)
    DMA2_Stream3_IRQHandler                  0x080001db   Thumb Code     0  startup_stm32f439xx.o(.text)
    DMA2_Stream4_IRQHandler                  0x080001db   Thumb Code     0  startup_stm32f439xx.o(.text)
    DMA2_Stream5_IRQHandler                  0x080001db   Thumb Code     0  startup_stm32f439xx.o(.text)
    DMA2_Stream6_IRQHandler                  0x080001db   Thumb Code     0  startup_stm32f439xx.o(.text)
    DMA2_Stream7_IRQHandler                  0x080001db   Thumb Code     0  startup_stm32f439xx.o(.text)
    ETH_IRQHandler                           0x080001db   Thumb Code     0  startup_stm32f439xx.o(.text)
    ETH_WKUP_IRQHandler                      0x080001db   Thumb Code     0  startup_stm32f439xx.o(.text)
    EXTI0_IRQHandler                         0x080001db   Thumb Code     0  startup_stm32f439xx.o(.text)
    EXTI15_10_IRQHandler                     0x080001db   Thumb Code     0  startup_stm32f439xx.o(.text)
    EXTI1_IRQHandler                         0x080001db   Thumb Code     0  startup_stm32f439xx.o(.text)
    EXTI2_IRQHandler                         0x080001db   Thumb Code     0  startup_stm32f439xx.o(.text)
    EXTI3_IRQHandler                         0x080001db   Thumb Code     0  startup_stm32f439xx.o(.text)
    EXTI4_IRQHandler                         0x080001db   Thumb Code     0  startup_stm32f439xx.o(.text)
    EXTI9_5_IRQHandler                       0x080001db   Thumb Code     0  startup_stm32f439xx.o(.text)
    FLASH_IRQHandler                         0x080001db   Thumb Code     0  startup_stm32f439xx.o(.text)
    FMC_IRQHandler                           0x080001db   Thumb Code     0  startup_stm32f439xx.o(.text)
    FPU_IRQHandler                           0x080001db   Thumb Code     0  startup_stm32f439xx.o(.text)
    HASH_RNG_IRQHandler                      0x080001db   Thumb Code     0  startup_stm32f439xx.o(.text)
    I2C1_ER_IRQHandler                       0x080001db   Thumb Code     0  startup_stm32f439xx.o(.text)
    I2C1_EV_IRQHandler                       0x080001db   Thumb Code     0  startup_stm32f439xx.o(.text)
    I2C2_ER_IRQHandler                       0x080001db   Thumb Code     0  startup_stm32f439xx.o(.text)
    I2C2_EV_IRQHandler                       0x080001db   Thumb Code     0  startup_stm32f439xx.o(.text)
    I2C3_ER_IRQHandler                       0x080001db   Thumb Code     0  startup_stm32f439xx.o(.text)
    I2C3_EV_IRQHandler                       0x080001db   Thumb Code     0  startup_stm32f439xx.o(.text)
    LTDC_ER_IRQHandler                       0x080001db   Thumb Code     0  startup_stm32f439xx.o(.text)
    LTDC_IRQHandler                          0x080001db   Thumb Code     0  startup_stm32f439xx.o(.text)
    OTG_FS_IRQHandler                        0x080001db   Thumb Code     0  startup_stm32f439xx.o(.text)
    OTG_FS_WKUP_IRQHandler                   0x080001db   Thumb Code     0  startup_stm32f439xx.o(.text)
    OTG_HS_EP1_IN_IRQHandler                 0x080001db   Thumb Code     0  startup_stm32f439xx.o(.text)
    OTG_HS_EP1_OUT_IRQHandler                0x080001db   Thumb Code     0  startup_stm32f439xx.o(.text)
    OTG_HS_IRQHandler                        0x080001db   Thumb Code     0  startup_stm32f439xx.o(.text)
    OTG_HS_WKUP_IRQHandler                   0x080001db   Thumb Code     0  startup_stm32f439xx.o(.text)
    PVD_IRQHandler                           0x080001db   Thumb Code     0  startup_stm32f439xx.o(.text)
    RCC_IRQHandler                           0x080001db   Thumb Code     0  startup_stm32f439xx.o(.text)
    RTC_Alarm_IRQHandler                     0x080001db   Thumb Code     0  startup_stm32f439xx.o(.text)
    RTC_WKUP_IRQHandler                      0x080001db   Thumb Code     0  startup_stm32f439xx.o(.text)
    SAI1_IRQHandler                          0x080001db   Thumb Code     0  startup_stm32f439xx.o(.text)
    SDIO_IRQHandler                          0x080001db   Thumb Code     0  startup_stm32f439xx.o(.text)
    SPI1_IRQHandler                          0x080001db   Thumb Code     0  startup_stm32f439xx.o(.text)
    SPI2_IRQHandler                          0x080001db   Thumb Code     0  startup_stm32f439xx.o(.text)
    SPI3_IRQHandler                          0x080001db   Thumb Code     0  startup_stm32f439xx.o(.text)
    SPI4_IRQHandler                          0x080001db   Thumb Code     0  startup_stm32f439xx.o(.text)
    SPI5_IRQHandler                          0x080001db   Thumb Code     0  startup_stm32f439xx.o(.text)
    SPI6_IRQHandler                          0x080001db   Thumb Code     0  startup_stm32f439xx.o(.text)
    TAMP_STAMP_IRQHandler                    0x080001db   Thumb Code     0  startup_stm32f439xx.o(.text)
    TIM1_BRK_TIM9_IRQHandler                 0x080001db   Thumb Code     0  startup_stm32f439xx.o(.text)
    TIM1_CC_IRQHandler                       0x080001db   Thumb Code     0  startup_stm32f439xx.o(.text)
    TIM1_TRG_COM_TIM11_IRQHandler            0x080001db   Thumb Code     0  startup_stm32f439xx.o(.text)
    TIM1_UP_TIM10_IRQHandler                 0x080001db   Thumb Code     0  startup_stm32f439xx.o(.text)
    TIM2_IRQHandler                          0x080001db   Thumb Code     0  startup_stm32f439xx.o(.text)
    TIM3_IRQHandler                          0x080001db   Thumb Code     0  startup_stm32f439xx.o(.text)
    TIM4_IRQHandler                          0x080001db   Thumb Code     0  startup_stm32f439xx.o(.text)
    TIM5_IRQHandler                          0x080001db   Thumb Code     0  startup_stm32f439xx.o(.text)
    TIM6_DAC_IRQHandler                      0x080001db   Thumb Code     0  startup_stm32f439xx.o(.text)
    TIM7_IRQHandler                          0x080001db   Thumb Code     0  startup_stm32f439xx.o(.text)
    TIM8_BRK_TIM12_IRQHandler                0x080001db   Thumb Code     0  startup_stm32f439xx.o(.text)
    TIM8_CC_IRQHandler                       0x080001db   Thumb Code     0  startup_stm32f439xx.o(.text)
    TIM8_TRG_COM_TIM14_IRQHandler            0x080001db   Thumb Code     0  startup_stm32f439xx.o(.text)
    TIM8_UP_TIM13_IRQHandler                 0x080001db   Thumb Code     0  startup_stm32f439xx.o(.text)
    UART4_IRQHandler                         0x080001db   Thumb Code     0  startup_stm32f439xx.o(.text)
    UART5_IRQHandler                         0x080001db   Thumb Code     0  startup_stm32f439xx.o(.text)
    UART7_IRQHandler                         0x080001db   Thumb Code     0  startup_stm32f439xx.o(.text)
    UART8_IRQHandler                         0x080001db   Thumb Code     0  startup_stm32f439xx.o(.text)
    USART1_IRQHandler                        0x080001db   Thumb Code     0  startup_stm32f439xx.o(.text)
    USART2_IRQHandler                        0x080001db   Thumb Code     0  startup_stm32f439xx.o(.text)
    USART3_IRQHandler                        0x080001db   Thumb Code     0  startup_stm32f439xx.o(.text)
    USART6_IRQHandler                        0x080001db   Thumb Code     0  startup_stm32f439xx.o(.text)
    WWDG_IRQHandler                          0x080001db   Thumb Code     0  startup_stm32f439xx.o(.text)
    __aeabi_uldivmod                         0x080001e5   Thumb Code    98  uldiv.o(.text)
    __aeabi_ldivmod                          0x08000247   Thumb Code    98  ldiv.o(.text)
    __aeabi_memset                           0x080002a9   Thumb Code    14  memseta.o(.text)
    __aeabi_memset4                          0x080002a9   Thumb Code     0  memseta.o(.text)
    __aeabi_memset8                          0x080002a9   Thumb Code     0  memseta.o(.text)
    __aeabi_memclr                           0x080002b7   Thumb Code     4  memseta.o(.text)
    __aeabi_memclr4                          0x080002b7   Thumb Code     0  memseta.o(.text)
    __aeabi_memclr8                          0x080002b7   Thumb Code     0  memseta.o(.text)
    _memset$wrapper                          0x080002bb   Thumb Code    18  memseta.o(.text)
    memcmp                                   0x080002cd   Thumb Code    26  memcmp.o(.text)
    __aeabi_dadd                             0x080002e7   Thumb Code   322  dadd.o(.text)
    __aeabi_dsub                             0x08000429   Thumb Code     6  dadd.o(.text)
    __aeabi_drsub                            0x0800042f   Thumb Code     6  dadd.o(.text)
    __aeabi_dmul                             0x08000435   Thumb Code   228  dmul.o(.text)
    __aeabi_ddiv                             0x08000519   Thumb Code   222  ddiv.o(.text)
    __aeabi_i2d                              0x080005f7   Thumb Code    34  dflti.o(.text)
    __aeabi_f2d                              0x08000619   Thumb Code    38  f2d.o(.text)
    __aeabi_d2f                              0x0800063f   Thumb Code    56  d2f.o(.text)
    __aeabi_uidiv                            0x08000677   Thumb Code     0  uidiv.o(.text)
    __aeabi_uidivmod                         0x08000677   Thumb Code    44  uidiv.o(.text)
    __aeabi_llsl                             0x080006a3   Thumb Code    30  llshl.o(.text)
    _ll_shift_l                              0x080006a3   Thumb Code     0  llshl.o(.text)
    __aeabi_llsr                             0x080006c1   Thumb Code    32  llushr.o(.text)
    _ll_ushift_r                             0x080006c1   Thumb Code     0  llushr.o(.text)
    __aeabi_lasr                             0x080006e1   Thumb Code    36  llsshr.o(.text)
    _ll_sshift_r                             0x080006e1   Thumb Code     0  llsshr.o(.text)
    __I$use$fp                               0x08000705   Thumb Code     0  iusefp.o(.text)
    _float_round                             0x08000705   Thumb Code    18  fepilogue.o(.text)
    _float_epilogue                          0x08000717   Thumb Code    92  fepilogue.o(.text)
    _double_round                            0x08000773   Thumb Code    30  depilogue.o(.text)
    _double_epilogue                         0x08000791   Thumb Code   156  depilogue.o(.text)
    __aeabi_d2ulz                            0x0800082d   Thumb Code    48  dfixul.o(.text)
    __aeabi_cdrcmple                         0x0800085d   Thumb Code    48  cdrcmple.o(.text)
    __scatterload                            0x0800088d   Thumb Code    28  init.o(.text)
    __scatterload_rt2                        0x0800088d   Thumb Code     0  init.o(.text)
    _dsqrt                                   0x080008b1   Thumb Code   162  dsqrt.o(.text)
    BusFault_Handler                         0x08000953   Thumb Code     2  stm32f4xx_it.o(i.BusFault_Handler)
    DebugMon_Handler                         0x08000955   Thumb Code     2  stm32f4xx_it.o(i.DebugMon_Handler)
    Error_Handler                            0x08000957   Thumb Code     4  main.o(i.Error_Handler)
    HAL_GPIO_Init                            0x0800095d   Thumb Code   414  stm32f4xx_hal_gpio.o(i.HAL_GPIO_Init)
    HAL_GPIO_WritePin                        0x08000b31   Thumb Code    10  stm32f4xx_hal_gpio.o(i.HAL_GPIO_WritePin)
    HAL_GetTick                              0x08000b3d   Thumb Code     6  stm32f4xx_hal.o(i.HAL_GetTick)
    HAL_IncTick                              0x08000b49   Thumb Code    12  stm32f4xx_hal.o(i.HAL_IncTick)
    HAL_Init                                 0x08000b59   Thumb Code    48  stm32f4xx_hal.o(i.HAL_Init)
    HAL_InitTick                             0x08000b8d   Thumb Code    54  stm32f4xx_hal.o(i.HAL_InitTick)
    HAL_MspInit                              0x08000bcd   Thumb Code    42  stm32f4xx_hal_msp.o(i.HAL_MspInit)
    HAL_NVIC_SetPriority                     0x08000bfd   Thumb Code    60  stm32f4xx_hal_cortex.o(i.HAL_NVIC_SetPriority)
    HAL_NVIC_SetPriorityGrouping             0x08000c3d   Thumb Code    26  stm32f4xx_hal_cortex.o(i.HAL_NVIC_SetPriorityGrouping)
    HAL_PWREx_EnableOverDrive                0x08000c61   Thumb Code    98  stm32f4xx_hal_pwr_ex.o(i.HAL_PWREx_EnableOverDrive)
    HAL_RCC_ClockConfig                      0x08000cd1   Thumb Code   288  stm32f4xx_hal_rcc.o(i.HAL_RCC_ClockConfig)
    HAL_RCC_GetPCLK1Freq                     0x08000e05   Thumb Code    20  stm32f4xx_hal_rcc.o(i.HAL_RCC_GetPCLK1Freq)
    HAL_RCC_GetPCLK2Freq                     0x08000e25   Thumb Code    20  stm32f4xx_hal_rcc.o(i.HAL_RCC_GetPCLK2Freq)
    HAL_RCC_GetSysClockFreq                  0x08000e45   Thumb Code    88  stm32f4xx_hal_rcc.o(i.HAL_RCC_GetSysClockFreq)
    HAL_RCC_OscConfig                        0x08000ea9   Thumb Code   840  stm32f4xx_hal_rcc.o(i.HAL_RCC_OscConfig)
    HAL_SYSTICK_CLKSourceConfig              0x08001205   Thumb Code    24  stm32f4xx_hal_cortex.o(i.HAL_SYSTICK_CLKSourceConfig)
    HAL_SYSTICK_Config                       0x0800121d   Thumb Code    40  stm32f4xx_hal_cortex.o(i.HAL_SYSTICK_Config)
    HAL_UART_Init                            0x08001245   Thumb Code    98  stm32f4xx_hal_uart.o(i.HAL_UART_Init)
    HAL_UART_MspInit                         0x080012a9   Thumb Code    94  usart.o(i.HAL_UART_MspInit)
    HAL_UART_Transmit                        0x08001315   Thumb Code   186  stm32f4xx_hal_uart.o(i.HAL_UART_Transmit)
    HardFault_Handler                        0x080013cf   Thumb Code     2  stm32f4xx_it.o(i.HardFault_Handler)
    IIC_Ack                                  0x080013d1   Thumb Code    58  myiic.o(i.IIC_Ack)
    IIC_Init                                 0x08001419   Thumb Code    16  myiic.o(i.IIC_Init)
    IIC_NAck                                 0x08001431   Thumb Code    58  myiic.o(i.IIC_NAck)
    IIC_Read_Byte                            0x08001479   Thumb Code   100  myiic.o(i.IIC_Read_Byte)
    IIC_Send_Byte                            0x080014e9   Thumb Code    90  myiic.o(i.IIC_Send_Byte)
    IIC_Start                                0x08001551   Thumb Code    62  myiic.o(i.IIC_Start)
    IIC_Stop                                 0x0800159d   Thumb Code    64  myiic.o(i.IIC_Stop)
    IIC_Wait_Ack                             0x080015e9   Thumb Code    80  myiic.o(i.IIC_Wait_Ack)
    MPU_Get_Accelerometer                    0x08001645   Thumb Code    50  mpu6050.o(i.MPU_Get_Accelerometer)
    MPU_Get_Gyroscope                        0x08001677   Thumb Code    50  mpu6050.o(i.MPU_Get_Gyroscope)
    MPU_Get_Temperature                      0x080016a9   Thumb Code    78  mpu6050.o(i.MPU_Get_Temperature)
    MPU_Init                                 0x0800170d   Thumb Code   128  mpu6050.o(i.MPU_Init)
    MPU_Read_Byte                            0x08001791   Thumb Code    58  mpu6050.o(i.MPU_Read_Byte)
    MPU_Read_Len                             0x080017cd   Thumb Code   108  mpu6050.o(i.MPU_Read_Len)
    MPU_Set_Accel_Fsr                        0x08001839   Thumb Code    10  mpu6050.o(i.MPU_Set_Accel_Fsr)
    MPU_Set_Gyro_Fsr                         0x08001843   Thumb Code    10  mpu6050.o(i.MPU_Set_Gyro_Fsr)
    MPU_Set_LPF                              0x0800184d   Thumb Code    48  mpu6050.o(i.MPU_Set_LPF)
    MPU_Set_Rate                             0x0800187d   Thumb Code    46  mpu6050.o(i.MPU_Set_Rate)
    MPU_Write_Byte                           0x080018ab   Thumb Code    60  mpu6050.o(i.MPU_Write_Byte)
    MPU_Write_Len                            0x080018e7   Thumb Code    82  mpu6050.o(i.MPU_Write_Len)
    MX_GPIO_Init                             0x08001939   Thumb Code   152  gpio.o(i.MX_GPIO_Init)
    MX_USART1_UART_Init                      0x080019dd   Thumb Code    48  usart.o(i.MX_USART1_UART_Init)
    MemManage_Handler                        0x08001a15   Thumb Code     2  stm32f4xx_it.o(i.MemManage_Handler)
    NMI_Handler                              0x08001a17   Thumb Code     2  stm32f4xx_it.o(i.NMI_Handler)
    PendSV_Handler                           0x08001a19   Thumb Code     2  stm32f4xx_it.o(i.PendSV_Handler)
    SVC_Handler                              0x08001a1b   Thumb Code     2  stm32f4xx_it.o(i.SVC_Handler)
    SysTick_Handler                          0x08001a1d   Thumb Code     4  stm32f4xx_it.o(i.SysTick_Handler)
    SystemClock_Config                       0x08001a21   Thumb Code   150  main.o(i.SystemClock_Config)
    SystemInit                               0x08001ac1   Thumb Code    22  system_stm32f4xx.o(i.SystemInit)
    UsageFault_Handler                       0x08001c69   Thumb Code     2  stm32f4xx_it.o(i.UsageFault_Handler)
    __0printf                                0x08001c6d   Thumb Code    22  printfa.o(i.__0printf)
    __1printf                                0x08001c6d   Thumb Code     0  printfa.o(i.__0printf)
    __2printf                                0x08001c6d   Thumb Code     0  printfa.o(i.__0printf)
    __c89printf                              0x08001c6d   Thumb Code     0  printfa.o(i.__0printf)
    printf                                   0x08001c6d   Thumb Code     0  printfa.o(i.__0printf)
    __ARM_fpclassify                         0x08001c8d   Thumb Code    48  fpclassify.o(i.__ARM_fpclassify)
    __hardfp_asin                            0x08001ce1   Thumb Code   770  asin.o(i.__hardfp_asin)
    __hardfp_atan                            0x08002041   Thumb Code   622  atan.o(i.__hardfp_atan)
    __hardfp_atan2                           0x08002319   Thumb Code   432  atan2.o(i.__hardfp_atan2)
    __kernel_poly                            0x08002509   Thumb Code   248  poly.o(i.__kernel_poly)
    __mathlib_dbl_infnan                     0x08002601   Thumb Code    20  dunder.o(i.__mathlib_dbl_infnan)
    __mathlib_dbl_infnan2                    0x08002615   Thumb Code    20  dunder.o(i.__mathlib_dbl_infnan2)
    __mathlib_dbl_invalid                    0x08002629   Thumb Code    24  dunder.o(i.__mathlib_dbl_invalid)
    __mathlib_dbl_underflow                  0x08002649   Thumb Code    24  dunder.o(i.__mathlib_dbl_underflow)
    __scatterload_copy                       0x08002669   Thumb Code    14  handlers.o(i.__scatterload_copy)
    __scatterload_null                       0x08002677   Thumb Code     2  handlers.o(i.__scatterload_null)
    __scatterload_zeroinit                   0x08002679   Thumb Code    14  handlers.o(i.__scatterload_zeroinit)
    __set_errno                              0x08002689   Thumb Code     6  errno.o(i.__set_errno)
    atan                                     0x08002fd9   Thumb Code    16  atan.o(i.atan)
    delay_init                               0x08002fe9   Thumb Code    16  delay.o(i.delay_init)
    delay_ms                                 0x08002ffd   Thumb Code    26  delay.o(i.delay_ms)
    delay_us                                 0x08003019   Thumb Code    48  delay.o(i.delay_us)
    dmp_enable_6x_lp_quat                    0x0800304d   Thumb Code    58  inv_mpu_dmp_motion_driver.o(i.dmp_enable_6x_lp_quat)
    dmp_enable_feature                       0x08003089   Thumb Code   464  inv_mpu_dmp_motion_driver.o(i.dmp_enable_feature)
    dmp_enable_gyro_cal                      0x08003261   Thumb Code    34  inv_mpu_dmp_motion_driver.o(i.dmp_enable_gyro_cal)
    dmp_enable_lp_quat                       0x0800329d   Thumb Code    58  inv_mpu_dmp_motion_driver.o(i.dmp_enable_lp_quat)
    dmp_load_motion_driver_firmware          0x080032d9   Thumb Code    16  inv_mpu_dmp_motion_driver.o(i.dmp_load_motion_driver_firmware)
    dmp_read_fifo                            0x080032ed   Thumb Code   324  inv_mpu_dmp_motion_driver.o(i.dmp_read_fifo)
    dmp_set_accel_bias                       0x08003435   Thumb Code   210  inv_mpu_dmp_motion_driver.o(i.dmp_set_accel_bias)
    dmp_set_fifo_rate                        0x0800350d   Thumb Code    82  inv_mpu_dmp_motion_driver.o(i.dmp_set_fifo_rate)
    dmp_set_gyro_bias                        0x08003571   Thumb Code   196  inv_mpu_dmp_motion_driver.o(i.dmp_set_gyro_bias)
    dmp_set_orientation                      0x0800363d   Thumb Code   246  inv_mpu_dmp_motion_driver.o(i.dmp_set_orientation)
    dmp_set_shake_reject_thresh              0x08003749   Thumb Code    48  inv_mpu_dmp_motion_driver.o(i.dmp_set_shake_reject_thresh)
    dmp_set_shake_reject_time                0x08003779   Thumb Code    32  inv_mpu_dmp_motion_driver.o(i.dmp_set_shake_reject_time)
    dmp_set_shake_reject_timeout             0x08003799   Thumb Code    32  inv_mpu_dmp_motion_driver.o(i.dmp_set_shake_reject_timeout)
    dmp_set_tap_axes                         0x080037b9   Thumb Code    64  inv_mpu_dmp_motion_driver.o(i.dmp_set_tap_axes)
    dmp_set_tap_count                        0x080037f9   Thumb Code    34  inv_mpu_dmp_motion_driver.o(i.dmp_set_tap_count)
    dmp_set_tap_thresh                       0x0800381d   Thumb Code   314  inv_mpu_dmp_motion_driver.o(i.dmp_set_tap_thresh)
    dmp_set_tap_time                         0x0800397d   Thumb Code    32  inv_mpu_dmp_motion_driver.o(i.dmp_set_tap_time)
    dmp_set_tap_time_multi                   0x0800399d   Thumb Code    32  inv_mpu_dmp_motion_driver.o(i.dmp_set_tap_time_multi)
    fabs                                     0x080039bd   Thumb Code    24  fabs.o(i.fabs)
    fputc                                    0x080039d5   Thumb Code    24  main.o(i.fputc)
    inv_orientation_matrix_to_scalar         0x08003e8d   Thumb Code    34  inv_mpu.o(i.inv_orientation_matrix_to_scalar)
    inv_row_2_scale                          0x08003eaf   Thumb Code    72  inv_mpu.o(i.inv_row_2_scale)
    main                                     0x08003ef9   Thumb Code   176  main.o(i.main)
    mget_ms                                  0x08003fed   Thumb Code     2  inv_mpu.o(i.mget_ms)
    mpu_configure_fifo                       0x08003ff1   Thumb Code    78  inv_mpu.o(i.mpu_configure_fifo)
    mpu_dmp_get_data                         0x08004045   Thumb Code   344  inv_mpu.o(i.mpu_dmp_get_data)
    mpu_dmp_init                             0x080041a9   Thumb Code   160  inv_mpu.o(i.mpu_dmp_init)
    mpu_get_accel_fsr                        0x0800424d   Thumb Code    54  inv_mpu.o(i.mpu_get_accel_fsr)
    mpu_get_accel_sens                       0x08004289   Thumb Code    62  inv_mpu.o(i.mpu_get_accel_sens)
    mpu_get_gyro_fsr                         0x080042cd   Thumb Code    48  inv_mpu.o(i.mpu_get_gyro_fsr)
    mpu_get_gyro_sens                        0x08004301   Thumb Code    54  inv_mpu.o(i.mpu_get_gyro_sens)
    mpu_get_lpf                              0x0800434d   Thumb Code    52  inv_mpu.o(i.mpu_get_lpf)
    mpu_get_sample_rate                      0x08004385   Thumb Code    22  inv_mpu.o(i.mpu_get_sample_rate)
    mpu_init                                 0x080043a1   Thumb Code   310  inv_mpu.o(i.mpu_init)
    mpu_load_firmware                        0x08004529   Thumb Code   154  inv_mpu.o(i.mpu_load_firmware)
    mpu_lp_accel_mode                        0x080045c9   Thumb Code   178  inv_mpu.o(i.mpu_lp_accel_mode)
    mpu_read_fifo_stream                     0x08004681   Thumb Code   140  inv_mpu.o(i.mpu_read_fifo_stream)
    mpu_read_mem                             0x08004711   Thumb Code    80  inv_mpu.o(i.mpu_read_mem)
    mpu_reset_fifo                           0x08004765   Thumb Code   346  inv_mpu.o(i.mpu_reset_fifo)
    mpu_run_self_test                        0x080048c5   Thumb Code   234  inv_mpu.o(i.mpu_run_self_test)
    mpu_set_accel_fsr                        0x080049b5   Thumb Code    98  inv_mpu.o(i.mpu_set_accel_fsr)
    mpu_set_bypass                           0x08004a1d   Thumb Code   214  inv_mpu.o(i.mpu_set_bypass)
    mpu_set_dmp_state                        0x08004af9   Thumb Code   114  inv_mpu.o(i.mpu_set_dmp_state)
    mpu_set_gyro_fsr                         0x08004b71   Thumb Code   104  inv_mpu.o(i.mpu_set_gyro_fsr)
    mpu_set_int_latched                      0x08004bdd   Thumb Code    94  inv_mpu.o(i.mpu_set_int_latched)
    mpu_set_lpf                              0x08004c41   Thumb Code   102  inv_mpu.o(i.mpu_set_lpf)
    mpu_set_sample_rate                      0x08004cad   Thumb Code   124  inv_mpu.o(i.mpu_set_sample_rate)
    mpu_set_sensors                          0x08004d2d   Thumb Code   178  inv_mpu.o(i.mpu_set_sensors)
    mpu_write_mem                            0x08004de5   Thumb Code    80  inv_mpu.o(i.mpu_write_mem)
    run_self_test                            0x08004e39   Thumb Code   136  inv_mpu.o(i.run_self_test)
    sqrt                                     0x08004f19   Thumb Code   110  sqrt.o(i.sqrt)
    reg                                      0x08004f86   Data          27  inv_mpu.o(.constdata)
    hw                                       0x08004fa2   Data          12  inv_mpu.o(.constdata)
    test                                     0x08004fb0   Data          40  inv_mpu.o(.constdata)
    AHBPrescTable                            0x08005bce   Data          16  system_stm32f4xx.o(.constdata)
    APBPrescTable                            0x08005bde   Data           8  system_stm32f4xx.o(.constdata)
    __mathlib_zero                           0x08005cd0   Data           8  qnan.o(.constdata)
    Region$$Table$$Base                      0x08005d28   Number         0  anon$$obj.o(Region$$Table)
    Region$$Table$$Limit                     0x08005d48   Number         0  anon$$obj.o(Region$$Table)
    aacx                                     0x2000003c   Data           2  main.o(.data)
    aacy                                     0x2000003e   Data           2  main.o(.data)
    aacz                                     0x20000040   Data           2  main.o(.data)
    gyrox                                    0x20000042   Data           2  main.o(.data)
    gyroy                                    0x20000044   Data           2  main.o(.data)
    gyroz                                    0x20000046   Data           2  main.o(.data)
    temp                                     0x20000048   Data           2  main.o(.data)
    pitch                                    0x2000004c   Data           4  main.o(.data)
    roll                                     0x20000050   Data           4  main.o(.data)
    yaw                                      0x20000054   Data           4  main.o(.data)
    uwTickFreq                               0x20000058   Data           1  stm32f4xx_hal.o(.data)
    uwTickPrio                               0x2000005c   Data           4  stm32f4xx_hal.o(.data)
    uwTick                                   0x20000060   Data           4  stm32f4xx_hal.o(.data)
    SystemCoreClock                          0x20000064   Data           4  system_stm32f4xx.o(.data)
    __stdout                                 0x20000068   Data           4  stdout.o(.data)
    huart1                                   0x20000080   Data          64  usart.o(.bss)
    __initial_sp                             0x200004c0   Data           0  startup_stm32f439xx.o(STACK)



==============================================================================

Memory Map of the image

  Image Entry point : 0x080001ad

  Load Region LR_IROM1 (Base: 0x08000000, Size: 0x00005db8, Max: 0x00100000, ABSOLUTE)

    Execution Region ER_IROM1 (Exec base: 0x08000000, Load base: 0x08000000, Size: 0x00005d48, Max: 0x00100000, ABSOLUTE)

    Exec Addr    Load Addr    Size         Type   Attr      Idx    E Section Name        Object

    0x08000000   0x08000000   0x000001ac   Data   RO            3    RESET               startup_stm32f439xx.o
    0x080001ac   0x080001ac   0x00000000   Code   RO         2748  * .ARM.Collect$$$$00000000  mc_w.l(entry.o)
    0x080001ac   0x080001ac   0x00000004   Code   RO         3083    .ARM.Collect$$$$00000001  mc_w.l(entry2.o)
    0x080001b0   0x080001b0   0x00000004   Code   RO         3086    .ARM.Collect$$$$00000004  mc_w.l(entry5.o)
    0x080001b4   0x080001b4   0x00000000   Code   RO         3088    .ARM.Collect$$$$00000008  mc_w.l(entry7b.o)
    0x080001b4   0x080001b4   0x00000000   Code   RO         3090    .ARM.Collect$$$$0000000A  mc_w.l(entry8b.o)
    0x080001b4   0x080001b4   0x00000008   Code   RO         3091    .ARM.Collect$$$$0000000B  mc_w.l(entry9a.o)
    0x080001bc   0x080001bc   0x00000000   Code   RO         3093    .ARM.Collect$$$$0000000D  mc_w.l(entry10a.o)
    0x080001bc   0x080001bc   0x00000000   Code   RO         3095    .ARM.Collect$$$$0000000F  mc_w.l(entry11a.o)
    0x080001bc   0x080001bc   0x00000004   Code   RO         3084    .ARM.Collect$$$$00002712  mc_w.l(entry2.o)
    0x080001c0   0x080001c0   0x00000024   Code   RO            4    .text               startup_stm32f439xx.o
    0x080001e4   0x080001e4   0x00000062   Code   RO         2751    .text               mc_w.l(uldiv.o)
    0x08000246   0x08000246   0x00000062   Code   RO         2753    .text               mc_w.l(ldiv.o)
    0x080002a8   0x080002a8   0x00000024   Code   RO         2755    .text               mc_w.l(memseta.o)
    0x080002cc   0x080002cc   0x0000001a   Code   RO         2757    .text               mc_w.l(memcmp.o)
    0x080002e6   0x080002e6   0x0000014e   Code   RO         3020    .text               mf_w.l(dadd.o)
    0x08000434   0x08000434   0x000000e4   Code   RO         3022    .text               mf_w.l(dmul.o)
    0x08000518   0x08000518   0x000000de   Code   RO         3024    .text               mf_w.l(ddiv.o)
    0x080005f6   0x080005f6   0x00000022   Code   RO         3026    .text               mf_w.l(dflti.o)
    0x08000618   0x08000618   0x00000026   Code   RO         3028    .text               mf_w.l(f2d.o)
    0x0800063e   0x0800063e   0x00000038   Code   RO         3030    .text               mf_w.l(d2f.o)
    0x08000676   0x08000676   0x0000002c   Code   RO         3098    .text               mc_w.l(uidiv.o)
    0x080006a2   0x080006a2   0x0000001e   Code   RO         3100    .text               mc_w.l(llshl.o)
    0x080006c0   0x080006c0   0x00000020   Code   RO         3102    .text               mc_w.l(llushr.o)
    0x080006e0   0x080006e0   0x00000024   Code   RO         3104    .text               mc_w.l(llsshr.o)
    0x08000704   0x08000704   0x00000000   Code   RO         3113    .text               mc_w.l(iusefp.o)
    0x08000704   0x08000704   0x0000006e   Code   RO         3114    .text               mf_w.l(fepilogue.o)
    0x08000772   0x08000772   0x000000ba   Code   RO         3116    .text               mf_w.l(depilogue.o)
    0x0800082c   0x0800082c   0x00000030   Code   RO         3120    .text               mf_w.l(dfixul.o)
    0x0800085c   0x0800085c   0x00000030   Code   RO         3122    .text               mf_w.l(cdrcmple.o)
    0x0800088c   0x0800088c   0x00000024   Code   RO         3124    .text               mc_w.l(init.o)
    0x080008b0   0x080008b0   0x000000a2   Code   RO         3126    .text               mf_w.l(dsqrt.o)
    0x08000952   0x08000952   0x00000002   Code   RO         1012    i.BusFault_Handler  stm32f4xx_it.o
    0x08000954   0x08000954   0x00000002   Code   RO         1013    i.DebugMon_Handler  stm32f4xx_it.o
    0x08000956   0x08000956   0x00000004   Code   RO          895    i.Error_Handler     main.o
    0x0800095a   0x0800095a   0x00000002   PAD
    0x0800095c   0x0800095c   0x000001d4   Code   RO         1880    i.HAL_GPIO_Init     stm32f4xx_hal_gpio.o
    0x08000b30   0x08000b30   0x0000000a   Code   RO         1884    i.HAL_GPIO_WritePin  stm32f4xx_hal_gpio.o
    0x08000b3a   0x08000b3a   0x00000002   PAD
    0x08000b3c   0x08000b3c   0x0000000c   Code   RO         2432    i.HAL_GetTick       stm32f4xx_hal.o
    0x08000b48   0x08000b48   0x00000010   Code   RO         2438    i.HAL_IncTick       stm32f4xx_hal.o
    0x08000b58   0x08000b58   0x00000034   Code   RO         2439    i.HAL_Init          stm32f4xx_hal.o
    0x08000b8c   0x08000b8c   0x00000040   Code   RO         2440    i.HAL_InitTick      stm32f4xx_hal.o
    0x08000bcc   0x08000bcc   0x00000030   Code   RO         1087    i.HAL_MspInit       stm32f4xx_hal_msp.o
    0x08000bfc   0x08000bfc   0x00000040   Code   RO         2293    i.HAL_NVIC_SetPriority  stm32f4xx_hal_cortex.o
    0x08000c3c   0x08000c3c   0x00000024   Code   RO         2294    i.HAL_NVIC_SetPriorityGrouping  stm32f4xx_hal_cortex.o
    0x08000c60   0x08000c60   0x00000070   Code   RO         2216    i.HAL_PWREx_EnableOverDrive  stm32f4xx_hal_pwr_ex.o
    0x08000cd0   0x08000cd0   0x00000134   Code   RO         1474    i.HAL_RCC_ClockConfig  stm32f4xx_hal_rcc.o
    0x08000e04   0x08000e04   0x00000020   Code   RO         1481    i.HAL_RCC_GetPCLK1Freq  stm32f4xx_hal_rcc.o
    0x08000e24   0x08000e24   0x00000020   Code   RO         1482    i.HAL_RCC_GetPCLK2Freq  stm32f4xx_hal_rcc.o
    0x08000e44   0x08000e44   0x00000064   Code   RO         1483    i.HAL_RCC_GetSysClockFreq  stm32f4xx_hal_rcc.o
    0x08000ea8   0x08000ea8   0x0000035c   Code   RO         1486    i.HAL_RCC_OscConfig  stm32f4xx_hal_rcc.o
    0x08001204   0x08001204   0x00000018   Code   RO         2296    i.HAL_SYSTICK_CLKSourceConfig  stm32f4xx_hal_cortex.o
    0x0800121c   0x0800121c   0x00000028   Code   RO         2298    i.HAL_SYSTICK_Config  stm32f4xx_hal_cortex.o
    0x08001244   0x08001244   0x00000062   Code   RO         1172    i.HAL_UART_Init     stm32f4xx_hal_uart.o
    0x080012a6   0x080012a6   0x00000002   PAD
    0x080012a8   0x080012a8   0x0000006c   Code   RO          971    i.HAL_UART_MspInit  usart.o
    0x08001314   0x08001314   0x000000ba   Code   RO         1180    i.HAL_UART_Transmit  stm32f4xx_hal_uart.o
    0x080013ce   0x080013ce   0x00000002   Code   RO         1014    i.HardFault_Handler  stm32f4xx_it.o
    0x080013d0   0x080013d0   0x00000048   Code   RO          760    i.IIC_Ack           myiic.o
    0x08001418   0x08001418   0x00000018   Code   RO          761    i.IIC_Init          myiic.o
    0x08001430   0x08001430   0x00000048   Code   RO          762    i.IIC_NAck          myiic.o
    0x08001478   0x08001478   0x00000070   Code   RO          763    i.IIC_Read_Byte     myiic.o
    0x080014e8   0x080014e8   0x00000068   Code   RO          764    i.IIC_Send_Byte     myiic.o
    0x08001550   0x08001550   0x0000004c   Code   RO          765    i.IIC_Start         myiic.o
    0x0800159c   0x0800159c   0x0000004c   Code   RO          766    i.IIC_Stop          myiic.o
    0x080015e8   0x080015e8   0x0000005c   Code   RO          767    i.IIC_Wait_Ack      myiic.o
    0x08001644   0x08001644   0x00000032   Code   RO           13    i.MPU_Get_Accelerometer  mpu6050.o
    0x08001676   0x08001676   0x00000032   Code   RO           14    i.MPU_Get_Gyroscope  mpu6050.o
    0x080016a8   0x080016a8   0x00000064   Code   RO           15    i.MPU_Get_Temperature  mpu6050.o
    0x0800170c   0x0800170c   0x00000084   Code   RO           16    i.MPU_Init          mpu6050.o
    0x08001790   0x08001790   0x0000003a   Code   RO           17    i.MPU_Read_Byte     mpu6050.o
    0x080017ca   0x080017ca   0x00000002   PAD
    0x080017cc   0x080017cc   0x0000006c   Code   RO           18    i.MPU_Read_Len      mpu6050.o
    0x08001838   0x08001838   0x0000000a   Code   RO           19    i.MPU_Set_Accel_Fsr  mpu6050.o
    0x08001842   0x08001842   0x0000000a   Code   RO           20    i.MPU_Set_Gyro_Fsr  mpu6050.o
    0x0800184c   0x0800184c   0x00000030   Code   RO           21    i.MPU_Set_LPF       mpu6050.o
    0x0800187c   0x0800187c   0x0000002e   Code   RO           22    i.MPU_Set_Rate      mpu6050.o
    0x080018aa   0x080018aa   0x0000003c   Code   RO           23    i.MPU_Write_Byte    mpu6050.o
    0x080018e6   0x080018e6   0x00000052   Code   RO           24    i.MPU_Write_Len     mpu6050.o
    0x08001938   0x08001938   0x000000a4   Code   RO          946    i.MX_GPIO_Init      gpio.o
    0x080019dc   0x080019dc   0x00000038   Code   RO          972    i.MX_USART1_UART_Init  usart.o
    0x08001a14   0x08001a14   0x00000002   Code   RO         1015    i.MemManage_Handler  stm32f4xx_it.o
    0x08001a16   0x08001a16   0x00000002   Code   RO         1016    i.NMI_Handler       stm32f4xx_it.o
    0x08001a18   0x08001a18   0x00000002   Code   RO         1017    i.PendSV_Handler    stm32f4xx_it.o
    0x08001a1a   0x08001a1a   0x00000002   Code   RO         1018    i.SVC_Handler       stm32f4xx_it.o
    0x08001a1c   0x08001a1c   0x00000004   Code   RO         1019    i.SysTick_Handler   stm32f4xx_it.o
    0x08001a20   0x08001a20   0x000000a0   Code   RO          896    i.SystemClock_Config  main.o
    0x08001ac0   0x08001ac0   0x0000001c   Code   RO         2688    i.SystemInit        system_stm32f4xx.o
    0x08001adc   0x08001adc   0x00000128   Code   RO         1198    i.UART_SetConfig    stm32f4xx_hal_uart.o
    0x08001c04   0x08001c04   0x00000064   Code   RO         1200    i.UART_WaitOnFlagUntilTimeout  stm32f4xx_hal_uart.o
    0x08001c68   0x08001c68   0x00000002   Code   RO         1020    i.UsageFault_Handler  stm32f4xx_it.o
    0x08001c6a   0x08001c6a   0x00000002   PAD
    0x08001c6c   0x08001c6c   0x00000020   Code   RO         2992    i.__0printf         mc_w.l(printfa.o)
    0x08001c8c   0x08001c8c   0x00000030   Code   RO         3066    i.__ARM_fpclassify  m_wm.l(fpclassify.o)
    0x08001cbc   0x08001cbc   0x00000020   Code   RO         2300    i.__NVIC_SetPriority  stm32f4xx_hal_cortex.o
    0x08001cdc   0x08001cdc   0x00000004   PAD
    0x08001ce0   0x08001ce0   0x00000360   Code   RO         2722    i.__hardfp_asin     m_wm.l(asin.o)
    0x08002040   0x08002040   0x000002d8   Code   RO         3032    i.__hardfp_atan     m_wm.l(atan.o)
    0x08002318   0x08002318   0x000001f0   Code   RO         2736    i.__hardfp_atan2    m_wm.l(atan2.o)
    0x08002508   0x08002508   0x000000f8   Code   RO         3068    i.__kernel_poly     m_wm.l(poly.o)
    0x08002600   0x08002600   0x00000014   Code   RO         3047    i.__mathlib_dbl_infnan  m_wm.l(dunder.o)
    0x08002614   0x08002614   0x00000014   Code   RO         3048    i.__mathlib_dbl_infnan2  m_wm.l(dunder.o)
    0x08002628   0x08002628   0x00000020   Code   RO         3049    i.__mathlib_dbl_invalid  m_wm.l(dunder.o)
    0x08002648   0x08002648   0x00000020   Code   RO         3052    i.__mathlib_dbl_underflow  m_wm.l(dunder.o)
    0x08002668   0x08002668   0x0000000e   Code   RO         3132    i.__scatterload_copy  mc_w.l(handlers.o)
    0x08002676   0x08002676   0x00000002   Code   RO         3133    i.__scatterload_null  mc_w.l(handlers.o)
    0x08002678   0x08002678   0x0000000e   Code   RO         3134    i.__scatterload_zeroinit  mc_w.l(handlers.o)
    0x08002686   0x08002686   0x00000002   PAD
    0x08002688   0x08002688   0x0000000c   Code   RO         3108    i.__set_errno       mc_w.l(errno.o)
    0x08002694   0x08002694   0x00000184   Code   RO         2999    i._fp_digits        mc_w.l(printfa.o)
    0x08002818   0x08002818   0x000006dc   Code   RO         3000    i._printf_core      mc_w.l(printfa.o)
    0x08002ef4   0x08002ef4   0x00000024   Code   RO         3001    i._printf_post_padding  mc_w.l(printfa.o)
    0x08002f18   0x08002f18   0x0000002e   Code   RO         3002    i._printf_pre_padding  mc_w.l(printfa.o)
    0x08002f46   0x08002f46   0x00000002   PAD
    0x08002f48   0x08002f48   0x00000090   Code   RO          213    i.accel_self_test   inv_mpu.o
    0x08002fd8   0x08002fd8   0x00000010   Code   RO         3034    i.atan              m_wm.l(atan.o)
    0x08002fe8   0x08002fe8   0x00000014   Code   RO          854    i.delay_init        delay.o
    0x08002ffc   0x08002ffc   0x0000001a   Code   RO          855    i.delay_ms          delay.o
    0x08003016   0x08003016   0x00000002   PAD
    0x08003018   0x08003018   0x00000034   Code   RO          856    i.delay_us          delay.o
    0x0800304c   0x0800304c   0x0000003a   Code   RO          571    i.dmp_enable_6x_lp_quat  inv_mpu_dmp_motion_driver.o
    0x08003086   0x08003086   0x00000002   PAD
    0x08003088   0x08003088   0x000001d8   Code   RO          572    i.dmp_enable_feature  inv_mpu_dmp_motion_driver.o
    0x08003260   0x08003260   0x0000003c   Code   RO          573    i.dmp_enable_gyro_cal  inv_mpu_dmp_motion_driver.o
    0x0800329c   0x0800329c   0x0000003a   Code   RO          574    i.dmp_enable_lp_quat  inv_mpu_dmp_motion_driver.o
    0x080032d6   0x080032d6   0x00000002   PAD
    0x080032d8   0x080032d8   0x00000014   Code   RO          579    i.dmp_load_motion_driver_firmware  inv_mpu_dmp_motion_driver.o
    0x080032ec   0x080032ec   0x00000148   Code   RO          580    i.dmp_read_fifo     inv_mpu_dmp_motion_driver.o
    0x08003434   0x08003434   0x000000d8   Code   RO          583    i.dmp_set_accel_bias  inv_mpu_dmp_motion_driver.o
    0x0800350c   0x0800350c   0x00000064   Code   RO          584    i.dmp_set_fifo_rate  inv_mpu_dmp_motion_driver.o
    0x08003570   0x08003570   0x000000cc   Code   RO          585    i.dmp_set_gyro_bias  inv_mpu_dmp_motion_driver.o
    0x0800363c   0x0800363c   0x0000010c   Code   RO          587    i.dmp_set_orientation  inv_mpu_dmp_motion_driver.o
    0x08003748   0x08003748   0x00000030   Code   RO          590    i.dmp_set_shake_reject_thresh  inv_mpu_dmp_motion_driver.o
    0x08003778   0x08003778   0x00000020   Code   RO          591    i.dmp_set_shake_reject_time  inv_mpu_dmp_motion_driver.o
    0x08003798   0x08003798   0x00000020   Code   RO          592    i.dmp_set_shake_reject_timeout  inv_mpu_dmp_motion_driver.o
    0x080037b8   0x080037b8   0x00000040   Code   RO          593    i.dmp_set_tap_axes  inv_mpu_dmp_motion_driver.o
    0x080037f8   0x080037f8   0x00000022   Code   RO          594    i.dmp_set_tap_count  inv_mpu_dmp_motion_driver.o
    0x0800381a   0x0800381a   0x00000002   PAD
    0x0800381c   0x0800381c   0x00000160   Code   RO          595    i.dmp_set_tap_thresh  inv_mpu_dmp_motion_driver.o
    0x0800397c   0x0800397c   0x00000020   Code   RO          596    i.dmp_set_tap_time  inv_mpu_dmp_motion_driver.o
    0x0800399c   0x0800399c   0x00000020   Code   RO          597    i.dmp_set_tap_time_multi  inv_mpu_dmp_motion_driver.o
    0x080039bc   0x080039bc   0x00000018   Code   RO         3062    i.fabs              m_wm.l(fabs.o)
    0x080039d4   0x080039d4   0x0000001c   Code   RO          897    i.fputc             main.o
    0x080039f0   0x080039f0   0x000000b4   Code   RO          214    i.get_accel_prod_shift  inv_mpu.o
    0x08003aa4   0x08003aa4   0x00000314   Code   RO          215    i.get_st_biases     inv_mpu.o
    0x08003db8   0x08003db8   0x000000d4   Code   RO          216    i.gyro_self_test    inv_mpu.o
    0x08003e8c   0x08003e8c   0x00000022   Code   RO          217    i.inv_orientation_matrix_to_scalar  inv_mpu.o
    0x08003eae   0x08003eae   0x00000048   Code   RO          218    i.inv_row_2_scale   inv_mpu.o
    0x08003ef6   0x08003ef6   0x00000002   PAD
    0x08003ef8   0x08003ef8   0x000000f4   Code   RO          898    i.main              main.o
    0x08003fec   0x08003fec   0x00000002   Code   RO          219    i.mget_ms           inv_mpu.o
    0x08003fee   0x08003fee   0x00000002   PAD
    0x08003ff0   0x08003ff0   0x00000054   Code   RO          220    i.mpu_configure_fifo  inv_mpu.o
    0x08004044   0x08004044   0x00000164   Code   RO          221    i.mpu_dmp_get_data  inv_mpu.o
    0x080041a8   0x080041a8   0x000000a4   Code   RO          222    i.mpu_dmp_init      inv_mpu.o
    0x0800424c   0x0800424c   0x0000003c   Code   RO          223    i.mpu_get_accel_fsr  inv_mpu.o
    0x08004288   0x08004288   0x00000044   Code   RO          225    i.mpu_get_accel_sens  inv_mpu.o
    0x080042cc   0x080042cc   0x00000034   Code   RO          231    i.mpu_get_gyro_fsr  inv_mpu.o
    0x08004300   0x08004300   0x0000004c   Code   RO          233    i.mpu_get_gyro_sens  inv_mpu.o
    0x0800434c   0x0800434c   0x00000038   Code   RO          235    i.mpu_get_lpf       inv_mpu.o
    0x08004384   0x08004384   0x0000001c   Code   RO          237    i.mpu_get_sample_rate  inv_mpu.o
    0x080043a0   0x080043a0   0x00000188   Code   RO          239    i.mpu_init          inv_mpu.o
    0x08004528   0x08004528   0x000000a0   Code   RO          240    i.mpu_load_firmware  inv_mpu.o
    0x080045c8   0x080045c8   0x000000b8   Code   RO          241    i.mpu_lp_accel_mode  inv_mpu.o
    0x08004680   0x08004680   0x00000090   Code   RO          244    i.mpu_read_fifo_stream  inv_mpu.o
    0x08004710   0x08004710   0x00000054   Code   RO          245    i.mpu_read_mem      inv_mpu.o
    0x08004764   0x08004764   0x00000160   Code   RO          248    i.mpu_reset_fifo    inv_mpu.o
    0x080048c4   0x080048c4   0x000000f0   Code   RO          249    i.mpu_run_self_test  inv_mpu.o
    0x080049b4   0x080049b4   0x00000068   Code   RO          251    i.mpu_set_accel_fsr  inv_mpu.o
    0x08004a1c   0x08004a1c   0x000000dc   Code   RO          252    i.mpu_set_bypass    inv_mpu.o
    0x08004af8   0x08004af8   0x00000078   Code   RO          254    i.mpu_set_dmp_state  inv_mpu.o
    0x08004b70   0x08004b70   0x0000006c   Code   RO          255    i.mpu_set_gyro_fsr  inv_mpu.o
    0x08004bdc   0x08004bdc   0x00000064   Code   RO          256    i.mpu_set_int_latched  inv_mpu.o
    0x08004c40   0x08004c40   0x0000006c   Code   RO          258    i.mpu_set_lpf       inv_mpu.o
    0x08004cac   0x08004cac   0x00000080   Code   RO          259    i.mpu_set_sample_rate  inv_mpu.o
    0x08004d2c   0x08004d2c   0x000000b8   Code   RO          260    i.mpu_set_sensors   inv_mpu.o
    0x08004de4   0x08004de4   0x00000054   Code   RO          261    i.mpu_write_mem     inv_mpu.o
    0x08004e38   0x08004e38   0x00000088   Code   RO          262    i.run_self_test     inv_mpu.o
    0x08004ec0   0x08004ec0   0x00000058   Code   RO          263    i.set_int_enable    inv_mpu.o
    0x08004f18   0x08004f18   0x0000006e   Code   RO         3073    i.sqrt              m_wm.l(sqrt.o)
    0x08004f86   0x08004f86   0x0000001b   Data   RO          265    .constdata          inv_mpu.o
    0x08004fa1   0x08004fa1   0x00000001   PAD
    0x08004fa2   0x08004fa2   0x0000000c   Data   RO          266    .constdata          inv_mpu.o
    0x08004fae   0x08004fae   0x00000002   PAD
    0x08004fb0   0x08004fb0   0x00000028   Data   RO          267    .constdata          inv_mpu.o
    0x08004fd8   0x08004fd8   0x00000bf6   Data   RO          599    .constdata          inv_mpu_dmp_motion_driver.o
    0x08005bce   0x08005bce   0x00000010   Data   RO         2689    .constdata          system_stm32f4xx.o
    0x08005bde   0x08005bde   0x00000008   Data   RO         2690    .constdata          system_stm32f4xx.o
    0x08005be6   0x08005be6   0x00000002   PAD
    0x08005be8   0x08005be8   0x00000050   Data   RO         2725    .constdata          m_wm.l(asin.o)
    0x08005c38   0x08005c38   0x00000098   Data   RO         3035    .constdata          m_wm.l(atan.o)
    0x08005cd0   0x08005cd0   0x00000008   Data   RO         3070    .constdata          m_wm.l(qnan.o)
    0x08005cd8   0x08005cd8   0x0000004d   Data   RO          268    .conststring        inv_mpu.o
    0x08005d25   0x08005d25   0x00000003   PAD
    0x08005d28   0x08005d28   0x00000020   Data   RO         3130    Region$$Table       anon$$obj.o


    Execution Region RW_IRAM2 (Exec base: 0x10000000, Load base: 0x08005db8, Size: 0x00000000, Max: 0x00010000, ABSOLUTE)

    **** No section assigned to this execution region ****


    Execution Region RW_IRAM1 (Exec base: 0x20000000, Load base: 0x08005d48, Size: 0x000004c0, Max: 0x00030000, ABSOLUTE)

    Exec Addr    Load Addr    Size         Type   Attr      Idx    E Section Name        Object

    0x20000000   0x08005d48   0x00000035   Data   RW          269    .data               inv_mpu.o
    0x20000035   0x08005d7d   0x00000003   PAD
    0x20000038   0x08005d80   0x00000004   Data   RW          857    .data               delay.o
    0x2000003c   0x08005d84   0x0000001c   Data   RW          899    .data               main.o
    0x20000058   0x08005da0   0x0000000c   Data   RW         2446    .data               stm32f4xx_hal.o
    0x20000064   0x08005dac   0x00000004   Data   RW         2691    .data               system_stm32f4xx.o
    0x20000068   0x08005db0   0x00000004   Data   RW         3097    .data               mc_w.l(stdout.o)
    0x2000006c   0x08005db4   0x00000004   Data   RW         3109    .data               mc_w.l(errno.o)
    0x20000070        -       0x00000010   Zero   RW          598    .bss                inv_mpu_dmp_motion_driver.o
    0x20000080        -       0x00000040   Zero   RW          973    .bss                usart.o
    0x200000c0        -       0x00000400   Zero   RW            1    STACK               startup_stm32f439xx.o


==============================================================================

Image component sizes


      Code (inc. data)   RO Data    RW Data    ZI Data      Debug   Object Name

        98          8          0          4          0       1823   delay.o
       164         12          0          0          0        955   gpio.o
      5312        304        156         53          0      30938   inv_mpu.o
      2410        134       3062          0         16      19958   inv_mpu_dmp_motion_driver.o
       436         82          0         28          0       3231   main.o
       754         26          0          0          0     736719   mpu6050.o
       628        100          0          0          0       4226   myiic.o
        36          8        428          0       1024        824   startup_stm32f439xx.o
       144         24          0         12          0       8845   stm32f4xx_hal.o
       196         14          0          0          0      33832   stm32f4xx_hal_cortex.o
       478         54          0          0          0       2384   stm32f4xx_hal_gpio.o
        48          6          0          0          0        834   stm32f4xx_hal_msp.o
       112         14          0          0          0       1268   stm32f4xx_hal_pwr_ex.o
      1332         76          0          0          0       5168   stm32f4xx_hal_rcc.o
       680         10          0          0          0       4064   stm32f4xx_hal_uart.o
        20          0          0          0          0       4082   stm32f4xx_it.o
        28          6         24          4          0       1127   system_stm32f4xx.o
       164         22          0          0         64       1674   usart.o

    ----------------------------------------------------------------------
     13066        900       3710        104       1104     861952   Object Totals
         0          0         32          0          0          0   (incl. Generated)
        26          0          8          3          0          0   (incl. Padding)

    ----------------------------------------------------------------------

      Code (inc. data)   RO Data    RW Data    ZI Data      Debug   Library Member Name

       864         94         80          0          0        280   asin.o
       744        106        152          0          0        352   atan.o
       496         64          0          0          0        192   atan2.o
       104         16          0          0          0        496   dunder.o
        24          0          0          0          0        124   fabs.o
        48          0          0          0          0        124   fpclassify.o
       248          0          0          0          0        152   poly.o
         0          0          8          0          0          0   qnan.o
       110          0          0          0          0        148   sqrt.o
         0          0          0          0          0          0   entry.o
         0          0          0          0          0          0   entry10a.o
         0          0          0          0          0          0   entry11a.o
         8          4          0          0          0          0   entry2.o
         4          0          0          0          0          0   entry5.o
         0          0          0          0          0          0   entry7b.o
         0          0          0          0          0          0   entry8b.o
         8          4          0          0          0          0   entry9a.o
        12          6          0          4          0         68   errno.o
        30          0          0          0          0          0   handlers.o
        36          8          0          0          0         68   init.o
         0          0          0          0          0          0   iusefp.o
        98          0          0          0          0         84   ldiv.o
        30          0          0          0          0         68   llshl.o
        36          0          0          0          0         68   llsshr.o
        32          0          0          0          0         68   llushr.o
        26          0          0          0          0         80   memcmp.o
        36          0          0          0          0        108   memseta.o
      2258         90          0          0          0        452   printfa.o
         0          0          0          4          0          0   stdout.o
        44          0          0          0          0         80   uidiv.o
        98          0          0          0          0         92   uldiv.o
        48          0          0          0          0         68   cdrcmple.o
        56          0          0          0          0         88   d2f.o
       334          0          0          0          0        148   dadd.o
       222          0          0          0          0        100   ddiv.o
       186          0          0          0          0        176   depilogue.o
        48          0          0          0          0         68   dfixul.o
        34          0          0          0          0         76   dflti.o
       228          0          0          0          0         96   dmul.o
       162          0          0          0          0        100   dsqrt.o
        38          0          0          0          0         68   f2d.o
       110          0          0          0          0        168   fepilogue.o

    ----------------------------------------------------------------------
      6864        392        240          8          0       4260   Library Totals
         4          0          0          0          0          0   (incl. Padding)

    ----------------------------------------------------------------------

      Code (inc. data)   RO Data    RW Data    ZI Data      Debug   Library Name

      2638        280        240          0          0       1868   m_wm.l
      2756        112          0          8          0       1236   mc_w.l
      1466          0          0          0          0       1156   mf_w.l

    ----------------------------------------------------------------------
      6864        392        240          8          0       4260   Library Totals

    ----------------------------------------------------------------------

==============================================================================


      Code (inc. data)   RO Data    RW Data    ZI Data      Debug   

     19930       1292       3950        112       1104     853520   Grand Totals
     19930       1292       3950        112       1104     853520   ELF Image Totals
     19930       1292       3950        112          0          0   ROM Totals

==============================================================================

    Total RO  Size (Code + RO Data)                23880 (  23.32kB)
    Total RW  Size (RW Data + ZI Data)              1216 (   1.19kB)
    Total ROM Size (Code + RO Data + RW Data)      23992 (  23.43kB)

==============================================================================

