Component: ARM Compiler 5.06 update 6 (build 750) Tool: armlink [4d35ed]

==============================================================================

Section Cross References

    main.o(i.main) refers to stm32f4xx_hal.o(i.HAL_Init) for HAL_Init
    main.o(i.main) refers to sys.o(i.Stm32_Clock_Init) for Stm32_Clock_Init
    main.o(i.main) refers to delay.o(i.delay_init) for delay_init
    main.o(i.main) refers to gpio.o(i.MX_GPIO_Init) for MX_GPIO_Init
    main.o(i.main) refers to beep.o(i.BEEP_Init) for BEEP_Init
    main.o(i.main) refers to dma.o(i.MX_DMA_Init) for MX_DMA_Init
    main.o(i.main) refers to usart.o(i.MX_USART1_UART_Init) for MX_USART1_UART_Init
    main.o(i.main) refers to usart.o(i.MX_USART3_UART_Init) for MX_USART3_UART_Init
    main.o(i.main) refers to uart_dma.o(i.StartUartRxDMA) for StartUartRxDMA
    main.o(i.main) refers to stm32f4xx_hal_uart.o(i.HAL_UART_Receive_IT) for HAL_UART_Receive_IT
    main.o(i.main) refers to led.o(i.LED_Init) for LED_Init
    main.o(i.main) refers to key.o(i.KEY_Init) for KEY_Init
    main.o(i.main) refers to sdram.o(i.SDRAM_Init) for SDRAM_Init
    main.o(i.main) refers to lcd.o(i.LCD_Init) for LCD_Init
    main.o(i.main) refers to screen_app.o(i.Draw_INIT_Screen) for Draw_INIT_Screen
    main.o(i.main) refers to beep.o(i.BEEP_ONCE) for BEEP_ONCE
    main.o(i.main) refers to printfa.o(i.__0printf) for __2printf
    main.o(i.main) refers to screen_app.o(i.Button_App) for Button_App
    main.o(i.main) refers to delay.o(i.delay_ms) for delay_ms
    main.o(i.main) refers to screen_app.o(i.INIT_Action) for INIT_Action
    main.o(i.main) refers to main.o(.data) for .data
    main.o(i.main) refers to usart.o(.bss) for huart3
    main.o(i.main) refers to touch.o(.data) for tp_dev
    main.o(i.main) refers to lcd.o(.data) for POINT_COLOR
    stm32f4xx_it.o(i.DMA1_Stream1_IRQHandler) refers to stm32f4xx_hal_dma.o(i.HAL_DMA_IRQHandler) for HAL_DMA_IRQHandler
    stm32f4xx_it.o(i.DMA1_Stream1_IRQHandler) refers to usart.o(.bss) for hdma_usart3_rx
    stm32f4xx_it.o(i.DMA1_Stream3_IRQHandler) refers to stm32f4xx_hal_dma.o(i.HAL_DMA_IRQHandler) for HAL_DMA_IRQHandler
    stm32f4xx_it.o(i.DMA1_Stream3_IRQHandler) refers to usart.o(.bss) for hdma_usart3_tx
    stm32f4xx_it.o(i.SysTick_Handler) refers to stm32f4xx_hal.o(i.HAL_IncTick) for HAL_IncTick
    stm32f4xx_it.o(i.USART3_IRQHandler) refers to uart_dma.o(i.HAL_UART_IdleCallback) for HAL_UART_IdleCallback
    stm32f4xx_it.o(i.USART3_IRQHandler) refers to stm32f4xx_hal_uart.o(i.HAL_UART_IRQHandler) for HAL_UART_IRQHandler
    stm32f4xx_it.o(i.USART3_IRQHandler) refers to usart.o(.bss) for huart3
    system_stm32f4xx.o(i.SystemCoreClockUpdate) refers to system_stm32f4xx.o(.data) for .data
    startup_stm32f429xx.o(RESET) refers to startup_stm32f429xx.o(STACK) for __initial_sp
    startup_stm32f429xx.o(RESET) refers to startup_stm32f429xx.o(.text) for Reset_Handler
    startup_stm32f429xx.o(RESET) refers to stm32f4xx_it.o(i.NMI_Handler) for NMI_Handler
    startup_stm32f429xx.o(RESET) refers to stm32f4xx_it.o(i.HardFault_Handler) for HardFault_Handler
    startup_stm32f429xx.o(RESET) refers to stm32f4xx_it.o(i.MemManage_Handler) for MemManage_Handler
    startup_stm32f429xx.o(RESET) refers to stm32f4xx_it.o(i.BusFault_Handler) for BusFault_Handler
    startup_stm32f429xx.o(RESET) refers to stm32f4xx_it.o(i.UsageFault_Handler) for UsageFault_Handler
    startup_stm32f429xx.o(RESET) refers to stm32f4xx_it.o(i.SVC_Handler) for SVC_Handler
    startup_stm32f429xx.o(RESET) refers to stm32f4xx_it.o(i.DebugMon_Handler) for DebugMon_Handler
    startup_stm32f429xx.o(RESET) refers to stm32f4xx_it.o(i.PendSV_Handler) for PendSV_Handler
    startup_stm32f429xx.o(RESET) refers to stm32f4xx_it.o(i.SysTick_Handler) for SysTick_Handler
    startup_stm32f429xx.o(RESET) refers to stm32f4xx_it.o(i.DMA1_Stream1_IRQHandler) for DMA1_Stream1_IRQHandler
    startup_stm32f429xx.o(RESET) refers to stm32f4xx_it.o(i.DMA1_Stream3_IRQHandler) for DMA1_Stream3_IRQHandler
    startup_stm32f429xx.o(RESET) refers to stm32f4xx_it.o(i.USART3_IRQHandler) for USART3_IRQHandler
    startup_stm32f429xx.o(.text) refers to system_stm32f4xx.o(i.SystemInit) for SystemInit
    startup_stm32f429xx.o(.text) refers to entry.o(.ARM.Collect$$$$00000000) for __main
    stm32f4xx_hal.o(i.HAL_DeInit) refers to stm32f4xx_hal.o(i.HAL_MspDeInit) for HAL_MspDeInit
    stm32f4xx_hal.o(i.HAL_Delay) refers to stm32f4xx_hal.o(i.HAL_GetTick) for HAL_GetTick
    stm32f4xx_hal.o(i.HAL_GetTick) refers to stm32f4xx_hal.o(.data) for .data
    stm32f4xx_hal.o(i.HAL_IncTick) refers to stm32f4xx_hal.o(.data) for .data
    stm32f4xx_hal.o(i.HAL_Init) refers to stm32f4xx_hal_cortex.o(i.HAL_NVIC_SetPriorityGrouping) for HAL_NVIC_SetPriorityGrouping
    stm32f4xx_hal.o(i.HAL_Init) refers to stm32f4xx_hal.o(i.HAL_InitTick) for HAL_InitTick
    stm32f4xx_hal.o(i.HAL_Init) refers to stm32f4xx_hal.o(i.HAL_MspInit) for HAL_MspInit
[...]
    i.OTT2001A_Init                          0x08006c38   Section        0  ott2001a.o(i.OTT2001A_Init)
    i.OTT2001A_RD_Reg                        0x08006cec   Section        0  ott2001a.o(i.OTT2001A_RD_Reg)
    i.OTT2001A_Scan                          0x08006d4c   Section        0  ott2001a.o(i.OTT2001A_Scan)
    i.OTT2001A_SensorControl                 0x08006ec0   Section        0  ott2001a.o(i.OTT2001A_SensorControl)
    i.OTT2001A_WR_Reg                        0x08006ede   Section        0  ott2001a.o(i.OTT2001A_WR_Reg)
    i.PendSV_Handler                         0x08006f30   Section        0  stm32f4xx_it.o(i.PendSV_Handler)
    i.ProcessData                            0x08006f34   Section        0  uart_dma.o(i.ProcessData)
    i.SDRAM_Init                             0x08006f7c   Section        0  sdram.o(i.SDRAM_Init)
    i.SDRAM_Initialization_Sequence          0x08006fdc   Section        0  sdram.o(i.SDRAM_Initialization_Sequence)
    i.SDRAM_Send_Cmd                         0x0800702c   Section        0  sdram.o(i.SDRAM_Send_Cmd)
    i.SVC_Handler                            0x08007060   Section        0  stm32f4xx_it.o(i.SVC_Handler)
    i.StartUartRxDMA                         0x08007064   Section        0  uart_dma.o(i.StartUartRxDMA)
    i.StartUartTxDMA                         0x08007078   Section        0  uart_dma.o(i.StartUartTxDMA)
    i.Stm32_Clock_Init                       0x08007090   Section        0  sys.o(i.Stm32_Clock_Init)
    i.SysTick_Handler                        0x08007114   Section        0  stm32f4xx_it.o(i.SysTick_Handler)
    i.SystemInit                             0x08007118   Section        0  system_stm32f4xx.o(i.SystemInit)
    i.TP_Adj_Info_Show                       0x0800716c   Section        0  touch.o(i.TP_Adj_Info_Show)
    i.TP_Adjust                              0x080072e4   Section        0  touch.o(i.TP_Adjust)
    i.TP_Drow_Touch_Point                    0x08007850   Section        0  touch.o(i.TP_Drow_Touch_Point)
    i.TP_Get_Adjdata                         0x080078c0   Section        0  touch.o(i.TP_Get_Adjdata)
    i.TP_Init                                0x0800794c   Section        0  touch.o(i.TP_Init)
    i.TP_Read_AD                             0x08007a98   Section        0  touch.o(i.TP_Read_AD)
    i.TP_Read_XOY                            0x08007b24   Section        0  touch.o(i.TP_Read_XOY)
    i.TP_Read_XY                             0x08007b84   Section        0  touch.o(i.TP_Read_XY)
    i.TP_Read_XY2                            0x08007bac   Section        0  touch.o(i.TP_Read_XY2)
    i.TP_Save_Adjdata                        0x08007c28   Section        0  touch.o(i.TP_Save_Adjdata)
    i.TP_Scan                                0x08007ca0   Section        0  touch.o(i.TP_Scan)
    i.TP_Write_Byte                          0x08007d60   Section        0  touch.o(i.TP_Write_Byte)
    i.UART_DMAError                          0x08007da8   Section        0  stm32f4xx_hal_uart.o(i.UART_DMAError)
    UART_DMAError                            0x08007da9   Thumb Code    30  stm32f4xx_hal_uart.o(i.UART_DMAError)
    i.UART_DMAReceiveCplt                    0x08007dc6   Section        0  stm32f4xx_hal_uart.o(i.UART_DMAReceiveCplt)
    UART_DMAReceiveCplt                      0x08007dc7   Thumb Code    52  stm32f4xx_hal_uart.o(i.UART_DMAReceiveCplt)
    i.UART_DMARxHalfCplt                     0x08007dfa   Section        0  stm32f4xx_hal_uart.o(i.UART_DMARxHalfCplt)
    UART_DMARxHalfCplt                       0x08007dfb   Thumb Code    10  stm32f4xx_hal_uart.o(i.UART_DMARxHalfCplt)
    i.UART_DMATransmitCplt                   0x08007e04   Section        0  stm32f4xx_hal_uart.o(i.UART_DMATransmitCplt)
    UART_DMATransmitCplt                     0x08007e05   Thumb Code    46  stm32f4xx_hal_uart.o(i.UART_DMATransmitCplt)
    i.UART_DMATxHalfCplt                     0x08007e32   Section        0  stm32f4xx_hal_uart.o(i.UART_DMATxHalfCplt)
    UART_DMATxHalfCplt                       0x08007e33   Thumb Code    10  stm32f4xx_hal_uart.o(i.UART_DMATxHalfCplt)
    i.UART_Receive_IT                        0x08007e3c   Section        0  stm32f4xx_hal_uart.o(i.UART_Receive_IT)
    UART_Receive_IT                          0x08007e3d   Thumb Code   166  stm32f4xx_hal_uart.o(i.UART_Receive_IT)
    i.UART_SetConfig                         0x08007ee4   Section        0  stm32f4xx_hal_uart.o(i.UART_SetConfig)
    UART_SetConfig                           0x08007ee5   Thumb Code   364  stm32f4xx_hal_uart.o(i.UART_SetConfig)
    i.UART_Transmit_IT                       0x08008058   Section        0  stm32f4xx_hal_uart.o(i.UART_Transmit_IT)
    UART_Transmit_IT                         0x08008059   Thumb Code   102  stm32f4xx_hal_uart.o(i.UART_Transmit_IT)
    i.UART_WaitOnFlagUntilTimeout            0x080080be   Section        0  stm32f4xx_hal_uart.o(i.UART_WaitOnFlagUntilTimeout)
    UART_WaitOnFlagUntilTimeout              0x080080bf   Thumb Code   146  stm32f4xx_hal_uart.o(i.UART_WaitOnFlagUntilTimeout)
    i.USART3_IRQHandler                      0x08008150   Section        0  stm32f4xx_it.o(i.USART3_IRQHandler)
    i.UartRxData                             0x08008170   Section        0  uart_dma.o(i.UartRxData)
    i.UartTxData                             0x08008190   Section        0  uart_dma.o(i.UartTxData)
    i.UsageFault_Handler                     0x080081bc   Section        0  stm32f4xx_it.o(i.UsageFault_Handler)
    i.__0printf                              0x080081c0   Section        0  printfa.o(i.__0printf)
    i.__aeabi_errno_addr                     0x080081e0   Section        0  errno.o(i.__aeabi_errno_addr)
    i.__hardfp_sqrt                          0x080081e8   Section        0  sqrt.o(i.__hardfp_sqrt)
    i.__scatterload_copy                     0x08008262   Section       14  handlers.o(i.__scatterload_copy)
    i.__scatterload_null                     0x08008270   Section        2  handlers.o(i.__scatterload_null)
    i.__scatterload_zeroinit                 0x08008272   Section       14  handlers.o(i.__scatterload_zeroinit)
    i.__set_errno                            0x08008280   Section        0  errno.o(i.__set_errno)
    i._fp_digits                             0x0800828c   Section        0  printfa.o(i._fp_digits)
    _fp_digits                               0x0800828d   Thumb Code   366  printfa.o(i._fp_digits)
    i._printf_core                           0x08008410   Section        0  printfa.o(i._printf_core)
    _printf_core                             0x08008411   Thumb Code  1744  printfa.o(i._printf_core)
    i._printf_post_padding                   0x08008aec   Section        0  printfa.o(i._printf_post_padding)
    _printf_post_padding                     0x08008aed   Thumb Code    36  printfa.o(i._printf_post_padding)
    i._printf_pre_padding                    0x08008b10   Section        0  printfa.o(i._printf_pre_padding)
    _printf_pre_padding                      0x08008b11   Thumb Code    46  printfa.o(i._printf_pre_padding)
    i.delay_init                             0x08008b40   Section        0  delay.o(i.delay_init)
    i.delay_ms                               0x08008b54   Section        0  delay.o(i.delay_ms)
    i.delay_us                               0x08008b70   Section        0  delay.o(i.delay_us)
    i.fputc                                  0x08008ba4   Section        0  usart.o(i.fputc)
    i.main                                   0x08008bc0   Section        0  main.o(i.main)
    i.str2double                             0x08008c74   Section        0  numandstr.o(i.str2double)
    i.str2int                                0x08008d4c   Section        0  numandstr.o(i.str2int)
    .constdata                               0x08008d90   Section       16  stm32f4xx_hal_rcc.o(.constdata)
    .constdata                               0x08008da0   Section        8  stm32f4xx_hal_dma.o(.constdata)
    flagBitshiftOffset                       0x08008da0   Data           8  stm32f4xx_hal_dma.o(.constdata)
    .constdata                               0x08008da8   Section    18240  lcd.o(.constdata)
    .constdata                               0x0800d4e8   Section       20  ft5206.o(.constdata)
    .constdata                               0x0800d4fc   Section      194  gt9147.o(.constdata)
    .constdata                               0x0800d5be   Section       10  ott2001a.o(.constdata)
    .constdata                               0x0800d5c8   Section        4  touch.o(.constdata)
    .constdata                               0x0800d5cc   Section      129  ctype_o.o(.constdata)
    .constdata                               0x0800d650   Section        4  ctype_o.o(.constdata)
    table                                    0x0800d650   Data           4  ctype_o.o(.constdata)
    .conststring                             0x0800d654   Section      121  touch.o(.conststring)
    .data                                    0x20000000   Section        4  main.o(.data)
    .data                                    0x20000004   Section       20  system_stm32f4xx.o(.data)
    .data                                    0x20000018   Section        4  stm32f4xx_hal.o(.data)
    uwTick                                   0x20000018   Data           4  stm32f4xx_hal.o(.data)
    .data                                    0x2000001c   Section        4  delay.o(.data)
    fac_us                                   0x2000001c   Data           4  delay.o(.data)
    .data                                    0x20000020   Section        8  lcd.o(.data)
    .data                                    0x20000028   Section        8  ltdc.o(.data)
    .data                                    0x20000030   Section        7  ft5206.o(.data)
    t                                        0x20000031   Data           1  ft5206.o(.data)
    .data                                    0x20000037   Section        1  gt9147.o(.data)
    t                                        0x20000037   Data           1  gt9147.o(.data)
    .data                                    0x20000038   Section        1  ott2001a.o(.data)
    t                                        0x20000038   Data           1  ott2001a.o(.data)
    .data                                    0x2000003c   Section       76  touch.o(.data)
    .data                                    0x20000088   Section        1  screen_app.o(.data)
    .data                                    0x20000090   Section       40  uart_dma.o(.data)
    .data                                    0x200000b8   Section        4  stdout.o(.data)
    .data                                    0x200000bc   Section        4  errno.o(.data)
    _errno                                   0x200000bc   Data           4  errno.o(.data)
    .bss                                     0x200000c0   Section      304  usart.o(.bss)
    .bss                                     0x200001f0   Section       94  lcd.o(.bss)
    .bss                                     0x20000250   Section       52  sdram.o(.bss)
    .bss                                     0x20000284   Section      200  ltdc.o(.bss)
    .bss                                     0x2000034c   Section      256  uart_dma.o(.bss)
    STACK                                    0x20000450   Section     1024  startup_stm32f429xx.o(STACK)
    .ARM.__AT_0xC0000000                     0xc0000000   Section    2048000  ltdc.o(.ARM.__AT_0xC0000000)

    Global Symbols

    Symbol Name                              Value     Ov Type        Size  Object(Section)

    BuildAttributes$$THM_ISAv4$E$P$D$K$B$S$7EM$VFPi3$EXTD16$VFPS$VFMA$PE$A:L22UL41UL21$X:L11$S22US41US21$IEEE1$IW$USESV6$~STKCKD$USESV7$~SHL$OTIME$ROPI$IEEEJ$EBA8$MICROLIB$REQ8$PRES8$EABIv2 0x00000000   Number         0  anon$$obj.o ABSOLUTE
    __ARM_use_no_argv                        0x00000000   Number         0  main.o ABSOLUTE
    _printf_a                                0x00000000   Number         0  stubs.o ABSOLUTE
    _printf_c                                0x00000000   Number         0  stubs.o ABSOLUTE
    _printf_charcount                        0x00000000   Number         0  stubs.o ABSOLUTE
    _printf_d                                0x00000000   Number         0  stubs.o ABSOLUTE
    _printf_e                                0x00000000   Number         0  stubs.o ABSOLUTE
    _printf_f                                0x00000000   Number         0  stubs.o ABSOLUTE
    _printf_flags                            0x00000000   Number         0  stubs.o ABSOLUTE
    _printf_fp_dec                           0x00000000   Number         0  stubs.o ABSOLUTE
    _printf_fp_hex                           0x00000000   Number         0  stubs.o ABSOLUTE
    _printf_g                                0x00000000   Number         0  stubs.o ABSOLUTE
    _printf_i                                0x00000000   Number         0  stubs.o ABSOLUTE
    _printf_int_dec                          0x00000000   Number         0  stubs.o ABSOLUTE
    _printf_l                                0x00000000   Number         0  stubs.o ABSOLUTE
    _printf_lc                               0x00000000   Number         0  stubs.o ABSOLUTE
    _printf_ll                               0x00000000   Number         0  stubs.o ABSOLUTE
    _printf_lld                              0x00000000   Number         0  stubs.o ABSOLUTE
    _printf_lli                              0x00000000   Number         0  stubs.o ABSOLUTE
    _printf_llo                              0x00000000   Number         0  stubs.o ABSOLUTE
    _printf_llu                              0x00000000   Number         0  stubs.o ABSOLUTE
    _printf_llx                              0x00000000   Number         0  stubs.o ABSOLUTE
    _printf_longlong_dec                     0x00000000   Number         0  stubs.o ABSOLUTE
    _printf_longlong_hex                     0x00000000   Number         0  stubs.o ABSOLUTE
    _printf_longlong_oct                     0x00000000   Number         0  stubs.o ABSOLUTE
    _printf_ls                               0x00000000   Number         0  stubs.o ABSOLUTE
    _printf_mbtowc                           0x00000000   Number         0  stubs.o ABSOLUTE
    _printf_n                                0x00000000   Number         0  stubs.o ABSOLUTE
    _printf_o                                0x00000000   Number         0  stubs.o ABSOLUTE
    _printf_p                                0x00000000   Number         0  stubs.o ABSOLUTE
    _printf_percent                          0x00000000   Number         0  stubs.o ABSOLUTE
    _printf_pre_padding                      0x00000000   Number         0  stubs.o ABSOLUTE
    _printf_return_value                     0x00000000   Number         0  stubs.o ABSOLUTE
    _printf_s                                0x00000000   Number         0  stubs.o ABSOLUTE
    _printf_sizespec                         0x00000000   Number         0  stubs.o ABSOLUTE
    _printf_str                              0x00000000   Number         0  stubs.o ABSOLUTE
    _printf_truncate_signed                  0x00000000   Number         0  stubs.o ABSOLUTE
    _printf_truncate_unsigned                0x00000000   Number         0  stubs.o ABSOLUTE
    _printf_u                                0x00000000   Number         0  stubs.o ABSOLUTE
    _printf_wc                               0x00000000   Number         0  stubs.o ABSOLUTE
    _printf_wctomb                           0x00000000   Number         0  stubs.o ABSOLUTE
    _printf_widthprec                        0x00000000   Number         0  stubs.o ABSOLUTE
    _printf_x                                0x00000000   Number         0  stubs.o ABSOLUTE
    __cpp_initialize__aeabi_                  - Undefined Weak Reference
    __cxa_finalize                            - Undefined Weak Reference
    __decompress                              - Undefined Weak Reference
    _clock_init                               - Undefined Weak Reference
    _microlib_exit                            - Undefined Weak Reference
    __Vectors_Size                           0x000001ac   Number         0  startup_stm32f429xx.o ABSOLUTE
    __Vectors                                0x08000000   Data           4  startup_stm32f429xx.o(RESET)
    __Vectors_End                            0x080001ac   Data           0  startup_stm32f429xx.o(RESET)
    __main                                   0x080001ad   Thumb Code     0  entry.o(.ARM.Collect$$$$00000000)
    _main_stk                                0x080001ad   Thumb Code     0  entry2.o(.ARM.Collect$$$$00000001)
    _main_scatterload                        0x080001b1   Thumb Code     0  entry5.o(.ARM.Collect$$$$00000004)
    __main_after_scatterload                 0x080001b5   Thumb Code     0  entry5.o(.ARM.Collect$$$$00000004)
    _main_clock                              0x080001b5   Thumb Code     0  entry7b.o(.ARM.Collect$$$$00000008)
    _main_cpp_init                           0x080001b5   Thumb Code     0  entry8b.o(.ARM.Collect$$$$0000000A)
    _main_init                               0x080001b5   Thumb Code     0  entry9a.o(.ARM.Collect$$$$0000000B)
    __rt_final_cpp                           0x080001bd   Thumb Code     0  entry10a.o(.ARM.Collect$$$$0000000D)
    __rt_final_exit                          0x080001bd   Thumb Code     0  entry11a.o(.ARM.Collect$$$$0000000F)
    Reset_Handler                            0x080001c1   Thumb Code     8  startup_stm32f429xx.o(.text)
    ADC_IRQHandler                           0x080001db   Thumb Code     0  startup_stm32f429xx.o(.text)
    CAN1_RX0_IRQHandler                      0x080001db   Thumb Code     0  startup_stm32f429xx.o(.text)
    CAN1_RX1_IRQHandler                      0x080001db   Thumb Code     0  startup_stm32f429xx.o(.text)
    CAN1_SCE_IRQHandler                      0x080001db   Thumb Code     0  startup_stm32f429xx.o(.text)
    CAN1_TX_IRQHandler                       0x080001db   Thumb Code     0  startup_stm32f429xx.o(.text)
    CAN2_RX0_IRQHandler                      0x080001db   Thumb Code     0  startup_stm32f429xx.o(.text)
    CAN2_RX1_IRQHandler                      0x080001db   Thumb Code     0  startup_stm32f429xx.o(.text)
    CAN2_SCE_IRQHandler                      0x080001db   Thumb Code     0  startup_stm32f429xx.o(.text)
    CAN2_TX_IRQHandler                       0x080001db   Thumb Code     0  startup_stm32f429xx.o(.text)
    DCMI_IRQHandler                          0x080001db   Thumb Code     0  startup_stm32f429xx.o(.text)
    DMA1_Stream0_IRQHandler                  0x080001db   Thumb Code     0  startup_stm32f429xx.o(.text)
    DMA1_Stream2_IRQHandler                  0x080001db   Thumb Code     0  startup_stm32f429xx.o(.text)
    DMA1_Stream4_IRQHandler                  0x080001db   Thumb Code     0  startup_stm32f429xx.o(.text)
    DMA1_Stream5_IRQHandler                  0x080001db   Thumb Code     0  startup_stm32f429xx.o(.text)
    DMA1_Stream6_IRQHandler                  0x080001db   Thumb Code     0  startup_stm32f429xx.o(.text)
    DMA1_Stream7_IRQHandler                  0x080001db   Thumb Code     0  startup_stm32f429xx.o(.text)
    DMA2D_IRQHandler                         0x080001db   Thumb Code     0  startup_stm32f429xx.o(.text)
    DMA2_Stream0_IRQHandler                  0x080001db   Thumb Code     0  startup_stm32f429xx.o(.text)
    DMA2_Stream1_IRQHandler                  0x080001db   Thumb Code     0  startup_stm32f429xx.o(.text)
    DMA2_Stream2_IRQHandler                  0x080001db   Thumb Code     0  startup_stm32f429xx.o(.text)
    DMA2_Stream3_IRQHandler                  0x080001db   Thumb Code     0  startup_stm32f429xx.o(.text)
    DMA2_Stream4_IRQHandler                  0x080001db   Thumb Code     0  startup_stm32f429xx.o(.text)
    DMA2_Stream5_IRQHandler                  0x080001db   Thumb Code     0  startup_stm32f429xx.o(.text)
    DMA2_Stream6_IRQHandler                  0x080001db   Thumb Code     0  startup_stm32f429xx.o(.text)
    DMA2_Stream7_IRQHandler                  0x080001db   Thumb Code     0  startup_stm32f429xx.o(.text)
    ETH_IRQHandler                           0x080001db   Thumb Code     0  startup_stm32f429xx.o(.text)
    ETH_WKUP_IRQHandler                      0x080001db   Thumb Code     0  startup_stm32f429xx.o(.text)
    EXTI0_IRQHandler                         0x080001db   Thumb Code     0  startup_stm32f429xx.o(.text)
    EXTI15_10_IRQHandler                     0x080001db   Thumb Code     0  startup_stm32f429xx.o(.text)
    EXTI1_IRQHandler                         0x080001db   Thumb Code     0  startup_stm32f429xx.o(.text)
    EXTI2_IRQHandler                         0x080001db   Thumb Code     0  startup_stm32f429xx.o(.text)
    EXTI3_IRQHandler                         0x080001db   Thumb Code     0  startup_stm32f429xx.o(.text)
    EXTI4_IRQHandler                         0x080001db   Thumb Code     0  startup_stm32f429xx.o(.text)
    EXTI9_5_IRQHandler                       0x080001db   Thumb Code     0  startup_stm32f429xx.o(.text)
    FLASH_IRQHandler                         0x080001db   Thumb Code     0  startup_stm32f429xx.o(.text)
    FMC_IRQHandler                           0x080001db   Thumb Code     0  startup_stm32f429xx.o(.text)
    FPU_IRQHandler                           0x080001db   Thumb Code     0  startup_stm32f429xx.o(.text)
    HASH_RNG_IRQHandler                      0x080001db   Thumb Code     0  startup_stm32f429xx.o(.text)
    I2C1_ER_IRQHandler                       0x080001db   Thumb Code     0  startup_stm32f429xx.o(.text)
    I2C1_EV_IRQHandler                       0x080001db   Thumb Code     0  startup_stm32f429xx.o(.text)
    I2C2_ER_IRQHandler                       0x080001db   Thumb Code     0  startup_stm32f429xx.o(.text)
    I2C2_EV_IRQHandler                       0x080001db   Thumb Code     0  startup_stm32f429xx.o(.text)
    I2C3_ER_IRQHandler                       0x080001db   Thumb Code     0  startup_stm32f429xx.o(.text)
    I2C3_EV_IRQHandler                       0x080001db   Thumb Code     0  startup_stm32f429xx.o(.text)
    LTDC_ER_IRQHandler                       0x080001db   Thumb Code     0  startup_stm32f429xx.o(.text)
    LTDC_IRQHandler                          0x080001db   Thumb Code     0  startup_stm32f429xx.o(.text)
    OTG_FS_IRQHandler                        0x080001db   Thumb Code     0  startup_stm32f429xx.o(.text)
    OTG_FS_WKUP_IRQHandler                   0x080001db   Thumb Code     0  startup_stm32f429xx.o(.text)
    OTG_HS_EP1_IN_IRQHandler                 0x080001db   Thumb Code     0  startup_stm32f429xx.o(.text)
    OTG_HS_EP1_OUT_IRQHandler                0x080001db   Thumb Code     0  startup_stm32f429xx.o(.text)
    OTG_HS_IRQHandler                        0x080001db   Thumb Code     0  startup_stm32f429xx.o(.text)
    OTG_HS_WKUP_IRQHandler                   0x080001db   Thumb Code     0  startup_stm32f429xx.o(.text)
    PVD_IRQHandler                           0x080001db   Thumb Code     0  startup_stm32f429xx.o(.text)
    RCC_IRQHandler                           0x080001db   Thumb Code     0  startup_stm32f429xx.o(.text)
    RTC_Alarm_IRQHandler                     0x080001db   Thumb Code     0  startup_stm32f429xx.o(.text)
    RTC_WKUP_IRQHandler                      0x080001db   Thumb Code     0  startup_stm32f429xx.o(.text)
    SAI1_IRQHandler                          0x080001db   Thumb Code     0  startup_stm32f429xx.o(.text)
    SDIO_IRQHandler                          0x080001db   Thumb Code     0  startup_stm32f429xx.o(.text)
    SPI1_IRQHandler                          0x080001db   Thumb Code     0  startup_stm32f429xx.o(.text)
    SPI2_IRQHandler                          0x080001db   Thumb Code     0  startup_stm32f429xx.o(.text)
    SPI3_IRQHandler                          0x080001db   Thumb Code     0  startup_stm32f429xx.o(.text)
    SPI4_IRQHandler                          0x080001db   Thumb Code     0  startup_stm32f429xx.o(.text)
    SPI5_IRQHandler                          0x080001db   Thumb Code     0  startup_stm32f429xx.o(.text)
    SPI6_IRQHandler                          0x080001db   Thumb Code     0  startup_stm32f429xx.o(.text)
    TAMP_STAMP_IRQHandler                    0x080001db   Thumb Code     0  startup_stm32f429xx.o(.text)
    TIM1_BRK_TIM9_IRQHandler                 0x080001db   Thumb Code     0  startup_stm32f429xx.o(.text)
    TIM1_CC_IRQHandler                       0x080001db   Thumb Code     0  startup_stm32f429xx.o(.text)
    TIM1_TRG_COM_TIM11_IRQHandler            0x080001db   Thumb Code     0  startup_stm32f429xx.o(.text)
    TIM1_UP_TIM10_IRQHandler                 0x080001db   Thumb Code     0  startup_stm32f429xx.o(.text)
    TIM2_IRQHandler                          0x080001db   Thumb Code     0  startup_stm32f429xx.o(.text)
    TIM3_IRQHandler                          0x080001db   Thumb Code     0  startup_stm32f429xx.o(.text)
    TIM4_IRQHandler                          0x080001db   Thumb Code     0  startup_stm32f429xx.o(.text)
    TIM5_IRQHandler                          0x080001db   Thumb Code     0  startup_stm32f429xx.o(.text)
    TIM6_DAC_IRQHandler                      0x080001db   Thumb Code     0  startup_stm32f429xx.o(.text)
    TIM7_IRQHandler                          0x080001db   Thumb Code     0  startup_stm32f429xx.o(.text)
    TIM8_BRK_TIM12_IRQHandler                0x080001db   Thumb Code     0  startup_stm32f429xx.o(.text)
    TIM8_CC_IRQHandler                       0x080001db   Thumb Code     0  startup_stm32f429xx.o(.text)
    TIM8_TRG_COM_TIM14_IRQHandler            0x080001db   Thumb Code     0  startup_stm32f429xx.o(.text)
    TIM8_UP_TIM13_IRQHandler                 0x080001db   Thumb Code     0  startup_stm32f429xx.o(.text)
    UART4_IRQHandler                         0x080001db   Thumb Code     0  startup_stm32f429xx.o(.text)
    UART5_IRQHandler                         0x080001db   Thumb Code     0  startup_stm32f429xx.o(.text)
    UART7_IRQHandler                         0x080001db   Thumb Code     0  startup_stm32f429xx.o(.text)
    UART8_IRQHandler                         0x080001db   Thumb Code     0  startup_stm32f429xx.o(.text)
    USART1_IRQHandler                        0x080001db   Thumb Code     0  startup_stm32f429xx.o(.text)
    USART2_IRQHandler                        0x080001db   Thumb Code     0  startup_stm32f429xx.o(.text)
    USART6_IRQHandler                        0x080001db   Thumb Code     0  startup_stm32f429xx.o(.text)
    WWDG_IRQHandler                          0x080001db   Thumb Code     0  startup_stm32f429xx.o(.text)
    __aeabi_memcpy                           0x080001e5   Thumb Code    36  memcpya.o(.text)
    __aeabi_memcpy4                          0x080001e5   Thumb Code     0  memcpya.o(.text)
    __aeabi_memcpy8                          0x080001e5   Thumb Code     0  memcpya.o(.text)
    __aeabi_memset                           0x08000209   Thumb Code    14  memseta.o(.text)
    __aeabi_memset4                          0x08000209   Thumb Code     0  memseta.o(.text)
    __aeabi_memset8                          0x08000209   Thumb Code     0  memseta.o(.text)
    __aeabi_memclr                           0x08000217   Thumb Code     4  memseta.o(.text)
    __aeabi_memclr4                          0x08000217   Thumb Code     0  memseta.o(.text)
    __aeabi_memclr8                          0x08000217   Thumb Code     0  memseta.o(.text)
    _memset$wrapper                          0x0800021b   Thumb Code    18  memseta.o(.text)
    strcmp                                   0x0800022d   Thumb Code    28  strcmp.o(.text)
    atoi                                     0x08000249   Thumb Code    26  atoi.o(.text)
    __aeabi_dadd                             0x08000263   Thumb Code   322  dadd.o(.text)
    __aeabi_dsub                             0x080003a5   Thumb Code     6  dadd.o(.text)
    __aeabi_drsub                            0x080003ab   Thumb Code     6  dadd.o(.text)
    __aeabi_dmul                             0x080003b1   Thumb Code   228  dmul.o(.text)
    __aeabi_ddiv                             0x08000495   Thumb Code   222  ddiv.o(.text)
    __aeabi_i2d                              0x08000573   Thumb Code    34  dflti.o(.text)
    __aeabi_ui2d                             0x08000595   Thumb Code    26  dfltui.o(.text)
    __aeabi_d2uiz                            0x080005af   Thumb Code    50  dfixui.o(.text)
    __aeabi_f2d                              0x080005e1   Thumb Code    38  f2d.o(.text)
    __aeabi_cdcmpeq                          0x08000609   Thumb Code     0  cdcmple.o(.text)
    __aeabi_cdcmple                          0x08000609   Thumb Code    48  cdcmple.o(.text)
    __aeabi_cdrcmple                         0x08000639   Thumb Code    48  cdrcmple.o(.text)
    __aeabi_uidiv                            0x08000669   Thumb Code     0  uidiv.o(.text)
    __aeabi_uidivmod                         0x08000669   Thumb Code    44  uidiv.o(.text)
    __aeabi_uldivmod                         0x08000695   Thumb Code    98  uldiv.o(.text)
    __aeabi_llsl                             0x080006f7   Thumb Code    30  llshl.o(.text)
    _ll_shift_l                              0x080006f7   Thumb Code     0  llshl.o(.text)
    __aeabi_llsr                             0x08000715   Thumb Code    32  llushr.o(.text)
    _ll_ushift_r                             0x08000715   Thumb Code     0  llushr.o(.text)
    __aeabi_lasr                             0x08000735   Thumb Code    36  llsshr.o(.text)
    _ll_sshift_r                             0x08000735   Thumb Code     0  llsshr.o(.text)
    strtol                                   0x08000759   Thumb Code   112  strtol.o(.text)
    __I$use$fp                               0x080007c9   Thumb Code     0  iusefp.o(.text)
    _double_round                            0x080007c9   Thumb Code    30  depilogue.o(.text)
    _double_epilogue                         0x080007e7   Thumb Code   156  depilogue.o(.text)
    _dsqrt                                   0x08000883   Thumb Code   162  dsqrt.o(.text)
    __aeabi_d2ulz                            0x08000925   Thumb Code    48  dfixul.o(.text)
    __scatterload                            0x08000955   Thumb Code    28  init.o(.text)
    __scatterload_rt2                        0x08000955   Thumb Code     0  init.o(.text)
    __rt_ctype_table                         0x08000979   Thumb Code     4  ctype_o.o(.text)
    _strtoul                                 0x08000981   Thumb Code   158  _strtoul.o(.text)
    _chval                                   0x08000a1f   Thumb Code    28  _chval.o(.text)
    AT24CXX_Init                             0x08000a3b   Thumb Code     4  24cxx.o(i.AT24CXX_Init)
    AT24CXX_ReadLenByte                      0x08000a3f   Thumb Code    42  24cxx.o(i.AT24CXX_ReadLenByte)
    AT24CXX_ReadOneByte                      0x08000a69   Thumb Code    66  24cxx.o(i.AT24CXX_ReadOneByte)
    AT24CXX_WriteLenByte                     0x08000aab   Thumb Code    42  24cxx.o(i.AT24CXX_WriteLenByte)
    AT24CXX_WriteOneByte                     0x08000ad5   Thumb Code    62  24cxx.o(i.AT24CXX_WriteOneByte)
    BEEP_Init                                0x08000b15   Thumb Code    60  beep.o(i.BEEP_Init)
    BEEP_ONCE                                0x08000b59   Thumb Code    34  beep.o(i.BEEP_ONCE)
    BusFault_Handler                         0x08000b81   Thumb Code     2  stm32f4xx_it.o(i.BusFault_Handler)
    Button_App                               0x08000b85   Thumb Code    20  screen_app.o(i.Button_App)
    CT_IIC_Ack                               0x08000ba9   Thumb Code    58  ctiic.o(i.CT_IIC_Ack)
    CT_IIC_Init                              0x08000bf1   Thumb Code    88  ctiic.o(i.CT_IIC_Init)
    CT_IIC_NAck                              0x08000c5d   Thumb Code    58  ctiic.o(i.CT_IIC_NAck)
    CT_IIC_Read_Byte                         0x08000ca5   Thumb Code   106  ctiic.o(i.CT_IIC_Read_Byte)
    CT_IIC_Send_Byte                         0x08000d1d   Thumb Code    90  ctiic.o(i.CT_IIC_Send_Byte)
    CT_IIC_Start                             0x08000d85   Thumb Code    62  ctiic.o(i.CT_IIC_Start)
    CT_IIC_Stop                              0x08000dd1   Thumb Code    62  ctiic.o(i.CT_IIC_Stop)
    CT_IIC_Wait_Ack                          0x08000e1d   Thumb Code    70  ctiic.o(i.CT_IIC_Wait_Ack)
    DMA1_Stream1_IRQHandler                  0x08000e71   Thumb Code     6  stm32f4xx_it.o(i.DMA1_Stream1_IRQHandler)
    DMA1_Stream3_IRQHandler                  0x08000e7d   Thumb Code     6  stm32f4xx_it.o(i.DMA1_Stream3_IRQHandler)
    DataProcess                              0x08000ed9   Thumb Code    86  uart_dma.o(i.DataProcess)
    DebugMon_Handler                         0x08000f39   Thumb Code     2  stm32f4xx_it.o(i.DebugMon_Handler)
    Draw_INIT_Screen                         0x08000f3d   Thumb Code   186  screen_app.o(i.Draw_INIT_Screen)
    FMC_NORSRAM_Extended_Timing_Init         0x08001025   Thumb Code    60  stm32f4xx_ll_fmc.o(i.FMC_NORSRAM_Extended_Timing_Init)
    FMC_NORSRAM_Init                         0x08001065   Thumb Code   110  stm32f4xx_ll_fmc.o(i.FMC_NORSRAM_Init)
    FMC_NORSRAM_Timing_Init                  0x080010dd   Thumb Code    86  stm32f4xx_ll_fmc.o(i.FMC_NORSRAM_Timing_Init)
    FMC_SDRAM_Init                           0x08001139   Thumb Code    76  stm32f4xx_ll_fmc.o(i.FMC_SDRAM_Init)
    FMC_SDRAM_ProgramRefreshRate             0x08001185   Thumb Code    12  stm32f4xx_ll_fmc.o(i.FMC_SDRAM_ProgramRefreshRate)
    FMC_SDRAM_SendCommand                    0x08001191   Thumb Code    72  stm32f4xx_ll_fmc.o(i.FMC_SDRAM_SendCommand)
    FMC_SDRAM_Timing_Init                    0x080011d9   Thumb Code   124  stm32f4xx_ll_fmc.o(i.FMC_SDRAM_Timing_Init)
    FT5206_Init                              0x08001255   Thumb Code   298  ft5206.o(i.FT5206_Init)
    FT5206_RD_Reg                            0x080013ad   Thumb Code    86  ft5206.o(i.FT5206_RD_Reg)
    FT5206_Scan                              0x08001405   Thumb Code   586  ft5206.o(i.FT5206_Scan)
    FT5206_WR_Reg                            0x08001665   Thumb Code    72  ft5206.o(i.FT5206_WR_Reg)
    GT9147_Init                              0x080016ad   Thumb Code   256  gt9147.o(i.GT9147_Init)
    GT9147_RD_Reg                            0x080017e9   Thumb Code    96  gt9147.o(i.GT9147_RD_Reg)
    GT9147_Scan                              0x08001849   Thumb Code   496  gt9147.o(i.GT9147_Scan)
    GT9147_Send_Cfg                          0x08001a49   Thumb Code    72  gt9147.o(i.GT9147_Send_Cfg)
    GT9147_WR_Reg                            0x08001a95   Thumb Code    82  gt9147.o(i.GT9147_WR_Reg)
    HAL_DMA_Abort                            0x08001ae7   Thumb Code    82  stm32f4xx_hal_dma.o(i.HAL_DMA_Abort)
    HAL_DMA_IRQHandler                       0x08001b39   Thumb Code   414  stm32f4xx_hal_dma.o(i.HAL_DMA_IRQHandler)
    HAL_DMA_Init                             0x08001cdd   Thumb Code   116  stm32f4xx_hal_dma.o(i.HAL_DMA_Init)
    HAL_DMA_Start_IT                         0x08001d55   Thumb Code    78  stm32f4xx_hal_dma.o(i.HAL_DMA_Start_IT)
    HAL_Delay                                0x08001da3   Thumb Code    22  stm32f4xx_hal.o(i.HAL_Delay)
    HAL_GPIO_Init                            0x08001db9   Thumb Code   422  stm32f4xx_hal_gpio.o(i.HAL_GPIO_Init)
    HAL_GPIO_ReadPin                         0x08001f95   Thumb Code    10  stm32f4xx_hal_gpio.o(i.HAL_GPIO_ReadPin)
    HAL_GPIO_WritePin                        0x08001f9f   Thumb Code    10  stm32f4xx_hal_gpio.o(i.HAL_GPIO_WritePin)
    HAL_GetTick                              0x08001fa9   Thumb Code     6  stm32f4xx_hal.o(i.HAL_GetTick)
    HAL_IncTick                              0x08001fb5   Thumb Code    10  stm32f4xx_hal.o(i.HAL_IncTick)
    HAL_Init                                 0x08001fc5   Thumb Code    48  stm32f4xx_hal.o(i.HAL_Init)
    HAL_InitTick                             0x08001ff9   Thumb Code    34  stm32f4xx_hal.o(i.HAL_InitTick)
    HAL_LTDC_ConfigLayer                     0x0800201b   Thumb Code    82  stm32f4xx_hal_ltdc.o(i.HAL_LTDC_ConfigLayer)
    HAL_LTDC_Init                            0x0800206d   Thumb Code   248  stm32f4xx_hal_ltdc.o(i.HAL_LTDC_Init)
    HAL_LTDC_MspInit                         0x08002169   Thumb Code   218  ltdc.o(i.HAL_LTDC_MspInit)
    HAL_LTDC_SetWindowPosition               0x0800225d   Thumb Code    84  stm32f4xx_hal_ltdc.o(i.HAL_LTDC_SetWindowPosition)
    HAL_LTDC_SetWindowSize                   0x080022b1   Thumb Code    84  stm32f4xx_hal_ltdc.o(i.HAL_LTDC_SetWindowSize)
    HAL_MspInit                              0x08002305   Thumb Code     8  stm32f4xx_hal.o(i.HAL_MspInit)
    HAL_NVIC_EnableIRQ                       0x0800230d   Thumb Code    22  stm32f4xx_hal_cortex.o(i.HAL_NVIC_EnableIRQ)
    HAL_NVIC_SetPriority                     0x08002325   Thumb Code    60  stm32f4xx_hal_cortex.o(i.HAL_NVIC_SetPriority)
    HAL_NVIC_SetPriorityGrouping             0x08002365   Thumb Code    26  stm32f4xx_hal_cortex.o(i.HAL_NVIC_SetPriorityGrouping)
    HAL_PWREx_EnableOverDrive                0x08002389   Thumb Code   122  stm32f4xx_hal_pwr_ex.o(i.HAL_PWREx_EnableOverDrive)
    HAL_RCCEx_PeriphCLKConfig                0x08002411   Thumb Code   644  stm32f4xx_hal_rcc_ex.o(i.HAL_RCCEx_PeriphCLKConfig)
    HAL_RCC_ClockConfig                      0x080026b9   Thumb Code   512  stm32f4xx_hal_rcc.o(i.HAL_RCC_ClockConfig)
    HAL_RCC_GetHCLKFreq                      0x080028c1   Thumb Code    38  stm32f4xx_hal_rcc.o(i.HAL_RCC_GetHCLKFreq)
    HAL_RCC_GetPCLK1Freq                     0x080028f5   Thumb Code    36  stm32f4xx_hal_rcc.o(i.HAL_RCC_GetPCLK1Freq)
    HAL_RCC_GetPCLK2Freq                     0x08002921   Thumb Code    36  stm32f4xx_hal_rcc.o(i.HAL_RCC_GetPCLK2Freq)
    HAL_RCC_GetSysClockFreq                  0x0800294d   Thumb Code   104  stm32f4xx_hal_rcc.o(i.HAL_RCC_GetSysClockFreq)
    HAL_RCC_OscConfig                        0x080029c1   Thumb Code   774  stm32f4xx_hal_rcc.o(i.HAL_RCC_OscConfig)
    HAL_SDRAM_Init                           0x08002cdd   Thumb Code    66  stm32f4xx_hal_sdram.o(i.HAL_SDRAM_Init)
    HAL_SDRAM_MspInit                        0x08002d21   Thumb Code   194  sdram.o(i.HAL_SDRAM_MspInit)
    HAL_SDRAM_ProgramRefreshRate             0x08002dfd   Thumb Code    34  stm32f4xx_hal_sdram.o(i.HAL_SDRAM_ProgramRefreshRate)
    HAL_SDRAM_SendCommand                    0x08002e1f   Thumb Code    46  stm32f4xx_hal_sdram.o(i.HAL_SDRAM_SendCommand)
    HAL_SRAM_Init                            0x08002e4d   Thumb Code    86  stm32f4xx_hal_sram.o(i.HAL_SRAM_Init)
    HAL_SRAM_MspInit                         0x08002ea5   Thumb Code   106  lcd.o(i.HAL_SRAM_MspInit)
    HAL_SYSTICK_CLKSourceConfig              0x08002f1d   Thumb Code    24  stm32f4xx_hal_cortex.o(i.HAL_SYSTICK_CLKSourceConfig)
    HAL_SYSTICK_Config                       0x08002f35   Thumb Code    40  stm32f4xx_hal_cortex.o(i.HAL_SYSTICK_Config)
    HAL_UART_DMAStop                         0x08002f5d   Thumb Code    50  stm32f4xx_hal_uart.o(i.HAL_UART_DMAStop)
    HAL_UART_ErrorCallback                   0x08002f8f   Thumb Code     2  stm32f4xx_hal_uart.o(i.HAL_UART_ErrorCallback)
    HAL_UART_IRQHandler                      0x08002f91   Thumb Code   244  stm32f4xx_hal_uart.o(i.HAL_UART_IRQHandler)
    HAL_UART_IdleCallback                    0x08003085   Thumb Code    26  uart_dma.o(i.HAL_UART_IdleCallback)
    HAL_UART_Init                            0x0800309f   Thumb Code    94  stm32f4xx_hal_uart.o(i.HAL_UART_Init)
    HAL_UART_MspInit                         0x080030fd   Thumb Code   256  usart.o(i.HAL_UART_MspInit)
    HAL_UART_Receive_DMA                     0x08003219   Thumb Code   118  stm32f4xx_hal_uart.o(i.HAL_UART_Receive_DMA)
    HAL_UART_Receive_IT                      0x0800329d   Thumb Code   104  stm32f4xx_hal_uart.o(i.HAL_UART_Receive_IT)
    HAL_UART_RxCpltCallback                  0x08003305   Thumb Code    22  uart_dma.o(i.HAL_UART_RxCpltCallback)
    HAL_UART_RxHalfCpltCallback              0x08003321   Thumb Code     2  stm32f4xx_hal_uart.o(i.HAL_UART_RxHalfCpltCallback)
    HAL_UART_Transmit                        0x08003323   Thumb Code   200  stm32f4xx_hal_uart.o(i.HAL_UART_Transmit)
    HAL_UART_Transmit_DMA                    0x080033ed   Thumb Code   132  stm32f4xx_hal_uart.o(i.HAL_UART_Transmit_DMA)
    HAL_UART_TxCpltCallback                  0x0800347d   Thumb Code    14  uart_dma.o(i.HAL_UART_TxCpltCallback)
    HAL_UART_TxHalfCpltCallback              0x08003495   Thumb Code     2  stm32f4xx_hal_uart.o(i.HAL_UART_TxHalfCpltCallback)
    HardFault_Handler                        0x08003497   Thumb Code     2  stm32f4xx_it.o(i.HardFault_Handler)
    IIC_Ack                                  0x08003499   Thumb Code    56  myiic.o(i.IIC_Ack)
    IIC_Init                                 0x080034d9   Thumb Code    58  myiic.o(i.IIC_Init)
    IIC_NAck                                 0x08003521   Thumb Code    56  myiic.o(i.IIC_NAck)
    IIC_Read_Byte                            0x08003561   Thumb Code    96  myiic.o(i.IIC_Read_Byte)
    IIC_Send_Byte                            0x080035c9   Thumb Code    86  myiic.o(i.IIC_Send_Byte)
    IIC_Start                                0x08003629   Thumb Code    56  myiic.o(i.IIC_Start)
    IIC_Stop                                 0x08003669   Thumb Code    58  myiic.o(i.IIC_Stop)
    IIC_Wait_Ack                             0x080036ad   Thumb Code    74  myiic.o(i.IIC_Wait_Ack)
    INIT_Action                              0x08003701   Thumb Code   186  screen_app.o(i.INIT_Action)
    Init_To_Auto1                            0x080037c9   Thumb Code    14  status_transmit.o(i.Init_To_Auto1)
    Init_To_Auto2                            0x080037dd   Thumb Code    14  status_transmit.o(i.Init_To_Auto2)
    Init_To_Follow                           0x080037f1   Thumb Code    14  status_transmit.o(i.Init_To_Follow)
    Init_To_Manual                           0x08003805   Thumb Code    14  status_transmit.o(i.Init_To_Manual)
    KEY_Init                                 0x08003819   Thumb Code    82  key.o(i.KEY_Init)
    LCD_Clear                                0x08003879   Thumb Code    58  lcd.o(i.LCD_Clear)
    LCD_Display_Dir                          0x080038c1   Thumb Code   234  lcd.o(i.LCD_Display_Dir)
    LCD_DrawLine                             0x080039b5   Thumb Code   150  lcd.o(i.LCD_DrawLine)
    LCD_DrawPoint                            0x08003a4d   Thumb Code    36  lcd.o(i.LCD_DrawPoint)
    LCD_DrawRectangle                        0x08003a7d   Thumb Code    58  lcd.o(i.LCD_DrawRectangle)
    LCD_Draw_Circle                          0x08003ab7   Thumb Code   176  lcd.o(i.LCD_Draw_Circle)
    LCD_Fast_DrawPoint                       0x08003b69   Thumb Code   238  lcd.o(i.LCD_Fast_DrawPoint)
    LCD_Init                                 0x08003c65   Thumb Code  9094  lcd.o(i.LCD_Init)
    LCD_Pow                                  0x08005ff1   Thumb Code    16  lcd.o(i.LCD_Pow)
    LCD_RD_DATA                              0x08006001   Thumb Code    16  lcd.o(i.LCD_RD_DATA)
    LCD_SSD_BackLightSet                     0x08006015   Thumb Code    72  lcd.o(i.LCD_SSD_BackLightSet)
    LCD_Scan_Dir                             0x08006065   Thumb Code   434  lcd.o(i.LCD_Scan_Dir)
    LCD_SetCursor                            0x0800621d   Thumb Code   254  lcd.o(i.LCD_SetCursor)
    LCD_ShowChar                             0x08006321   Thumb Code   196  lcd.o(i.LCD_ShowChar)
    LCD_ShowNum                              0x080063fd   Thumb Code   118  lcd.o(i.LCD_ShowNum)
    LCD_ShowString                           0x08006473   Thumb Code    84  lcd.o(i.LCD_ShowString)
    LCD_WR_DATA                              0x080064c9   Thumb Code    20  lcd.o(i.LCD_WR_DATA)
    LCD_WR_REG                               0x080064e1   Thumb Code    20  lcd.o(i.LCD_WR_REG)
    LCD_WriteRAM_Prepare                     0x080064f9   Thumb Code    10  lcd.o(i.LCD_WriteRAM_Prepare)
    LCD_WriteReg                             0x0800650d   Thumb Code    10  lcd.o(i.LCD_WriteReg)
    LED_Init                                 0x0800651d   Thumb Code    68  led.o(i.LED_Init)
    LTDC_Clear                               0x08006569   Thumb Code    28  ltdc.o(i.LTDC_Clear)
    LTDC_Clk_Set                             0x08006589   Thumb Code    30  ltdc.o(i.LTDC_Clk_Set)
    LTDC_Display_Dir                         0x080065a9   Thumb Code    34  ltdc.o(i.LTDC_Display_Dir)
    LTDC_Draw_Point                          0x080065d1   Thumb Code    52  ltdc.o(i.LTDC_Draw_Point)
    LTDC_Fill                                0x0800660d   Thumb Code   162  ltdc.o(i.LTDC_Fill)
    LTDC_Init                                0x080066c1   Thumb Code   470  ltdc.o(i.LTDC_Init)
    LTDC_Layer_Parameter_Config              0x080068b1   Thumb Code    86  ltdc.o(i.LTDC_Layer_Parameter_Config)
    LTDC_Layer_Window_Config                 0x0800690d   Thumb Code    32  ltdc.o(i.LTDC_Layer_Window_Config)
    LTDC_PanelID_Read                        0x08006931   Thumb Code   170  ltdc.o(i.LTDC_PanelID_Read)
    MX_DMA_Init                              0x08006b4d   Thumb Code    56  dma.o(i.MX_DMA_Init)
    MX_GPIO_Init                             0x08006b89   Thumb Code    54  gpio.o(i.MX_GPIO_Init)
    MX_USART1_UART_Init                      0x08006bc5   Thumb Code    32  usart.o(i.MX_USART1_UART_Init)
    MX_USART3_UART_Init                      0x08006bed   Thumb Code    32  usart.o(i.MX_USART3_UART_Init)
    MemManage_Handler                        0x08006c15   Thumb Code     2  stm32f4xx_it.o(i.MemManage_Handler)
    NMI_Handler                              0x08006c17   Thumb Code     2  stm32f4xx_it.o(i.NMI_Handler)
    OTT2001A_Init                            0x08006c39   Thumb Code   152  ott2001a.o(i.OTT2001A_Init)
    OTT2001A_RD_Reg                          0x08006ced   Thumb Code    96  ott2001a.o(i.OTT2001A_RD_Reg)
    OTT2001A_Scan                            0x08006d4d   Thumb Code   336  ott2001a.o(i.OTT2001A_Scan)
    OTT2001A_SensorControl                   0x08006ec1   Thumb Code    30  ott2001a.o(i.OTT2001A_SensorControl)
    OTT2001A_WR_Reg                          0x08006edf   Thumb Code    82  ott2001a.o(i.OTT2001A_WR_Reg)
    PendSV_Handler                           0x08006f31   Thumb Code     2  stm32f4xx_it.o(i.PendSV_Handler)
    ProcessData                              0x08006f35   Thumb Code    60  uart_dma.o(i.ProcessData)
    SDRAM_Init                               0x08006f7d   Thumb Code    86  sdram.o(i.SDRAM_Init)
    SDRAM_Initialization_Sequence            0x08006fdd   Thumb Code    74  sdram.o(i.SDRAM_Initialization_Sequence)
    SDRAM_Send_Cmd                           0x0800702d   Thumb Code    48  sdram.o(i.SDRAM_Send_Cmd)
    SVC_Handler                              0x08007061   Thumb Code     2  stm32f4xx_it.o(i.SVC_Handler)
    StartUartRxDMA                           0x08007065   Thumb Code    10  uart_dma.o(i.StartUartRxDMA)
    StartUartTxDMA                           0x08007079   Thumb Code    12  uart_dma.o(i.StartUartTxDMA)
    Stm32_Clock_Init                         0x08007091   Thumb Code   122  sys.o(i.Stm32_Clock_Init)
    SysTick_Handler                          0x08007115   Thumb Code     4  stm32f4xx_it.o(i.SysTick_Handler)
    SystemInit                               0x08007119   Thumb Code    66  system_stm32f4xx.o(i.SystemInit)
    TP_Adj_Info_Show                         0x0800716d   Thumb Code   326  touch.o(i.TP_Adj_Info_Show)
    TP_Adjust                                0x080072e5   Thumb Code  1338  touch.o(i.TP_Adjust)
    TP_Drow_Touch_Point                      0x08007851   Thumb Code   106  touch.o(i.TP_Drow_Touch_Point)
    TP_Get_Adjdata                           0x080078c1   Thumb Code   132  touch.o(i.TP_Get_Adjdata)
    TP_Init                                  0x0800794d   Thumb Code   294  touch.o(i.TP_Init)
    TP_Read_AD                               0x08007a99   Thumb Code   128  touch.o(i.TP_Read_AD)
    TP_Read_XOY                              0x08007b25   Thumb Code    96  touch.o(i.TP_Read_XOY)
    TP_Read_XY                               0x08007b85   Thumb Code    34  touch.o(i.TP_Read_XY)
    TP_Read_XY2                              0x08007bad   Thumb Code   124  touch.o(i.TP_Read_XY2)
    TP_Save_Adjdata                          0x08007c29   Thumb Code   110  touch.o(i.TP_Save_Adjdata)
    TP_Scan                                  0x08007ca1   Thumb Code   184  touch.o(i.TP_Scan)
    TP_Write_Byte                            0x08007d61   Thumb Code    62  touch.o(i.TP_Write_Byte)
    USART3_IRQHandler                        0x08008151   Thumb Code    28  stm32f4xx_it.o(i.USART3_IRQHandler)
    UartRxData                               0x08008171   Thumb Code    32  uart_dma.o(i.UartRxData)
    UartTxData                               0x08008191   Thumb Code    38  uart_dma.o(i.UartTxData)
    UsageFault_Handler                       0x080081bd   Thumb Code     2  stm32f4xx_it.o(i.UsageFault_Handler)
    __0printf                                0x080081c1   Thumb Code    22  printfa.o(i.__0printf)
    __1printf                                0x080081c1   Thumb Code     0  printfa.o(i.__0printf)
    __2printf                                0x080081c1   Thumb Code     0  printfa.o(i.__0printf)
    __c89printf                              0x080081c1   Thumb Code     0  printfa.o(i.__0printf)
    printf                                   0x080081c1   Thumb Code     0  printfa.o(i.__0printf)
    __aeabi_errno_addr                       0x080081e1   Thumb Code     4  errno.o(i.__aeabi_errno_addr)
    __rt_errno_addr                          0x080081e1   Thumb Code     0  errno.o(i.__aeabi_errno_addr)
    __hardfp_sqrt                            0x080081e9   Thumb Code   122  sqrt.o(i.__hardfp_sqrt)
    __scatterload_copy                       0x08008263   Thumb Code    14  handlers.o(i.__scatterload_copy)
    __scatterload_null                       0x08008271   Thumb Code     2  handlers.o(i.__scatterload_null)
    __scatterload_zeroinit                   0x08008273   Thumb Code    14  handlers.o(i.__scatterload_zeroinit)
    __set_errno                              0x08008281   Thumb Code     6  errno.o(i.__set_errno)
    delay_init                               0x08008b41   Thumb Code    16  delay.o(i.delay_init)
    delay_ms                                 0x08008b55   Thumb Code    26  delay.o(i.delay_ms)
    delay_us                                 0x08008b71   Thumb Code    48  delay.o(i.delay_us)
    fputc                                    0x08008ba5   Thumb Code    24  usart.o(i.fputc)
    main                                     0x08008bc1   Thumb Code   146  main.o(i.main)
    str2double                               0x08008c75   Thumb Code   206  numandstr.o(i.str2double)
    str2int                                  0x08008d4d   Thumb Code    68  numandstr.o(i.str2int)
    APBAHBPrescTable                         0x08008d90   Data          16  stm32f4xx_hal_rcc.o(.constdata)
    asc2_1206                                0x08008da8   Data        1140  lcd.o(.constdata)
    asc2_1608                                0x0800921c   Data        1520  lcd.o(.constdata)
    asc2_2412                                0x0800980c   Data        3420  lcd.o(.constdata)
    asc2_3216                                0x0800a568   Data       12160  lcd.o(.constdata)
    FT5206_TPX_TBL                           0x0800d4e8   Data          10  ft5206.o(.constdata)
    GT911_TPX_TBL                            0x0800d4f2   Data          10  ft5206.o(.constdata)
    GT9147_CFG_TBL                           0x0800d4fc   Data         184  gt9147.o(.constdata)
    GT9147_TPX_TBL                           0x0800d5b4   Data          10  gt9147.o(.constdata)
    OTT_TPX_TBL                              0x0800d5be   Data          10  ott2001a.o(.constdata)
    TP_REMIND_MSG_TBL                        0x0800d5c8   Data           4  touch.o(.constdata)
    __ctype_table                            0x0800d5cc   Data         129  ctype_o.o(.constdata)
    Region$$Table$$Base                      0x0800d6d0   Number         0  anon$$obj.o(Region$$Table)
    Region$$Table$$Limit                     0x0800d6f0   Number         0  anon$$obj.o(Region$$Table)
    staSystem                                0x20000000   Data           1  main.o(.data)
    temp_usart3                              0x20000001   Data           1  main.o(.data)
    screen_cnt                               0x20000002   Data           2  main.o(.data)
    SystemCoreClock                          0x20000004   Data           4  system_stm32f4xx.o(.data)
    AHBPrescTable                            0x20000008   Data          16  system_stm32f4xx.o(.data)
    POINT_COLOR                              0x20000020   Data           4  lcd.o(.data)
    BACK_COLOR                               0x20000024   Data           4  lcd.o(.data)
    ltdc_framebuf                            0x20000028   Data           8  ltdc.o(.data)
    g_gt_tnum                                0x20000030   Data           1  ft5206.o(.data)
    CIP                                      0x20000032   Data           5  ft5206.o(.data)
    CMD_RDX                                  0x2000003c   Data           1  touch.o(.data)
    CMD_RDY                                  0x2000003d   Data           1  touch.o(.data)
    tp_dev                                   0x20000040   Data          72  touch.o(.data)
    t                                        0x20000088   Data           1  screen_app.o(.data)
    sendCompleteSign                         0x20000090   Data           1  uart_dma.o(.data)
    TxLen                                    0x20000091   Data           1  uart_dma.o(.data)
    a                                        0x20000094   Data           4  uart_dma.o(.data)
    b                                        0x20000098   Data           4  uart_dma.o(.data)
    c                                        0x2000009c   Data           4  uart_dma.o(.data)
    d                                        0x200000a0   Data           8  uart_dma.o(.data)
    e                                        0x200000a8   Data           8  uart_dma.o(.data)
    f                                        0x200000b0   Data           8  uart_dma.o(.data)
    __stdout                                 0x200000b8   Data           4  stdout.o(.data)
    huart1                                   0x200000c0   Data          64  usart.o(.bss)
    huart3                                   0x20000100   Data          64  usart.o(.bss)
    hdma_usart3_rx                           0x20000140   Data          88  usart.o(.bss)
    hdma_usart3_tx                           0x20000198   Data          88  usart.o(.bss)
    SRAM_Handler                             0x200001f0   Data          80  lcd.o(.bss)
    lcddev                                   0x20000240   Data          14  lcd.o(.bss)
    SDRAM_Handler                            0x20000250   Data          52  sdram.o(.bss)
    LTDC_Handler                             0x20000284   Data         168  ltdc.o(.bss)
    lcdltdc                                  0x2000032c   Data          32  ltdc.o(.bss)
    RxBuffer                                 0x2000034c   Data         128  uart_dma.o(.bss)
    TxBuffer                                 0x200003cc   Data         128  uart_dma.o(.bss)
    __initial_sp                             0x20000850   Data           0  startup_stm32f429xx.o(STACK)
    ltdc_lcd_framebuf                        0xc0000000   Data       2048000  ltdc.o(.ARM.__AT_0xC0000000)



==============================================================================

Memory Map of the image

  Image Entry point : 0x080001ad

  Load Region LR_IROM1 (Base: 0x08000000, Size: 0x0000d7b0, Max: 0x00100000, ABSOLUTE)

    Execution Region ER_IROM1 (Exec base: 0x08000000, Load base: 0x08000000, Size: 0x0000d6f0, Max: 0x00100000, ABSOLUTE)

    Exec Addr    Load Addr    Size         Type   Attr      Idx    E Section Name        Object

    0x08000000   0x08000000   0x000001ac   Data   RO          544    RESET               startup_stm32f429xx.o
    0x080001ac   0x080001ac   0x00000000   Code   RO         5270  * .ARM.Collect$$$$00000000  mc_w.l(entry.o)
    0x080001ac   0x080001ac   0x00000004   Code   RO         5562    .ARM.Collect$$$$00000001  mc_w.l(entry2.o)
    0x080001b0   0x080001b0   0x00000004   Code   RO         5565    .ARM.Collect$$$$00000004  mc_w.l(entry5.o)
    0x080001b4   0x080001b4   0x00000000   Code   RO         5567    .ARM.Collect$$$$00000008  mc_w.l(entry7b.o)
    0x080001b4   0x080001b4   0x00000000   Code   RO         5569    .ARM.Collect$$$$0000000A  mc_w.l(entry8b.o)
    0x080001b4   0x080001b4   0x00000008   Code   RO         5570    .ARM.Collect$$$$0000000B  mc_w.l(entry9a.o)
    0x080001bc   0x080001bc   0x00000000   Code   RO         5572    .ARM.Collect$$$$0000000D  mc_w.l(entry10a.o)
    0x080001bc   0x080001bc   0x00000000   Code   RO         5574    .ARM.Collect$$$$0000000F  mc_w.l(entry11a.o)
    0x080001bc   0x080001bc   0x00000004   Code   RO         5563    .ARM.Collect$$$$00002712  mc_w.l(entry2.o)
    0x080001c0   0x080001c0   0x00000024   Code   RO          545    .text               startup_stm32f429xx.o
    0x080001e4   0x080001e4   0x00000024   Code   RO         5273    .text               mc_w.l(memcpya.o)
    0x08000208   0x08000208   0x00000024   Code   RO         5275    .text               mc_w.l(memseta.o)
    0x0800022c   0x0800022c   0x0000001c   Code   RO         5277    .text               mc_w.l(strcmp.o)
    0x08000248   0x08000248   0x0000001a   Code   RO         5542    .text               mc_w.l(atoi.o)
    0x08000262   0x08000262   0x0000014e   Code   RO         5544    .text               mf_w.l(dadd.o)
    0x080003b0   0x080003b0   0x000000e4   Code   RO         5546    .text               mf_w.l(dmul.o)
    0x08000494   0x08000494   0x000000de   Code   RO         5548    .text               mf_w.l(ddiv.o)
    0x08000572   0x08000572   0x00000022   Code   RO         5550    .text               mf_w.l(dflti.o)
    0x08000594   0x08000594   0x0000001a   Code   RO         5552    .text               mf_w.l(dfltui.o)
    0x080005ae   0x080005ae   0x00000032   Code   RO         5554    .text               mf_w.l(dfixui.o)
    0x080005e0   0x080005e0   0x00000026   Code   RO         5556    .text               mf_w.l(f2d.o)
    0x08000606   0x08000606   0x00000002   PAD
    0x08000608   0x08000608   0x00000030   Code   RO         5558    .text               mf_w.l(cdcmple.o)
    0x08000638   0x08000638   0x00000030   Code   RO         5560    .text               mf_w.l(cdrcmple.o)
    0x08000668   0x08000668   0x0000002c   Code   RO         5577    .text               mc_w.l(uidiv.o)
    0x08000694   0x08000694   0x00000062   Code   RO         5579    .text               mc_w.l(uldiv.o)
    0x080006f6   0x080006f6   0x0000001e   Code   RO         5581    .text               mc_w.l(llshl.o)
    0x08000714   0x08000714   0x00000020   Code   RO         5583    .text               mc_w.l(llushr.o)
    0x08000734   0x08000734   0x00000024   Code   RO         5585    .text               mc_w.l(llsshr.o)
    0x08000758   0x08000758   0x00000070   Code   RO         5594    .text               mc_w.l(strtol.o)
    0x080007c8   0x080007c8   0x00000000   Code   RO         5596    .text               mc_w.l(iusefp.o)
    0x080007c8   0x080007c8   0x000000ba   Code   RO         5597    .text               mf_w.l(depilogue.o)
    0x08000882   0x08000882   0x000000a2   Code   RO         5599    .text               mf_w.l(dsqrt.o)
    0x08000924   0x08000924   0x00000030   Code   RO         5601    .text               mf_w.l(dfixul.o)
    0x08000954   0x08000954   0x00000024   Code   RO         5603    .text               mc_w.l(init.o)
    0x08000978   0x08000978   0x00000008   Code   RO         5605    .text               mc_w.l(ctype_o.o)
    0x08000980   0x08000980   0x0000009e   Code   RO         5633    .text               mc_w.l(_strtoul.o)
    0x08000a1e   0x08000a1e   0x0000001c   Code   RO         5635    .text               mc_w.l(_chval.o)
    0x08000a3a   0x08000a3a   0x00000004   Code   RO         4495    i.AT24CXX_Init      24cxx.o
    0x08000a3e   0x08000a3e   0x0000002a   Code   RO         4497    i.AT24CXX_ReadLenByte  24cxx.o
    0x08000a68   0x08000a68   0x00000042   Code   RO         4498    i.AT24CXX_ReadOneByte  24cxx.o
    0x08000aaa   0x08000aaa   0x0000002a   Code   RO         4500    i.AT24CXX_WriteLenByte  24cxx.o
    0x08000ad4   0x08000ad4   0x0000003e   Code   RO         4501    i.AT24CXX_WriteOneByte  24cxx.o
    0x08000b12   0x08000b12   0x00000002   PAD
    0x08000b14   0x08000b14   0x00000044   Code   RO         5231    i.BEEP_Init         beep.o
    0x08000b58   0x08000b58   0x00000028   Code   RO         5232    i.BEEP_ONCE         beep.o
    0x08000b80   0x08000b80   0x00000002   Code   RO          311    i.BusFault_Handler  stm32f4xx_it.o
    0x08000b82   0x08000b82   0x00000002   PAD
    0x08000b84   0x08000b84   0x00000024   Code   RO         4899    i.Button_App        screen_app.o
    0x08000ba8   0x08000ba8   0x00000048   Code   RO         4564    i.CT_IIC_Ack        ctiic.o
    0x08000bf0   0x08000bf0   0x0000006c   Code   RO         4565    i.CT_IIC_Init       ctiic.o
    0x08000c5c   0x08000c5c   0x00000048   Code   RO         4566    i.CT_IIC_NAck       ctiic.o
    0x08000ca4   0x08000ca4   0x00000078   Code   RO         4567    i.CT_IIC_Read_Byte  ctiic.o
    0x08000d1c   0x08000d1c   0x00000068   Code   RO         4568    i.CT_IIC_Send_Byte  ctiic.o
    0x08000d84   0x08000d84   0x0000004c   Code   RO         4569    i.CT_IIC_Start      ctiic.o
    0x08000dd0   0x08000dd0   0x0000004c   Code   RO         4570    i.CT_IIC_Stop       ctiic.o
    0x08000e1c   0x08000e1c   0x00000054   Code   RO         4571    i.CT_IIC_Wait_Ack   ctiic.o
    0x08000e70   0x08000e70   0x0000000c   Code   RO          312    i.DMA1_Stream1_IRQHandler  stm32f4xx_it.o
    0x08000e7c   0x08000e7c   0x0000000c   Code   RO          313    i.DMA1_Stream3_IRQHandler  stm32f4xx_it.o
    0x08000e88   0x08000e88   0x00000028   Code   RO         1687    i.DMA_CalcBaseAndBitshift  stm32f4xx_hal_dma.o
    0x08000eb0   0x08000eb0   0x00000028   Code   RO         1688    i.DMA_SetConfig     stm32f4xx_hal_dma.o
    0x08000ed8   0x08000ed8   0x00000060   Code   RO         5021    i.DataProcess       uart_dma.o
    0x08000f38   0x08000f38   0x00000002   Code   RO          314    i.DebugMon_Handler  stm32f4xx_it.o
    0x08000f3a   0x08000f3a   0x00000002   PAD
    0x08000f3c   0x08000f3c   0x000000e8   Code   RO         4903    i.Draw_INIT_Screen  screen_app.o
    0x08001024   0x08001024   0x00000040   Code   RO         2689    i.FMC_NORSRAM_Extended_Timing_Init  stm32f4xx_ll_fmc.o
    0x08001064   0x08001064   0x00000078   Code   RO         2690    i.FMC_NORSRAM_Init  stm32f4xx_ll_fmc.o
    0x080010dc   0x080010dc   0x0000005c   Code   RO         2691    i.FMC_NORSRAM_Timing_Init  stm32f4xx_ll_fmc.o
    0x08001138   0x08001138   0x0000004c   Code   RO         2701    i.FMC_SDRAM_Init    stm32f4xx_ll_fmc.o
    0x08001184   0x08001184   0x0000000c   Code   RO         2702    i.FMC_SDRAM_ProgramRefreshRate  stm32f4xx_ll_fmc.o
    0x08001190   0x08001190   0x00000048   Code   RO         2703    i.FMC_SDRAM_SendCommand  stm32f4xx_ll_fmc.o
    0x080011d8   0x080011d8   0x0000007c   Code   RO         2705    i.FMC_SDRAM_Timing_Init  stm32f4xx_ll_fmc.o
    0x08001254   0x08001254   0x00000158   Code   RO         4638    i.FT5206_Init       ft5206.o
    0x080013ac   0x080013ac   0x00000056   Code   RO         4639    i.FT5206_RD_Reg     ft5206.o
    0x08001402   0x08001402   0x00000002   PAD
    0x08001404   0x08001404   0x00000260   Code   RO         4640    i.FT5206_Scan       ft5206.o
    0x08001664   0x08001664   0x00000048   Code   RO         4641    i.FT5206_WR_Reg     ft5206.o
    0x080016ac   0x080016ac   0x0000013c   Code   RO         4687    i.GT9147_Init       gt9147.o
    0x080017e8   0x080017e8   0x00000060   Code   RO         4688    i.GT9147_RD_Reg     gt9147.o
    0x08001848   0x08001848   0x00000200   Code   RO         4689    i.GT9147_Scan       gt9147.o
    0x08001a48   0x08001a48   0x0000004c   Code   RO         4690    i.GT9147_Send_Cfg   gt9147.o
    0x08001a94   0x08001a94   0x00000052   Code   RO         4691    i.GT9147_WR_Reg     gt9147.o
    0x08001ae6   0x08001ae6   0x00000052   Code   RO         1689    i.HAL_DMA_Abort     stm32f4xx_hal_dma.o
    0x08001b38   0x08001b38   0x000001a4   Code   RO         1693    i.HAL_DMA_IRQHandler  stm32f4xx_hal_dma.o
    0x08001cdc   0x08001cdc   0x00000078   Code   RO         1694    i.HAL_DMA_Init      stm32f4xx_hal_dma.o
    0x08001d54   0x08001d54   0x0000004e   Code   RO         1697    i.HAL_DMA_Start_IT  stm32f4xx_hal_dma.o
    0x08001da2   0x08001da2   0x00000016   Code   RO          559    i.HAL_Delay         stm32f4xx_hal.o
    0x08001db8   0x08001db8   0x000001dc   Code   RO          836    i.HAL_GPIO_Init     stm32f4xx_hal_gpio.o
    0x08001f94   0x08001f94   0x0000000a   Code   RO          838    i.HAL_GPIO_ReadPin  stm32f4xx_hal_gpio.o
    0x08001f9e   0x08001f9e   0x0000000a   Code   RO          840    i.HAL_GPIO_WritePin  stm32f4xx_hal_gpio.o
    0x08001fa8   0x08001fa8   0x0000000c   Code   RO          567    i.HAL_GetTick       stm32f4xx_hal.o
    0x08001fb4   0x08001fb4   0x00000010   Code   RO          568    i.HAL_IncTick       stm32f4xx_hal.o
    0x08001fc4   0x08001fc4   0x00000034   Code   RO          569    i.HAL_Init          stm32f4xx_hal.o
    0x08001ff8   0x08001ff8   0x00000022   Code   RO          570    i.HAL_InitTick      stm32f4xx_hal.o
    0x0800201a   0x0800201a   0x00000052   Code   RO         3139    i.HAL_LTDC_ConfigLayer  stm32f4xx_hal_ltdc.o
    0x0800206c   0x0800206c   0x000000fc   Code   RO         3151    i.HAL_LTDC_Init     stm32f4xx_hal_ltdc.o
    0x08002168   0x08002168   0x000000f4   Code   RO         4311    i.HAL_LTDC_MspInit  ltdc.o
    0x0800225c   0x0800225c   0x00000054   Code   RO         3160    i.HAL_LTDC_SetWindowPosition  stm32f4xx_hal_ltdc.o
    0x080022b0   0x080022b0   0x00000054   Code   RO         3161    i.HAL_LTDC_SetWindowSize  stm32f4xx_hal_ltdc.o
    0x08002304   0x08002304   0x00000008   Code   RO          572    i.HAL_MspInit       stm32f4xx_hal.o
    0x0800230c   0x0800230c   0x00000016   Code   RO          713    i.HAL_NVIC_EnableIRQ  stm32f4xx_hal_cortex.o
    0x08002322   0x08002322   0x00000002   PAD
    0x08002324   0x08002324   0x00000040   Code   RO          719    i.HAL_NVIC_SetPriority  stm32f4xx_hal_cortex.o
    0x08002364   0x08002364   0x00000024   Code   RO          720    i.HAL_NVIC_SetPriorityGrouping  stm32f4xx_hal_cortex.o
    0x08002388   0x08002388   0x00000088   Code   RO         1025    i.HAL_PWREx_EnableOverDrive  stm32f4xx_hal_pwr_ex.o
    0x08002410   0x08002410   0x000002a8   Code   RO         1197    i.HAL_RCCEx_PeriphCLKConfig  stm32f4xx_hal_rcc_ex.o
    0x080026b8   0x080026b8   0x00000208   Code   RO         1092    i.HAL_RCC_ClockConfig  stm32f4xx_hal_rcc.o
    0x080028c0   0x080028c0   0x00000034   Code   RO         1097    i.HAL_RCC_GetHCLKFreq  stm32f4xx_hal_rcc.o
    0x080028f4   0x080028f4   0x0000002c   Code   RO         1099    i.HAL_RCC_GetPCLK1Freq  stm32f4xx_hal_rcc.o
    0x08002920   0x08002920   0x0000002c   Code   RO         1100    i.HAL_RCC_GetPCLK2Freq  stm32f4xx_hal_rcc.o
    0x0800294c   0x0800294c   0x00000074   Code   RO         1101    i.HAL_RCC_GetSysClockFreq  stm32f4xx_hal_rcc.o
    0x080029c0   0x080029c0   0x0000031c   Code   RO         1104    i.HAL_RCC_OscConfig  stm32f4xx_hal_rcc.o
    0x08002cdc   0x08002cdc   0x00000042   Code   RO         2987    i.HAL_SDRAM_Init    stm32f4xx_hal_sdram.o
    0x08002d1e   0x08002d1e   0x00000002   PAD
    0x08002d20   0x08002d20   0x000000dc   Code   RO         4253    i.HAL_SDRAM_MspInit  sdram.o
    0x08002dfc   0x08002dfc   0x00000022   Code   RO         2990    i.HAL_SDRAM_ProgramRefreshRate  stm32f4xx_hal_sdram.o
    0x08002e1e   0x08002e1e   0x0000002e   Code   RO         2996    i.HAL_SDRAM_SendCommand  stm32f4xx_hal_sdram.o
    0x08002e4c   0x08002e4c   0x00000056   Code   RO         2865    i.HAL_SRAM_Init     stm32f4xx_hal_sram.o
    0x08002ea2   0x08002ea2   0x00000002   PAD
    0x08002ea4   0x08002ea4   0x00000078   Code   RO         4024    i.HAL_SRAM_MspInit  lcd.o
    0x08002f1c   0x08002f1c   0x00000018   Code   RO          722    i.HAL_SYSTICK_CLKSourceConfig  stm32f4xx_hal_cortex.o
    0x08002f34   0x08002f34   0x00000028   Code   RO          724    i.HAL_SYSTICK_Config  stm32f4xx_hal_cortex.o
    0x08002f5c   0x08002f5c   0x00000032   Code   RO         1242    i.HAL_UART_DMAStop  stm32f4xx_hal_uart.o
    0x08002f8e   0x08002f8e   0x00000002   Code   RO         1244    i.HAL_UART_ErrorCallback  stm32f4xx_hal_uart.o
    0x08002f90   0x08002f90   0x000000f4   Code   RO         1247    i.HAL_UART_IRQHandler  stm32f4xx_hal_uart.o
    0x08003084   0x08003084   0x0000001a   Code   RO         5022    i.HAL_UART_IdleCallback  uart_dma.o
    0x0800309e   0x0800309e   0x0000005e   Code   RO         1248    i.HAL_UART_Init     stm32f4xx_hal_uart.o
    0x080030fc   0x080030fc   0x0000011c   Code   RO         3912    i.HAL_UART_MspInit  usart.o
    0x08003218   0x08003218   0x00000084   Code   RO         1252    i.HAL_UART_Receive_DMA  stm32f4xx_hal_uart.o
    0x0800329c   0x0800329c   0x00000068   Code   RO         1253    i.HAL_UART_Receive_IT  stm32f4xx_hal_uart.o
    0x08003304   0x08003304   0x0000001c   Code   RO         5023    i.HAL_UART_RxCpltCallback  uart_dma.o
    0x08003320   0x08003320   0x00000002   Code   RO         1255    i.HAL_UART_RxHalfCpltCallback  stm32f4xx_hal_uart.o
    0x08003322   0x08003322   0x000000c8   Code   RO         1256    i.HAL_UART_Transmit  stm32f4xx_hal_uart.o
    0x080033ea   0x080033ea   0x00000002   PAD
    0x080033ec   0x080033ec   0x00000090   Code   RO         1257    i.HAL_UART_Transmit_DMA  stm32f4xx_hal_uart.o
    0x0800347c   0x0800347c   0x00000018   Code   RO         5024    i.HAL_UART_TxCpltCallback  uart_dma.o
    0x08003494   0x08003494   0x00000002   Code   RO         1260    i.HAL_UART_TxHalfCpltCallback  stm32f4xx_hal_uart.o
    0x08003496   0x08003496   0x00000002   Code   RO          315    i.HardFault_Handler  stm32f4xx_it.o
    0x08003498   0x08003498   0x00000040   Code   RO         4425    i.IIC_Ack           myiic.o
    0x080034d8   0x080034d8   0x00000048   Code   RO         4426    i.IIC_Init          myiic.o
    0x08003520   0x08003520   0x00000040   Code   RO         4427    i.IIC_NAck          myiic.o
    0x08003560   0x08003560   0x00000068   Code   RO         4428    i.IIC_Read_Byte     myiic.o
    0x080035c8   0x080035c8   0x00000060   Code   RO         4429    i.IIC_Send_Byte     myiic.o
    0x08003628   0x08003628   0x00000040   Code   RO         4430    i.IIC_Start         myiic.o
    0x08003668   0x08003668   0x00000044   Code   RO         4431    i.IIC_Stop          myiic.o
    0x080036ac   0x080036ac   0x00000054   Code   RO         4432    i.IIC_Wait_Ack      myiic.o
    0x08003700   0x08003700   0x000000c8   Code   RO         4905    i.INIT_Action       screen_app.o
    0x080037c8   0x080037c8   0x00000014   Code   RO         5168    i.Init_To_Auto1     status_transmit.o
    0x080037dc   0x080037dc   0x00000014   Code   RO         5169    i.Init_To_Auto2     status_transmit.o
    0x080037f0   0x080037f0   0x00000014   Code   RO         5170    i.Init_To_Follow    status_transmit.o
    0x08003804   0x08003804   0x00000014   Code   RO         5171    i.Init_To_Manual    status_transmit.o
    0x08003818   0x08003818   0x00000060   Code   RO         3993    i.KEY_Init          key.o
    0x08003878   0x08003878   0x00000048   Code   RO         4026    i.LCD_Clear         lcd.o
    0x080038c0   0x080038c0   0x000000f4   Code   RO         4030    i.LCD_Display_Dir   lcd.o
    0x080039b4   0x080039b4   0x00000096   Code   RO         4031    i.LCD_DrawLine      lcd.o
    0x08003a4a   0x08003a4a   0x00000002   PAD
    0x08003a4c   0x08003a4c   0x00000030   Code   RO         4032    i.LCD_DrawPoint     lcd.o
    0x08003a7c   0x08003a7c   0x0000003a   Code   RO         4033    i.LCD_DrawRectangle  lcd.o
    0x08003ab6   0x08003ab6   0x000000b0   Code   RO         4034    i.LCD_Draw_Circle   lcd.o
    0x08003b66   0x08003b66   0x00000002   PAD
    0x08003b68   0x08003b68   0x000000fc   Code   RO         4035    i.LCD_Fast_DrawPoint  lcd.o
    0x08003c64   0x08003c64   0x0000238c   Code   RO         4037    i.LCD_Init          lcd.o
    0x08005ff0   0x08005ff0   0x00000010   Code   RO         4038    i.LCD_Pow           lcd.o
    0x08006000   0x08006000   0x00000014   Code   RO         4039    i.LCD_RD_DATA       lcd.o
    0x08006014   0x08006014   0x00000050   Code   RO         4042    i.LCD_SSD_BackLightSet  lcd.o
    0x08006064   0x08006064   0x000001b8   Code   RO         4043    i.LCD_Scan_Dir      lcd.o
    0x0800621c   0x0800621c   0x00000104   Code   RO         4044    i.LCD_SetCursor     lcd.o
    0x08006320   0x08006320   0x000000dc   Code   RO         4046    i.LCD_ShowChar      lcd.o
    0x080063fc   0x080063fc   0x00000076   Code   RO         4047    i.LCD_ShowNum       lcd.o
    0x08006472   0x08006472   0x00000054   Code   RO         4048    i.LCD_ShowString    lcd.o
    0x080064c6   0x080064c6   0x00000002   PAD
    0x080064c8   0x080064c8   0x00000018   Code   RO         4050    i.LCD_WR_DATA       lcd.o
    0x080064e0   0x080064e0   0x00000018   Code   RO         4051    i.LCD_WR_REG        lcd.o
    0x080064f8   0x080064f8   0x00000014   Code   RO         4053    i.LCD_WriteRAM_Prepare  lcd.o
    0x0800650c   0x0800650c   0x00000010   Code   RO         4054    i.LCD_WriteReg      lcd.o
    0x0800651c   0x0800651c   0x0000004c   Code   RO         3969    i.LED_Init          led.o
    0x08006568   0x08006568   0x00000020   Code   RO         4312    i.LTDC_Clear        ltdc.o
    0x08006588   0x08006588   0x0000001e   Code   RO         4313    i.LTDC_Clk_Set      ltdc.o
    0x080065a6   0x080065a6   0x00000002   PAD
    0x080065a8   0x080065a8   0x00000028   Code   RO         4315    i.LTDC_Display_Dir  ltdc.o
    0x080065d0   0x080065d0   0x0000003c   Code   RO         4316    i.LTDC_Draw_Point   ltdc.o
    0x0800660c   0x0800660c   0x000000b4   Code   RO         4317    i.LTDC_Fill         ltdc.o
    0x080066c0   0x080066c0   0x000001f0   Code   RO         4318    i.LTDC_Init         ltdc.o
    0x080068b0   0x080068b0   0x0000005c   Code   RO         4319    i.LTDC_Layer_Parameter_Config  ltdc.o
    0x0800690c   0x0800690c   0x00000024   Code   RO         4321    i.LTDC_Layer_Window_Config  ltdc.o
    0x08006930   0x08006930   0x000000b8   Code   RO         4322    i.LTDC_PanelID_Read  ltdc.o
    0x080069e8   0x080069e8   0x00000162   Code   RO         3162    i.LTDC_SetConfig    stm32f4xx_hal_ltdc.o
    0x08006b4a   0x08006b4a   0x00000002   PAD
    0x08006b4c   0x08006b4c   0x0000003c   Code   RO         5117    i.MX_DMA_Init       dma.o
    0x08006b88   0x08006b88   0x0000003c   Code   RO         5141    i.MX_GPIO_Init      gpio.o
    0x08006bc4   0x08006bc4   0x00000028   Code   RO         3913    i.MX_USART1_UART_Init  usart.o
    0x08006bec   0x08006bec   0x00000028   Code   RO         3914    i.MX_USART3_UART_Init  usart.o
    0x08006c14   0x08006c14   0x00000002   Code   RO          316    i.MemManage_Handler  stm32f4xx_it.o
    0x08006c16   0x08006c16   0x00000002   Code   RO          317    i.NMI_Handler       stm32f4xx_it.o
    0x08006c18   0x08006c18   0x00000020   Code   RO          726    i.NVIC_SetPriority  stm32f4xx_hal_cortex.o
    0x08006c38   0x08006c38   0x000000b4   Code   RO         4739    i.OTT2001A_Init     ott2001a.o
    0x08006cec   0x08006cec   0x00000060   Code   RO         4740    i.OTT2001A_RD_Reg   ott2001a.o
    0x08006d4c   0x08006d4c   0x00000174   Code   RO         4741    i.OTT2001A_Scan     ott2001a.o
    0x08006ec0   0x08006ec0   0x0000001e   Code   RO         4742    i.OTT2001A_SensorControl  ott2001a.o
    0x08006ede   0x08006ede   0x00000052   Code   RO         4743    i.OTT2001A_WR_Reg   ott2001a.o
    0x08006f30   0x08006f30   0x00000002   Code   RO          318    i.PendSV_Handler    stm32f4xx_it.o
    0x08006f32   0x08006f32   0x00000002   PAD
    0x08006f34   0x08006f34   0x00000048   Code   RO         5025    i.ProcessData       uart_dma.o
    0x08006f7c   0x08006f7c   0x00000060   Code   RO         4254    i.SDRAM_Init        sdram.o
    0x08006fdc   0x08006fdc   0x00000050   Code   RO         4255    i.SDRAM_Initialization_Sequence  sdram.o
    0x0800702c   0x0800702c   0x00000034   Code   RO         4256    i.SDRAM_Send_Cmd    sdram.o
    0x08007060   0x08007060   0x00000002   Code   RO          319    i.SVC_Handler       stm32f4xx_it.o
    0x08007062   0x08007062   0x00000002   PAD
    0x08007064   0x08007064   0x00000014   Code   RO         5026    i.StartUartRxDMA    uart_dma.o
    0x08007078   0x08007078   0x00000018   Code   RO         5027    i.StartUartTxDMA    uart_dma.o
    0x08007090   0x08007090   0x00000084   Code   RO         3884    i.Stm32_Clock_Init  sys.o
    0x08007114   0x08007114   0x00000004   Code   RO          320    i.SysTick_Handler   stm32f4xx_it.o
    0x08007118   0x08007118   0x00000054   Code   RO          410    i.SystemInit        system_stm32f4xx.o
    0x0800716c   0x0800716c   0x00000178   Code   RO         4791    i.TP_Adj_Info_Show  touch.o
    0x080072e4   0x080072e4   0x0000056c   Code   RO         4792    i.TP_Adjust         touch.o
    0x08007850   0x08007850   0x00000070   Code   RO         4794    i.TP_Drow_Touch_Point  touch.o
    0x080078c0   0x080078c0   0x0000008c   Code   RO         4795    i.TP_Get_Adjdata    touch.o
    0x0800794c   0x0800794c   0x0000014c   Code   RO         4796    i.TP_Init           touch.o
    0x08007a98   0x08007a98   0x0000008c   Code   RO         4797    i.TP_Read_AD        touch.o
    0x08007b24   0x08007b24   0x00000060   Code   RO         4798    i.TP_Read_XOY       touch.o
    0x08007b84   0x08007b84   0x00000028   Code   RO         4799    i.TP_Read_XY        touch.o
    0x08007bac   0x08007bac   0x0000007c   Code   RO         4800    i.TP_Read_XY2       touch.o
    0x08007c28   0x08007c28   0x00000078   Code   RO         4801    i.TP_Save_Adjdata   touch.o
    0x08007ca0   0x08007ca0   0x000000c0   Code   RO         4802    i.TP_Scan           touch.o
    0x08007d60   0x08007d60   0x00000048   Code   RO         4803    i.TP_Write_Byte     touch.o
    0x08007da8   0x08007da8   0x0000001e   Code   RO         1261    i.UART_DMAError     stm32f4xx_hal_uart.o
    0x08007dc6   0x08007dc6   0x00000034   Code   RO         1262    i.UART_DMAReceiveCplt  stm32f4xx_hal_uart.o
    0x08007dfa   0x08007dfa   0x0000000a   Code   RO         1263    i.UART_DMARxHalfCplt  stm32f4xx_hal_uart.o
    0x08007e04   0x08007e04   0x0000002e   Code   RO         1264    i.UART_DMATransmitCplt  stm32f4xx_hal_uart.o
    0x08007e32   0x08007e32   0x0000000a   Code   RO         1265    i.UART_DMATxHalfCplt  stm32f4xx_hal_uart.o
    0x08007e3c   0x08007e3c   0x000000a6   Code   RO         1266    i.UART_Receive_IT   stm32f4xx_hal_uart.o
    0x08007ee2   0x08007ee2   0x00000002   PAD
    0x08007ee4   0x08007ee4   0x00000174   Code   RO         1267    i.UART_SetConfig    stm32f4xx_hal_uart.o
    0x08008058   0x08008058   0x00000066   Code   RO         1268    i.UART_Transmit_IT  stm32f4xx_hal_uart.o
    0x080080be   0x080080be   0x00000092   Code   RO         1269    i.UART_WaitOnFlagUntilTimeout  stm32f4xx_hal_uart.o
    0x08008150   0x08008150   0x00000020   Code   RO          321    i.USART3_IRQHandler  stm32f4xx_it.o
    0x08008170   0x08008170   0x00000020   Code   RO         5030    i.UartRxData        uart_dma.o
    0x08008190   0x08008190   0x0000002c   Code   RO         5031    i.UartTxData        uart_dma.o
    0x080081bc   0x080081bc   0x00000002   Code   RO          322    i.UsageFault_Handler  stm32f4xx_it.o
    0x080081be   0x080081be   0x00000002   PAD
    0x080081c0   0x080081c0   0x00000020   Code   RO         5514    i.__0printf         mc_w.l(printfa.o)
    0x080081e0   0x080081e0   0x00000008   Code   RO         5587    i.__aeabi_errno_addr  mc_w.l(errno.o)
    0x080081e8   0x080081e8   0x0000007a   Code   RO         5258    i.__hardfp_sqrt     m_wm.l(sqrt.o)
    0x08008262   0x08008262   0x0000000e   Code   RO         5639    i.__scatterload_copy  mc_w.l(handlers.o)
    0x08008270   0x08008270   0x00000002   Code   RO         5640    i.__scatterload_null  mc_w.l(handlers.o)
    0x08008272   0x08008272   0x0000000e   Code   RO         5641    i.__scatterload_zeroinit  mc_w.l(handlers.o)
    0x08008280   0x08008280   0x0000000c   Code   RO         5589    i.__set_errno       mc_w.l(errno.o)
    0x0800828c   0x0800828c   0x00000184   Code   RO         5521    i._fp_digits        mc_w.l(printfa.o)
    0x08008410   0x08008410   0x000006dc   Code   RO         5522    i._printf_core      mc_w.l(printfa.o)
    0x08008aec   0x08008aec   0x00000024   Code   RO         5523    i._printf_post_padding  mc_w.l(printfa.o)
    0x08008b10   0x08008b10   0x0000002e   Code   RO         5524    i._printf_pre_padding  mc_w.l(printfa.o)
    0x08008b3e   0x08008b3e   0x00000002   PAD
    0x08008b40   0x08008b40   0x00000014   Code   RO         3845    i.delay_init        delay.o
    0x08008b54   0x08008b54   0x0000001a   Code   RO         3846    i.delay_ms          delay.o
    0x08008b6e   0x08008b6e   0x00000002   PAD
    0x08008b70   0x08008b70   0x00000034   Code   RO         3847    i.delay_us          delay.o
    0x08008ba4   0x08008ba4   0x0000001c   Code   RO         3915    i.fputc             usart.o
    0x08008bc0   0x08008bc0   0x000000b4   Code   RO            4    i.main              main.o
    0x08008c74   0x08008c74   0x000000d8   Code   RO         4988    i.str2double        numandstr.o
    0x08008d4c   0x08008d4c   0x00000044   Code   RO         4989    i.str2int           numandstr.o
    0x08008d90   0x08008d90   0x00000010   Data   RO         1105    .constdata          stm32f4xx_hal_rcc.o
    0x08008da0   0x08008da0   0x00000008   Data   RO         1698    .constdata          stm32f4xx_hal_dma.o
    0x08008da8   0x08008da8   0x00004740   Data   RO         4057    .constdata          lcd.o
    0x0800d4e8   0x0800d4e8   0x00000014   Data   RO         4642    .constdata          ft5206.o
    0x0800d4fc   0x0800d4fc   0x000000c2   Data   RO         4692    .constdata          gt9147.o
    0x0800d5be   0x0800d5be   0x0000000a   Data   RO         4744    .constdata          ott2001a.o
    0x0800d5c8   0x0800d5c8   0x00000004   Data   RO         4804    .constdata          touch.o
    0x0800d5cc   0x0800d5cc   0x00000081   Data   RO         5606    .constdata          mc_w.l(ctype_o.o)
    0x0800d64d   0x0800d64d   0x00000003   PAD
    0x0800d650   0x0800d650   0x00000004   Data   RO         5607    .constdata          mc_w.l(ctype_o.o)
    0x0800d654   0x0800d654   0x00000079   Data   RO         4805    .conststring        touch.o
    0x0800d6cd   0x0800d6cd   0x00000003   PAD
    0x0800d6d0   0x0800d6d0   0x00000020   Data   RO         5637    Region$$Table       anon$$obj.o


    Execution Region RW_IRAM1 (Exec base: 0x20000000, Load base: 0x0800d6f0, Size: 0x00000850, Max: 0x00030000, ABSOLUTE)

    Exec Addr    Load Addr    Size         Type   Attr      Idx    E Section Name        Object

    0x20000000   0x0800d6f0   0x00000004   Data   RW            5    .data               main.o
    0x20000004   0x0800d6f4   0x00000014   Data   RW          411    .data               system_stm32f4xx.o
    0x20000018   0x0800d708   0x00000004   Data   RW          575    .data               stm32f4xx_hal.o
    0x2000001c   0x0800d70c   0x00000004   Data   RW         3848    .data               delay.o
    0x20000020   0x0800d710   0x00000008   Data   RW         4058    .data               lcd.o
    0x20000028   0x0800d718   0x00000008   Data   RW         4329    .data               ltdc.o
    0x20000030   0x0800d720   0x00000007   Data   RW         4643    .data               ft5206.o
    0x20000037   0x0800d727   0x00000001   Data   RW         4693    .data               gt9147.o
    0x20000038   0x0800d728   0x00000001   Data   RW         4745    .data               ott2001a.o
    0x20000039   0x0800d729   0x00000003   PAD
    0x2000003c   0x0800d72c   0x0000004c   Data   RW         4806    .data               touch.o
    0x20000088   0x0800d778   0x00000001   Data   RW         4911    .data               screen_app.o
    0x20000089   0x0800d779   0x00000007   PAD
    0x20000090   0x0800d780   0x00000028   Data   RW         5033    .data               uart_dma.o
    0x200000b8   0x0800d7a8   0x00000004   Data   RW         5576    .data               mc_w.l(stdout.o)
    0x200000bc   0x0800d7ac   0x00000004   Data   RW         5590    .data               mc_w.l(errno.o)
    0x200000c0        -       0x00000130   Zero   RW         3916    .bss                usart.o
    0x200001f0        -       0x0000005e   Zero   RW         4056    .bss                lcd.o
    0x2000024e   0x0800d7b0   0x00000002   PAD
    0x20000250        -       0x00000034   Zero   RW         4257    .bss                sdram.o
    0x20000284        -       0x000000c8   Zero   RW         4327    .bss                ltdc.o
    0x2000034c        -       0x00000100   Zero   RW         5032    .bss                uart_dma.o
    0x2000044c   0x0800d7b0   0x00000004   PAD
    0x20000450        -       0x00000400   Zero   RW          542    STACK               startup_stm32f429xx.o



  Load Region LR$$.ARM.__AT_0xC0000000 (Base: 0xc0000000, Size: 0x00000000, Max: 0x001f4000, ABSOLUTE)

    Execution Region ER$$.ARM.__AT_0xC0000000 (Exec base: 0xc0000000, Load base: 0xc0000000, Size: 0x001f4000, Max: 0x001f4000, ABSOLUTE, UNINIT)

    Exec Addr    Load Addr    Size         Type   Attr      Idx    E Section Name        Object

    0xc0000000        -       0x001f4000   Zero   RW         4326    .ARM.__AT_0xC0000000  ltdc.o


==============================================================================

Image component sizes


      Code (inc. data)   RO Data    RW Data    ZI Data      Debug   Object Name

       216          0          0          0          0       3289   24cxx.o
       108         14          0          0          0       1432   beep.o
       712        118          0          0          0       5613   ctiic.o
        98          8          0          4          0       2007   delay.o
        60          4          0          0          0        842   dma.o
      1110         68         20          7          0       4641   ft5206.o
        60          6          0          0          0        903   gpio.o
      1082         80        194          1          0       5022   gt9147.o
        96         14          0          0          0        971   key.o
     11542        190      18240          8         94      23484   lcd.o
        76          8          0          0          0        895   led.o
      1394        118          0          8    2048200       9612   ltdc.o
       180         34          0          4          0     408900   main.o
       616         76          0          0          0       5130   myiic.o
       284         10          0          0          0       2315   numandstr.o
       760         64         10          1          0       4699   ott2001a.o
       468         76          0          1          0       2420   screen_app.o
       448         46          0          0         52       3502   sdram.o
        36          8        428          0       1024        828   startup_stm32f429xx.o
        80         24          0          0          0       2050   status_transmit.o
       144         16          0          4          0       4840   stm32f4xx_hal.o
       218         14          0          0          0      31005   stm32f4xx_hal_cortex.o
       780         16          8          0          0       5435   stm32f4xx_hal_dma.o
       496         54          0          0          0       3375   stm32f4xx_hal_gpio.o
       856          4          0          0          0       4845   stm32f4xx_hal_ltdc.o
       136         14          0          0          0       1332   stm32f4xx_hal_pwr_ex.o
      1572         72         16          0          0       6487   stm32f4xx_hal_rcc.o
       680         36          0          0          0       1704   stm32f4xx_hal_rcc_ex.o
       146          0          0          0          0       2788   stm32f4xx_hal_sdram.o
        86          0          0          0          0       1248   stm32f4xx_hal_sram.o
      1908         34          0          0          0      15383   stm32f4xx_hal_uart.o
        76         16          0          0          0       5606   stm32f4xx_it.o
       560         20          0          0          0       6104   stm32f4xx_ll_fmc.o
       132         10          0          0          0       1171   sys.o
        84         18          0         20          0       1085   system_stm32f4xx.o
      3132        246        125         76          0      11633   touch.o
       366         66          0         40        256       6471   uart_dma.o
       392         48          0          0        304       3229   usart.o

    ----------------------------------------------------------------------
     31226       1650      19076        184    2049936     602296   Object Totals
         0          0         32          0          0          0   (incl. Generated)
        36          0          3         10          6          0   (incl. Padding)

    ----------------------------------------------------------------------

      Code (inc. data)   RO Data    RW Data    ZI Data      Debug   Library Member Name

       122          0          0          0          0        148   sqrt.o
        28          0          0          0          0         68   _chval.o
       158          0          0          0          0         92   _strtoul.o
        26          0          0          0          0         80   atoi.o
         8          4        133          0          0         68   ctype_o.o
         0          0          0          0          0          0   entry.o
         0          0          0          0          0          0   entry10a.o
         0          0          0          0          0          0   entry11a.o
         8          4          0          0          0          0   entry2.o
         4          0          0          0          0          0   entry5.o
         0          0          0          0          0          0   entry7b.o
         0          0          0          0          0          0   entry8b.o
         8          4          0          0          0          0   entry9a.o
        20         10          0          4          0        136   errno.o
        30          0          0          0          0          0   handlers.o
        36          8          0          0          0         68   init.o
         0          0          0          0          0          0   iusefp.o
        30          0          0          0          0         68   llshl.o
        36          0          0          0          0         68   llsshr.o
        32          0          0          0          0         68   llushr.o
        36          0          0          0          0         68   memcpya.o
        36          0          0          0          0        108   memseta.o
      2258         90          0          0          0        452   printfa.o
         0          0          0          4          0          0   stdout.o
        28          0          0          0          0         76   strcmp.o
       112          0          0          0          0         88   strtol.o
        44          0          0          0          0         80   uidiv.o
        98          0          0          0          0         92   uldiv.o
        48          0          0          0          0         68   cdcmple.o
        48          0          0          0          0         68   cdrcmple.o
       334          0          0          0          0        148   dadd.o
       222          0          0          0          0        100   ddiv.o
       186          0          0          0          0        176   depilogue.o
        50          0          0          0          0         76   dfixui.o
        48          0          0          0          0         68   dfixul.o
        34          0          0          0          0         76   dflti.o
        26          0          0          0          0         76   dfltui.o
       228          0          0          0          0         96   dmul.o
       162          0          0          0          0        100   dsqrt.o
        38          0          0          0          0         68   f2d.o

    ----------------------------------------------------------------------
      4586        120        136          8          0       2948   Library Totals
         4          0          3          0          0          0   (incl. Padding)

    ----------------------------------------------------------------------

      Code (inc. data)   RO Data    RW Data    ZI Data      Debug   Library Name

       122          0          0          0          0        148   m_wm.l
      3036        120        133          8          0       1680   mc_w.l
      1424          0          0          0          0       1120   mf_w.l

    ----------------------------------------------------------------------
      4586        120        136          8          0       2948   Library Totals

    ----------------------------------------------------------------------

==============================================================================


      Code (inc. data)   RO Data    RW Data    ZI Data      Debug   

     35812       1770      19212        192    2049936     585492   Grand Totals
     35812       1770      19212        192    2049936     585492   ELF Image Totals
     35812       1770      19212        192          0          0   ROM Totals

==============================================================================

    Total RO  Size (Code + RO Data)                55024 (  53.73kB)
    Total RW  Size (RW Data + ZI Data)           2050128 (2002.08kB)
    Total ROM Size (Code + RO Data + RW Data)      55216 (  53.92kB)

==============================================================================

